Copyright 1986-2022 Xilinx, Inc. All Rights Reserved. Copyright 2022-2023 Advanced Micro Devices, Inc. All Rights Reserved.
--------------------------------------------------------------------------------------------------------------------------------------------------------------------
| Tool Version : Vivado v.2023.2 (lin64) Build 4029153 Fri Oct 13 20:13:54 MDT 2023
| Date         : Sat Sep  5 17:26:48 2026
| Host         : tsmc184 running 64-bit Ubuntu 22.04.5 LTS
| Command      : report_design_analysis -congestion -file /mnt/data/wzr/13p/ov7670/sixteen_camera/reports/video_timing_refactor/P0/reported_baseline/congestion.rpt
| Design       : top_wrapper
| Device       : xcvu13p
| Design State : Routed
--------------------------------------------------------------------------------------------------------------------------------------------------------------------

Report Design Analysis

Table of Contents
-----------------
1. Placer Final Level Congestion Reporting
2. Router Initial Congestion
3. SLR Net Crossing Reporting

1. Placer Final Level Congestion Reporting
------------------------------------------

+-----------+-------+-------+---------------------------------+---------------+---------------+-----+--------+------+------+------+------+-----+-------+-----+-------------------------------------------------------------------------------------------------------------------------------+
| Direction |  Type | Level |              Window             | Combined LUTs | Avg LUT Input | LUT | LUTRAM | Flop | MUXF | RAMB | URAM | DSP | CARRY | SRL |                                                           Cell Names                                                          |
+-----------+-------+-------+---------------------------------+---------------+---------------+-----+--------+------+------+------+------+-----+-------+-----+-------------------------------------------------------------------------------------------------------------------------------+
| West      | Short |     5 | (CLEL_R_X37Y381,CLEL_R_X52Y412) |           10% |         2.986 | 54% | 2%     |  27% |   8% | 100% | NA   | 0%  |    8% |  0% | u_ddr_memory/u_video_framebuffer/u_writer(60%),u_ddr_memory/u_video_framebuffer/u_manager(14%),u_camera_hdmi/u_hdmi/u_rx(10%) |
+-----------+-------+-------+---------------------------------+---------------+---------------+-----+--------+------+------+------+------+-----+-------+-----+-------------------------------------------------------------------------------------------------------------------------------+


2. Router Initial Congestion
----------------------------

+-----------+-------+-------+-------------------------------+---------------+---------------+-----+--------+------+------+------+------+-----+-------+-----+-----------------------------------------------------------------------------------------------------------------------------------------------------------------+---------------------------------------------------------------------------------------------------------------------------------------------------------------------------------------------------------------------------------------------------------------------------------------+
| Direction |  Type | Level |             Window            | Combined LUTs | Avg LUT Input | LUT | LUTRAM | Flop | MUXF | RAMB | URAM | DSP | CARRY | SRL |                                                                            Cell Names                                                                           |                                                                                                                                      Sub Windows                                                                                                                                      |
+-----------+-------+-------+-------------------------------+---------------+---------------+-----+--------+------+------+------+------+-----+-------+-----+-----------------------------------------------------------------------------------------------------------------------------------------------------------------+---------------------------------------------------------------------------------------------------------------------------------------------------------------------------------------------------------------------------------------------------------------------------------------+
| West      | Long  |     5 | (CLEL_R_X38Y388,CLEM_X69Y411) |           19% |         4.809 | 66% |     1% |  33% |   9% | 100% |   0% |  0% |   20% |  0% | u_ddr_memory/u_video_framebuffer/u_manager(39%),u_ddr_memory/u_video_framebuffer/u_writer(36%),u_ddr_memory/u_video_framebuffer/u_control(16%)                  | (CLEL_R_X38Y396,CLEM_X45Y403), (CLEL_R_X38Y388,CLEM_X45Y395), (CLEM_X46Y396,CLEL_R_X53Y403), (CLEM_X46Y388,CLEL_R_X53Y395), (CLEM_X54Y396,CLEL_R_X61Y403), (CLEM_X54Y388,CLEL_R_X61Y395), (CLEM_X62Y404,CLEL_R_X69Y411), (CLEM_X62Y396,CLEL_R_X69Y403), (CLEM_X62Y388,CLEL_R_X69Y395) |
| West      | Long  |     5 | (CLEL_R_X38Y396,CLEM_X69Y411) |           19% |         5.266 | 60% |     0% |  30% |   9% | 100% |   0% |  0% |   13% |  0% | u_ddr_memory/u_video_framebuffer/u_writer(38%),u_ddr_memory/u_video_framebuffer/u_manager(37%),u_ddr_memory/u_video_framebuffer/u_control(10%)                  | (CLEL_R_X38Y396,CLEL_R_X53Y411), (CLEM_X54Y396,CLEL_R_X69Y411)                                                                                                                                                                                                                        |
| East      | Short |     5 | (CLEM_X48Y343,CLEM_X63Y374)   |            2% |         5.801 | 40% |     2% |  72% |  10% |  91% |   NA |  0% |    7% |  0% | u_ddr_memory/u_video_framebuffer/u_reader/u_detection_overlay(85%),u_ddr_memory/u_video_framebuffer/u_reader(4%),u_ddr_memory/u_video_framebuffer/u_control(3%) | (CLEM_X48Y359,CLEL_R_X63Y374), (CLEM_X48Y343,CLEL_R_X63Y358)                                                                                                                                                                                                                          |
+-----------+-------+-------+-------------------------------+---------------+---------------+-----+--------+------+------+------+------+-----+-------+-----+-----------------------------------------------------------------------------------------------------------------------------------------------------------------+---------------------------------------------------------------------------------------------------------------------------------------------------------------------------------------------------------------------------------------------------------------------------------------+


3. SLR Net Crossing Reporting
-----------------------------

+----------------------------------+-----------------------------+-------------+-------------+-------------+-------------+-------------+-------------+
|            Cell Names            | Number of Nets crossing SLR | 0 - 1 Cuts  | 0 - 2 Cuts  | 0 - 3 Cuts  | 1 - 2 Cuts  | 1 - 3 Cuts  | 2 - 3 Cuts  |
+----------------------------------+-----------------------------+-------------+-------------+-------------+-------------+-------------+-------------+
| c0_init_calib_complete_OBUF_inst | 1                           | 1           | 0           | 0           | 0           | 0           | 0           |
| dbg_hub                          | 5                           | 5           | 0           | 0           | 0           | 0           | 0           |
| g_ov7670_io[0].u_pwdn_iobuf      | 1                           | 0           | 0           | 0           | 0           | 0           | 1           |
| g_ov7670_io[0].u_reset_n_iobuf   | 1                           | 0           | 0           | 0           | 0           | 0           | 1           |
| g_ov7670_io[0].u_scl_iobuf       | 1                           | 0           | 0           | 0           | 0           | 0           | 1           |
| g_ov7670_io[0].u_xclk_iobuf      | 1                           | 0           | 0           | 0           | 0           | 0           | 1           |
| g_ov7670_io[1].u_pwdn_iobuf      | 1                           | 0           | 0           | 0           | 0           | 0           | 1           |
| g_ov7670_io[1].u_reset_n_iobuf   | 1                           | 0           | 0           | 0           | 0           | 0           | 1           |
| g_ov7670_io[1].u_scl_iobuf       | 1                           | 0           | 0           | 0           | 0           | 0           | 1           |
| g_ov7670_io[1].u_xclk_iobuf      | 1                           | 0           | 0           | 0           | 0           | 0           | 1           |
| g_ov7670_io[2].u_pwdn_iobuf      | 1                           | 0           | 0           | 0           | 0           | 0           | 1           |
| g_ov7670_io[2].u_reset_n_iobuf   | 1                           | 0           | 0           | 0           | 0           | 0           | 1           |
| g_ov7670_io[2].u_scl_iobuf       | 1                           | 0           | 0           | 0           | 0           | 0           | 1           |
| g_ov7670_io[2].u_xclk_iobuf      | 1                           | 0           | 0           | 0           | 0           | 0           | 1           |
| g_ov7670_io[3].u_pwdn_iobuf      | 1                           | 0           | 0           | 0           | 0           | 0           | 1           |
| g_ov7670_io[3].u_reset_n_iobuf   | 1                           | 0           | 0           | 0           | 0           | 0           | 1           |
| g_ov7670_io[3].u_scl_iobuf       | 1                           | 0           | 0           | 0           | 0           | 0           | 1           |
| g_ov7670_io[3].u_xclk_iobuf      | 1                           | 0           | 0           | 0           | 0           | 0           | 1           |
| g_ov7670_io[4].u_pwdn_iobuf      | 1                           | 0           | 0           | 0           | 1           | 0           | 0           |
| g_ov7670_io[4].u_reset_n_iobuf   | 1                           | 0           | 0           | 0           | 1           | 0           | 0           |
| g_ov7670_io[4].u_scl_iobuf       | 1                           | 0           | 0           | 0           | 1           | 0           | 0           |
| g_ov7670_io[4].u_xclk_iobuf      | 1                           | 0           | 0           | 0           | 1           | 0           | 0           |
| g_ov7670_io[5].u_pwdn_iobuf      | 1                           | 0           | 0           | 0           | 1           | 0           | 0           |
| g_ov7670_io[5].u_reset_n_iobuf   | 1                           | 0           | 0           | 0           | 1           | 0           | 0           |
| g_ov7670_io[5].u_scl_iobuf       | 1                           | 0           | 0           | 0           | 1           | 0           | 0           |
| g_ov7670_io[5].u_xclk_iobuf      | 1                           | 0           | 0           | 0           | 1           | 0           | 0           |
| g_ov7670_io[7].u_pwdn_iobuf      | 1                           | 0           | 0           | 0           | 1           | 0           | 0           |
| g_ov7670_io[7].u_reset_n_iobuf   | 1                           | 0           | 0           | 0           | 1           | 0           | 0           |
| g_ov7670_io[7].u_scl_iobuf       | 1                           | 0           | 0           | 0           | 1           | 0           | 0           |
| g_ov7670_io[7].u_xclk_iobuf      | 1                           | 0           | 0           | 0           | 1           | 0           | 0           |
| si5338_scl1_OBUF_inst            | 1                           | 1           | 0           | 0           | 0           | 0           | 0           |
| si5338_scl2_OBUF_inst            | 1                           | 1           | 0           | 0           | 0           | 0           | 0           |
| si5338_sda1_IOBUF_inst           | 2                           | 2           | 0           | 0           | 0           | 0           | 0           |
| si5338_sda2_IOBUF_inst           | 2                           | 2           | 0           | 0           | 0           | 0           | 0           |
| u_camera_hdmi                    | 699                         | 0           | 1           | 0           | 583         | 3           | 112         |
| u_camera_hdmi/u_camera_subsystem | 102                         | 0           | 0           | 0           | 98          | 0           | 4           |
| u_camera_hdmi/u_hdmi             | 1                           | 0           | 0           | 0           | 1           | 0           | 0           |
| u_control_soc                    | 6                           | 4           | 0           | 0           | 2           | 0           | 0           |
| u_ddr_memory                     | 238                         | 11          | 0           | 0           | 226         | 1           | 0           |
| u_ddr_memory/u_ddr_bd            | 1179                        | 1179        | 0           | 0           | 0           | 0           | 0           |
| u_ddr_memory/u_ddr_bd/design_1_i | 5                           | 5           | 0           | 0           | 0           | 0           | 0           |
| uart_txd_OBUF_inst               | 1                           | 1           | 0           | 0           | 0           | 0           | 0           |
+----------------------------------+-----------------------------+-------------+-------------+-------------+-------------+-------------+-------------+


