Copyright 1986-2022 Xilinx, Inc. All Rights Reserved. Copyright 2022-2023 Advanced Micro Devices, Inc. All Rights Reserved.
-------------------------------------------------------------------------------------------------------------------------------------------------------------------------
| Tool Version      : Vivado v.2023.2 (lin64) Build 4029153 Fri Oct 13 20:13:54 MDT 2023
| Date              : Sat Sep  5 17:26:36 2026
| Host              : tsmc184 running 64-bit Ubuntu 22.04.5 LTS
| Command           : report_exceptions -ignored -file /mnt/data/wzr/13p/ov7670/sixteen_camera/reports/video_timing_refactor/P0/reported_baseline/exceptions_ignored.rpt
| Design            : top_wrapper
| Device            : xcvu13p-fhga2104
| Speed File        : -2  PRODUCTION 1.28 03-30-2022
| Design State      : Routed
| Temperature Grade : I
-------------------------------------------------------------------------------------------------------------------------------------------------------------------------

Exceptions Report

Position  From                                                                              Through                                                         To                                                                                Setup           Hold            Status                           
--------  --------------------------------------------------------------------------------  --------------------------------------------------------------  --------------------------------------------------------------------------------  --------------  --------------  ---------------------------------
30        [get_pins */input_rst_design_reg/C]                                               *                                                               [get_pins {*/rst_div_sync_r_reg[0]/D}]                                            false           false           Non-existent path                
31        [get_pins */input_rst_design_reg/C]                                               *                                                               [get_pins {*/rst_riu_sync_r_reg[0]/D}]                                            false           false           Non-existent path                
32        [get_pins */input_rst_design_reg/C]                                               *                                                               [get_pins {*/rst_mb_sync_r_reg[0]/D}]                                             false           false           Non-existent path                
36        *                                                                                 [get_ports -scoped_to_current_instance SYS_Rst]                 *                                                                                 false           false           Non-existent path                
37        *                                                                                 [get_ports -scoped_to_current_instance SYS_Rst]                 *                                                                                 false           false           Non-existent path                
99        *                                                                                 *                                                               [get_pins -filter REF_PIN_NAME=~*D -of_objects [get_cells -hierarchical -filter   false           false           Invalid endpoint                 
                                                                                                                                                            {NAME =~ *reset_synchronizer*inst/rst_in_meta*}]]                                                                 
129       [get_pins -hierarchical -filter {NAME =~ *dvp_data_iob_reg*/C || NAME =~ *dvp_hr  *                                                               [get_pins -hierarchical -filter {NAME =~ *dvp_data_sync_reg*/D || NAME =~ *dvp_h  max_dpo=1.5     -               Totally overridden path by FP 131
          ef_iob_reg/C || NAME =~ *dvp_vsync_iob_reg/C || NAME =~ *dvp_pclk_iob_reg/C}]                                                                     ref_sync_reg/D || NAME =~ *dvp_vsync_sync_reg/D || NAME =~ *dvp_pclk_sync_reg/D}                                  
                                                                                                                                                            ]                                                                                                                 
130       *                                                                                 *                                                               [get_pins -hierarchical -filter {NAME =~ *dvp_data_sync_reg*/D || NAME =~ *dvp_h  false           false           Totally overridden path by FP 131
                                                                                                                                                            ref_sync_reg*/D || NAME =~ *dvp_vsync_sync_reg*/D || NAME =~ *dvp_pclk_sync_reg*                                  
                                                                                                                                                            /D}]                                                                                                              
205       *                                                                                 *                                                               [get_cells {syncstages_ff_reg[0][*]}]                                             false           false           Non-existent path                
366       *                                                                                 [get_ports -scoped_to_current_instance -no_traverse src_arst]   *                                                                                 false           false           Totally overridden path by FP 166
367       *                                                                                 [get_ports -scoped_to_current_instance -no_traverse src_arst]   *                                                                                 false           false           Totally overridden path by FP 166
368       *                                                                                 [get_ports -scoped_to_current_instance -no_traverse src_arst]   *                                                                                 false           false           Totally overridden path by FP 166
369       *                                                                                 [get_ports -scoped_to_current_instance -no_traverse src_arst]   *                                                                                 false           false           Totally overridden path by FP 166
370       *                                                                                 [get_ports -scoped_to_current_instance -no_traverse src_arst]   *                                                                                 false           false           Totally overridden path by FP 166
371       *                                                                                 [get_ports -scoped_to_current_instance -no_traverse src_arst]   *                                                                                 false           false           Totally overridden path by FP 166
372       *                                                                                 [get_ports -scoped_to_current_instance -no_traverse src_arst]   *                                                                                 false           false           Totally overridden path by FP 166
373       *                                                                                 [get_ports -scoped_to_current_instance -no_traverse src_arst]   *                                                                                 false           false           Non-existent path                
374       *                                                                                 [get_ports -scoped_to_current_instance -no_traverse src_arst]   *                                                                                 false           false           Totally overridden path by FP 170
375       *                                                                                 [get_ports -scoped_to_current_instance -no_traverse src_arst]   *                                                                                 false           false           Totally overridden path by FP 171
376       *                                                                                 [get_ports -scoped_to_current_instance -no_traverse src_arst]   *                                                                                 false           false           Totally overridden path by FP 166
558       *                                                                                 *                                                               [get_cells {syncstages_ff_reg[0]}]                                                false           false           Non-existent path                
559       *                                                                                 *                                                               [get_cells {syncstages_ff_reg[0]}]                                                false           false           Non-existent path                
560       *                                                                                 *                                                               [get_cells {syncstages_ff_reg[0]}]                                                false           false           Non-existent path                
659       *                                                                                 *                                                               [get_cells {syncstages_ff_reg[0]}]                                                false           false           Non-existent path                
685       *                                                                                 *                                                               [get_cells {syncstages_ff_reg[0]}]                                                false           false           Non-existent path                
686       *                                                                                 *                                                               [get_cells {syncstages_ff_reg[0]}]                                                false           false           Non-existent path                
694       *                                                                                 *                                                               [get_cells {syncstages_ff_reg[0]}]                                                false           false           Non-existent path                
695       *                                                                                 *                                                               [get_cells {syncstages_ff_reg[0]}]                                                false           false           Non-existent path                
703       *                                                                                 *                                                               [get_cells {syncstages_ff_reg[0]}]                                                false           false           Non-existent path                
708       *                                                                                 *                                                               [get_cells {syncstages_ff_reg[0]}]                                                false           false           Non-existent path                
710       *                                                                                 *                                                               [get_cells {syncstages_ff_reg[0]}]                                                false           false           Non-existent path                
733       *                                                                                 *                                                               [get_cells {syncstages_ff_reg[0]}]                                                false           false           Non-existent path                
741       *                                                                                 *                                                               [get_cells {syncstages_ff_reg[0]}]                                                false           false           Non-existent path                
742       *                                                                                 *                                                               [get_cells {syncstages_ff_reg[0]}]                                                false           false           Non-existent path                

