Copyright 1986-2022 Xilinx, Inc. All Rights Reserved. Copyright 2022-2023 Advanced Micro Devices, Inc. All Rights Reserved.
---------------------------------------------------------------------------------------------------------------------------------------------------------------------------
| Tool Version      : Vivado v.2023.2 (lin64) Build 4029153 Fri Oct 13 20:13:54 MDT 2023
| Date              : Sat Sep  5 17:26:31 2026
| Host              : tsmc184 running 64-bit Ubuntu 22.04.5 LTS
| Command           : report_exceptions -coverage -file /mnt/data/wzr/13p/ov7670/sixteen_camera/reports/video_timing_refactor/P0/reported_baseline/exceptions_coverage.rpt
| Design            : top_wrapper
| Device            : xcvu13p-fhga2104
| Speed File        : -2  PRODUCTION 1.28 03-30-2022
| Design State      : Routed
| Temperature Grade : I
---------------------------------------------------------------------------------------------------------------------------------------------------------------------------

Exceptions Report

Position  Type                     Setup           Hold   From      Through   To          Endpoints  From (%)  Through (%)  To (%)
--------  -----------------------  --------------  -----  --------  --------  ----------  ---------  --------  -----------  ------
1         False Path               false           false                      1 pins      1                                 100.00
2         False Path               false           false                      2 pins      1                                 50.00
4         False Path               -               false                      138 pins    138                               100.00
5         False Path               -               false                      368 pins    368                               100.00
6         Max Delay Datapath Only  max_dpo=5       -      1 pins              1 pins      1          100.00                 100.00
7         Max Delay Datapath Only  max_dpo=5       -      32 pins             32 pins     32         100.00                 100.00
8         Max Delay Datapath Only  max_dpo=3       -      1 pins              1 pins      1          100.00                 100.00
9         Max Delay Datapath Only  max_dpo=3       -      1 pins              1 pins      1          100.00                 100.00
10        Max Delay Datapath Only  max_dpo=3       -      1 pins              1 pins      1          100.00                 100.00
11        Max Delay Datapath Only  max_dpo=3       -      1 pins              1 pins      1          100.00                 100.00
12        Max Delay Datapath Only  max_dpo=3       -      28 pins             32 pins     28         100.00                 87.50
13        Max Delay Datapath Only  max_dpo=3       -      32 pins             32 pins     32         100.00                 100.00
14        Max Delay Datapath Only  max_dpo=10      -      1 pins              1 pins      1          100.00                 100.00
15        Max Delay Datapath Only  max_dpo=10      -      20 pins             20 pins     20         100.00                 100.00
16        Max Delay Datapath Only  max_dpo=10      -      12 pins             20 pins     12         100.00                 60.00
17        Max Delay Datapath Only  max_dpo=10      -      11 pins             20 pins     11         100.00                 55.00
18        Max Delay Datapath Only  max_dpo=10      -      12 pins             20 pins     12         100.00                 60.00
19        Max Delay Datapath Only  max_dpo=10      -      11 pins             20 pins     11         100.00                 55.00
20        Max Delay Datapath Only  max_dpo=10      -      1 pins              1 pins      1          100.00                 100.00
21        Max Delay Datapath Only  max_dpo=3       -      1 pins              1 pins      1          100.00                 100.00
22        Max Delay Datapath Only  max_dpo=3       -      1 pins              1 pins      1          100.00                 100.00
23        Max Delay Datapath Only  max_dpo=3       -      1 pins              1 pins      1          100.00                 100.00
24        Max Delay Datapath Only  max_dpo=3       -      16 pins             16 pins     16         100.00                 100.00
25        Max Delay Datapath Only  max_dpo=3       -      9 pins              9 pins      9          100.00                 100.00
26        Max Delay Datapath Only  max_dpo=3       -      1 pins              1 pins      1          100.00                 100.00
27        Max Delay Datapath Only  max_dpo=12      -      1 pins              1 pins      1          100.00                 100.00
28        Max Delay Datapath Only  max_dpo=12      -      9 pins              9 pins      9          100.00                 100.00
29        False Path               false           false            1 pins                2                    100.00        
30        False Path               false           false  1 pins              1 pins      0          0.00                   0.00
31        False Path               false           false  1 pins              1 pins      0          0.00                   0.00
32        False Path               false           false  1 pins              1 pins      0          0.00                   0.00
33        False Path               false           false  1 pins              1 pins      1          100.00                 100.00
34        False Path               false           false  1 pins              1 pins      1          100.00                 100.00
35        False Path               false           false  1 pins              1 pins      1          100.00                 100.00
36        False Path               false           false            1 pins                0                    0.00          
37        False Path               false           false            1 pins                0                    0.00          
45        False Path               false           false  21 cells            18 cells    18         100.00                 33.33
46        False Path               false           false  5 cells             1 cells     1          20.00                  33.33
47        False Path               false           false  5 cells             1 cells     1          20.00                  33.33
49        False Path               false           false  21 cells            18 cells    18         100.00                 33.33
50        False Path               false           false  5 cells             1 cells     1          20.00                  33.33
51        False Path               false           false  5 cells             1 cells     1          20.00                  33.33
60        False Path               false           false  21 cells            18 cells    18         100.00                 33.33
61        False Path               false           false  5 cells             1 cells     1          20.00                  33.33
62        False Path               false           false  5 cells             1 cells     1          20.00                  33.33
64        False Path               false           false  21 cells            18 cells    18         100.00                 33.33
65        False Path               false           false  5 cells             1 cells     1          20.00                  33.33
66        False Path               false           false  5 cells             1 cells     1          20.00                  33.33
75        False Path               false           false  21 cells            18 cells    18         100.00                 33.33
76        False Path               false           false  5 cells             1 cells     1          20.00                  33.33
77        False Path               false           false  5 cells             1 cells     1          20.00                  33.33
79        False Path               false           false  21 cells            18 cells    18         100.00                 33.33
80        False Path               false           false  5 cells             1 cells     1          20.00                  33.33
81        False Path               false           false  5 cells             1 cells     1          20.00                  33.33
90        False Path               false           false  21 cells            18 cells    18         100.00                 33.33
91        False Path               false           false  5 cells             1 cells     1          20.00                  33.33
92        False Path               false           false  5 cells             1 cells     1          20.00                  33.33
94        False Path               false           false  21 cells            18 cells    18         100.00                 33.33
95        False Path               false           false  5 cells             1 cells     1          20.00                  33.33
96        False Path               false           false  5 cells             1 cells     1          20.00                  33.33
98        False Path               false           false                      47 cells    43                                14.18
99        False Path               false           false                      26 pins     0                                 0.00
100       False Path               false           false                      23 pins     23                                100.00
101       False Path               false           false                      23 pins     23                                100.00
102       False Path               false           false                      23 pins     23                                100.00
103       False Path               false           false                      23 pins     23                                100.00
104       False Path               false           false                      23 pins     23                                100.00
105       False Path               false           false                      3 pins      3                                 100.00
106       False Path               false           false                      3 pins      3                                 100.00
107       False Path               false           false                      3 pins      3                                 100.00
108       False Path               false           false                      3 pins      3                                 100.00
109       False Path               false           false                      3 pins      3                                 100.00
110       False Path               false           false            1 pins                1                    100.00        
111       False Path               false           false                      5 pins      5                                 100.00
124       False Path               false           false                      1 pins      1                                 100.00
125       False Path               false           false                      1 pins      1                                 100.00
126       False Path               false           false                      24 pins     24                                100.00
127       False Path               false           false                      1 pins      1                                 100.00
128       False Path               false           false                      88 pins     88                                100.00
129       Max Delay Datapath Only  max_dpo=1.5     -      88 pins             88 pins     88         100.00                 100.00
130       False Path               false           false                      88 pins     88                                100.00
131       False Path               false           false  176 pins            88 pins     88         50.00                  100.00
132       False Path               false           false                      96 pins     96                                100.00
133       False Path               false           false                      40 pins     8                                 20.00
134       False Path               false           false                      40 pins     40                                100.00
135       False Path               false           false                      264 pins    264                               100.00
136       False Path               false           false                      1 pins      1                                 100.00
137       False Path               false           false                      5 pins      5                                 100.00
138       False Path               false           false  1 clocks            7938 pins   2650       100.00                 33.38
139       False Path               false           false  1 clocks            256 pins    24         100.00                 9.38
166       False Path               false           false                      41 pins     41                                92.68
167       False Path               false           false                      2 cells     3                                 50.00
168       False Path               false           false                      2 cells     3                                 50.00
169       False Path               false           false                      8 pins      1                                 12.50
170       False Path               false           false  1 cells                         3          100.00                  
171       False Path               false           false  1 cells                         3          100.00                  
172       Max Delay Datapath Only  max_dpo=15      -      464 pins            688 pins    389        83.84                  56.54
173       False Path               false           false  32 cells                        231        100.00                  
174       False Path               false           false                      4 cells     4                                 33.33
175       Max Delay Datapath Only  max_dpo=3.367   -      1 clocks            219 cells   34         100.00                 5.18
176       Max Delay Datapath Only  max_dpo=10      -      1 clocks            2626 cells  42         100.00                 0.53
177       Max Delay Datapath Only  max_dpo=15      -      216 pins            301 pins    152        70.37                  50.50
178       False Path               false           false  32 cells                        419        100.00                  
179       False Path               false           false  3 cells                         3          100.00                  
180       False Path               false           false                      4 cells     4                                 33.33
181       False Path               false           false  808 pins  808 pins              808        100.00    100.00        
182       False Path               false           false  596 pins  596 pins              596        100.00    100.00        
183       False Path               false           false                      29 cells    29                                33.33
184       False Path               false           false                      29 cells    29                                33.33
185       False Path               false           false                      29 cells    29                                33.33
186       False Path               false           false                      29 cells    29                                33.33
187       False Path               false           false                      26 cells    26                                33.33
188       False Path               false           false                      26 cells    26                                33.33
189       False Path               false           false                      29 cells    29                                33.33
190       False Path               false           false                      18 cells    17                                31.48
191       False Path               false           false                      18 cells    17                                31.48
192       False Path               false           false                      18 cells    17                                31.48
193       False Path               false           false                      18 cells    17                                31.48
194       False Path               false           false                      18 cells    17                                31.48
195       False Path               false           false                      18 cells    17                                31.48
196       False Path               false           false                      18 cells    17                                31.48
197       False Path               false           false                      3 cells     3                                 33.33
198       False Path               false           false                      3 cells     3                                 33.33
199       False Path               false           false                      3 cells     3                                 33.33
200       False Path               false           false                      3 cells     3                                 33.33
201       False Path               false           false                      3 cells     3                                 33.33
202       False Path               false           false                      18 cells    18                                33.33
203       False Path               false           false                      18 cells    18                                33.33
204       False Path               false           false                      16 cells    16                                33.33
205       False Path               false           false                      18 cells    18                                0.00
206       False Path               false           false                      18 cells    18                                33.33
207       False Path               false           false                      4 cells     4                                 33.33
208       False Path               false           false                      4 cells     4                                 33.33
209       False Path               false           false                      4 cells     4                                 33.33
210       False Path               false           false                      4 cells     4                                 33.33
211       False Path               false           false                      4 cells     4                                 33.33
212       False Path               false           false                      4 cells     4                                 33.33
213       False Path               false           false                      4 cells     4                                 33.33
214       False Path               false           false                      4 cells     4                                 33.33
215       False Path               false           false                      5 cells     4                                 26.67
216       False Path               false           false                      5 cells     4                                 26.67
217       False Path               false           false                      5 cells     4                                 26.67
218       False Path               false           false                      5 cells     4                                 26.67
219       False Path               false           false                      2 cells     2                                 33.33
220       False Path               false           false                      2 cells     2                                 33.33
221       False Path               false           false                      2 cells     2                                 33.33
222       False Path               false           false                      2 cells     2                                 33.33
223       False Path               false           false                      2 cells     2                                 33.33
224       False Path               false           false                      2 cells     2                                 33.33
225       False Path               false           false                      2 cells     2                                 33.33
226       False Path               false           false                      2 cells     2                                 33.33
227       False Path               false           false                      129 cells   129                               33.33
228       False Path               false           false                      16 cells    16                                33.33
229       False Path               false           false                      4 cells     4                                 33.33
230       False Path               false           false                      256 cells   256                               33.33
231       False Path               false           false                      256 cells   170                               22.14
232       False Path               false           false                      224 cells   220                               32.74
233       False Path               false           false                      256 cells   256                               33.33
234       False Path               false           false                      224 cells   220                               32.74
235       False Path               false           false                      256 cells   256                               33.33
236       False Path               false           false                      224 cells   220                               32.74
237       False Path               false           false                      256 cells   256                               33.33
238       False Path               false           false                      224 cells   220                               32.74
239       False Path               false           false                      256 cells   256                               33.33
240       False Path               false           false                      224 cells   220                               32.74
241       False Path               false           false                      256 cells   256                               33.33
242       False Path               false           false                      224 cells   220                               32.74
243       False Path               false           false                      256 cells   256                               33.33
244       False Path               false           false                      224 cells   220                               32.74
245       False Path               false           false                      256 cells   256                               33.33
246       False Path               false           false                      224 cells   220                               32.74
247       False Path               false           false                      416 cells   393                               31.49
248       False Path               false           false                      416 cells   393                               31.49
249       False Path               false           false                      416 cells   393                               31.49
250       False Path               false           false                      416 cells   393                               31.49
251       False Path               false           false                      416 cells   393                               31.49
252       False Path               false           false                      416 cells   393                               31.49
253       False Path               false           false                      416 cells   393                               31.49
254       False Path               false           false                      416 cells   393                               31.49
255       False Path               false           false                      128 cells   128                               33.33
256       False Path               false           false                      128 cells   128                               33.33
257       False Path               false           false                      128 cells   128                               33.33
258       False Path               false           false                      128 cells   128                               33.33
259       False Path               false           false                      128 cells   128                               33.33
260       False Path               false           false                      128 cells   128                               33.33
261       False Path               false           false                      128 cells   128                               33.33
262       False Path               false           false                      128 cells   128                               33.33
263       False Path               false           false                      96 cells    89                                30.90
264       False Path               false           false                      96 cells    79                                27.43
265       False Path               false           false                      96 cells    89                                30.90
266       False Path               false           false                      96 cells    79                                27.43
267       False Path               false           false                      96 cells    89                                30.90
268       False Path               false           false                      96 cells    79                                27.43
269       False Path               false           false                      96 cells    89                                30.90
270       False Path               false           false                      96 cells    79                                27.43
271       False Path               false           false                      96 cells    89                                30.90
272       False Path               false           false                      96 cells    79                                27.43
273       False Path               false           false                      96 cells    89                                30.90
274       False Path               false           false                      96 cells    79                                27.43
275       False Path               false           false                      96 cells    89                                30.90
276       False Path               false           false                      96 cells    79                                27.43
277       False Path               false           false                      96 cells    89                                30.90
278       False Path               false           false                      96 cells    79                                27.43
279       False Path               false           false                      64 cells    64                                33.33
280       False Path               false           false                      64 cells    64                                33.33
281       False Path               false           false                      64 cells    64                                33.33
282       False Path               false           false                      64 cells    64                                33.33
283       False Path               false           false                      64 cells    64                                33.33
284       False Path               false           false                      64 cells    64                                33.33
285       False Path               false           false                      64 cells    64                                33.33
286       False Path               false           false                      64 cells    64                                33.33
287       False Path               false           false                      32 cells    32                                33.33
288       False Path               false           false                      32 cells    32                                33.33
289       False Path               false           false                      32 cells    32                                33.33
290       False Path               false           false                      32 cells    32                                33.33
291       False Path               false           false                      32 cells    32                                33.33
292       False Path               false           false                      32 cells    32                                33.33
293       False Path               false           false                      32 cells    32                                33.33
294       False Path               false           false                      32 cells    32                                33.33
295       False Path               false           false                      160 cells   157                               32.71
296       False Path               false           false                      160 cells   157                               32.71
297       False Path               false           false                      160 cells   157                               32.71
298       False Path               false           false                      160 cells   157                               32.71
299       False Path               false           false                      160 cells   157                               32.71
300       False Path               false           false                      160 cells   157                               32.71
301       False Path               false           false                      160 cells   157                               32.71
302       False Path               false           false                      160 cells   157                               32.71
303       False Path               false           false                      256 cells   168                               21.88
304       False Path               false           false                      256 cells   248                               32.29
305       False Path               false           false                      256 cells   168                               21.88
306       False Path               false           false                      256 cells   248                               32.29
307       False Path               false           false                      256 cells   168                               21.88
308       False Path               false           false                      256 cells   248                               32.29
309       False Path               false           false                      256 cells   168                               21.88
310       False Path               false           false                      256 cells   248                               32.29
311       False Path               false           false                      256 cells   168                               21.88
312       False Path               false           false                      256 cells   248                               32.29
313       False Path               false           false                      256 cells   168                               21.88
314       False Path               false           false                      256 cells   248                               32.29
315       False Path               false           false                      256 cells   168                               21.88
316       False Path               false           false                      256 cells   248                               32.29
317       False Path               false           false                      256 cells   168                               21.88
318       False Path               false           false                      256 cells   248                               32.29
319       False Path               false           false                      1024 cells  952                               30.99
320       False Path               false           false                      1024 cells  952                               30.99
321       False Path               false           false                      1024 cells  952                               30.99
322       False Path               false           false                      1024 cells  952                               30.99
323       False Path               false           false                      1024 cells  952                               30.99
324       False Path               false           false                      1024 cells  952                               30.99
325       False Path               false           false                      1024 cells  952                               30.99
326       False Path               false           false                      1024 cells  952                               30.99
327       False Path               false           false                      4 cells     4                                 33.33
328       False Path               false           false                      4 cells     4                                 33.33
329       False Path               false           false                      4 cells     4                                 33.33
330       False Path               false           false                      4 cells     4                                 33.33
331       False Path               false           false                      4 cells     4                                 33.33
332       False Path               false           false                      4 cells     4                                 33.33
333       False Path               false           false                      4 cells     4                                 33.33
334       False Path               false           false                      4 cells     4                                 33.33
335       False Path               false           false                      192 cells   192                               33.33
336       False Path               false           false                      169 cells   169                               33.33
337       False Path               false           false                      2 cells     2                                 33.33
338       False Path               false           false                      430 cells   429                               33.26
339       False Path               false           false                      384 cells   384                               33.33
340       False Path               false           false                      160 cells   160                               33.33
341       False Path               false           false                      160 cells   160                               33.33
342       False Path               false           false                      160 cells   160                               33.33
343       False Path               false           false                      160 cells   160                               33.33
344       False Path               false           false                      160 cells   160                               33.33
345       False Path               false           false                      160 cells   160                               33.33
346       False Path               false           false                      160 cells   160                               33.33
347       False Path               false           false                      160 cells   160                               33.33
348       False Path               false           false                      159 cells   159                               33.33
349       False Path               false           false                      512 cells   512                               33.33
350       False Path               false           false                      512 cells   512                               33.33
351       False Path               false           false                      512 cells   512                               33.33
352       False Path               false           false                      320 cells   320                               33.33
353       False Path               false           false            1 pins                4                    100.00        
354       False Path               false           false            1 pins                4                    100.00        
355       False Path               false           false            1 pins                4                    100.00        
356       False Path               false           false            1 pins                2                    100.00        
357       False Path               false           false            1 pins                2                    100.00        
358       False Path               false           false            1 pins                2                    100.00        
359       False Path               false           false            1 pins                2                    100.00        
360       False Path               false           false            1 pins                2                    100.00        
361       False Path               false           false            1 pins                2                    100.00        
362       False Path               false           false            1 pins                2                    100.00        
363       False Path               false           false            1 pins                2                    100.00        
364       False Path               false           false            1 pins                2                    100.00        
365       False Path               false           false            1 pins                2                    100.00        
366       False Path               false           false            1 pins                4                    100.00        
367       False Path               false           false            1 pins                4                    100.00        
368       False Path               false           false            1 pins                4                    100.00        
369       False Path               false           false            1 pins                4                    100.00        
370       False Path               false           false            1 pins                4                    100.00        
371       False Path               false           false            1 pins                4                    100.00        
372       False Path               false           false            1 pins                4                    100.00        
373       False Path               false           false            1 pins                3                    100.00        
374       False Path               false           false            1 pins                3                    100.00        
375       False Path               false           false            1 pins                3                    100.00        
376       False Path               false           false            1 pins                4                    100.00        
377       Max Delay Datapath Only  max_dpo=10      -      5 cells             5 cells     5          100.00                 33.33
379       Max Delay Datapath Only  max_dpo=3.367   -      5 cells             5 cells     5          100.00                 33.33
383       Max Delay Datapath Only  max_dpo=3.367   -      5 cells             5 cells     5          100.00                 33.33
387       Max Delay Datapath Only  max_dpo=3.367   -      5 cells             5 cells     5          100.00                 33.33
391       Max Delay Datapath Only  max_dpo=3.367   -      5 cells             5 cells     5          100.00                 33.33
395       Max Delay Datapath Only  max_dpo=3.367   -      5 cells             5 cells     5          100.00                 33.33
397       Max Delay Datapath Only  max_dpo=10      -      8 cells             8 cells     8          100.00                 33.33
399       Max Delay Datapath Only  max_dpo=3.367   -      8 cells             8 cells     8          100.00                 33.33
403       Max Delay Datapath Only  max_dpo=3.367   -      8 cells             8 cells     8          100.00                 33.33
405       Max Delay Datapath Only  max_dpo=3.332   -      10 cells            10 cells    10         100.00                 33.33
407       Max Delay Datapath Only  max_dpo=3.367   -      10 cells            10 cells    10         100.00                 33.33
413       Max Delay Datapath Only  max_dpo=3.367   -      10 cells            10 cells    10         100.00                 33.33
415       Max Delay Datapath Only  max_dpo=3.332   -      10 cells            10 cells    10         100.00                 33.33
417       Max Delay Datapath Only  max_dpo=3.332   -      11 cells            11 cells    11         100.00                 33.33
421       Max Delay Datapath Only  max_dpo=10      -      3 cells             3 cells     3          100.00                 33.33
423       Max Delay Datapath Only  max_dpo=3.367   -      3 cells             3 cells     3          100.00                 33.33
425       Max Delay Datapath Only  max_dpo=10      -      6 cells             6 cells     6          100.00                 33.33
427       Max Delay Datapath Only  max_dpo=3.367   -      6 cells             6 cells     6          100.00                 33.33
429       Max Delay Datapath Only  max_dpo=10      -      8 cells             8 cells     8          100.00                 33.33
433       Max Delay Datapath Only  max_dpo=10      -      4 cells             4 cells     4          100.00                 33.33
437       Max Delay Datapath Only  max_dpo=3.367   -      5 cells             5 cells     5          100.00                 33.33
443       Max Delay Datapath Only  max_dpo=3.367   -      5 cells             5 cells     5          100.00                 33.33
447       Max Delay Datapath Only  max_dpo=3.367   -      5 cells             5 cells     5          100.00                 33.33
449       Max Delay Datapath Only  max_dpo=10      -      4 cells             4 cells     4          100.00                 33.33
451       Max Delay Datapath Only  max_dpo=10      -      4 cells             4 cells     4          100.00                 33.33
453       Max Delay Datapath Only  max_dpo=3.332   -      4 cells             4 cells     4          100.00                 33.33
455       Max Delay Datapath Only  max_dpo=10      -      4 cells             4 cells     4          100.00                 33.33
457       Max Delay Datapath Only  max_dpo=3.332   -      4 cells             4 cells     4          100.00                 33.33
459       Max Delay Datapath Only  max_dpo=3.332   -      4 cells             4 cells     4          100.00                 33.33
461       Max Delay Datapath Only  max_dpo=10      -      4 cells             4 cells     4          100.00                 33.33
463       Max Delay Datapath Only  max_dpo=10      -      4 cells             4 cells     4          100.00                 33.33
465       Max Delay Datapath Only  max_dpo=3.332   -      4 cells             4 cells     4          100.00                 33.33
467       Max Delay Datapath Only  max_dpo=3.332   -      4 cells             4 cells     4          100.00                 33.33
469       Max Delay Datapath Only  max_dpo=6.734   -      3 cells             3 cells     3          100.00                 33.33
471       Max Delay Datapath Only  max_dpo=20      -      8 cells             8 cells     8          100.00                 33.33
475       Max Delay Datapath Only  max_dpo=20      -      2 cells             2 cells     2          100.00                 33.33
477       Max Delay Datapath Only  max_dpo=6.734   -      2 cells             2 cells     2          100.00                 33.33
479       Max Delay Datapath Only  max_dpo=6.734   -      2 cells             2 cells     2          100.00                 33.33
481       Max Delay Datapath Only  max_dpo=6.664   -      1 cells             1 cells     1          100.00                 33.33
483       Max Delay Datapath Only  max_dpo=6.734   -      4 cells             4 cells     4          100.00                 33.33
485       Max Delay Datapath Only  max_dpo=20      -      4 cells             4 cells     4          100.00                 33.33
487       Max Delay Datapath Only  max_dpo=20      -      20 cells            20 cells    20         100.00                 33.33
489       Max Delay Datapath Only  max_dpo=20      -      20 cells            20 cells    20         100.00                 33.33
491       Max Delay Datapath Only  max_dpo=20      -      3 cells             5 cells     3          100.00                 20.00
493       Max Delay Datapath Only  max_dpo=20      -      16 cells            16 cells    16         100.00                 33.33
495       Max Delay Datapath Only  max_dpo=20      -      16 cells            16 cells    16         100.00                 33.33
497       Max Delay Datapath Only  max_dpo=20      -      16 cells            16 cells    16         100.00                 33.33
499       Max Delay Datapath Only  max_dpo=20      -      3 cells             3 cells     3          100.00                 33.33
501       Max Delay Datapath Only  max_dpo=20      -      2 cells             3 cells     2          100.00                 22.22
503       Max Delay Datapath Only  max_dpo=20      -      3 cells             3 cells     3          100.00                 33.33
507       Max Delay Datapath Only  max_dpo=6.734   -      8 cells             8 cells     8          100.00                 33.33
509       Max Delay Datapath Only  max_dpo=6.734   -      8 cells             8 cells     8          100.00                 33.33
511       Max Delay Datapath Only  max_dpo=6.734   -      8 cells             8 cells     8          100.00                 33.33
513       Max Delay Datapath Only  max_dpo=20      -      3 cells             3 cells     3          100.00                 33.33
515       Max Delay Datapath Only  max_dpo=6.734   -      3 cells             3 cells     3          100.00                 33.33
517       Max Delay Datapath Only  max_dpo=6.734   -      3 cells             3 cells     3          100.00                 33.33
519       Max Delay Datapath Only  max_dpo=6.734   -      5 cells             5 cells     5          100.00                 33.33
521       Max Delay Datapath Only  max_dpo=6.734   -      2 cells             2 cells     2          100.00                 33.33
523       Max Delay Datapath Only  max_dpo=6.734   -      2 cells             2 cells     2          100.00                 33.33
525       Max Delay Datapath Only  max_dpo=6.734   -      2 cells             2 cells     2          100.00                 33.33
527       Max Delay Datapath Only  max_dpo=6.734   -      2 cells             2 cells     2          100.00                 33.33
529       Max Delay Datapath Only  max_dpo=6.734   -      2 cells             2 cells     2          100.00                 33.33
531       Max Delay Datapath Only  max_dpo=6.734   -      2 cells             2 cells     2          100.00                 33.33
533       Max Delay Datapath Only  max_dpo=6.664   -      1 cells             1 cells     1          100.00                 33.33
535       False Path               false           false                      1 cells     1                                 33.33
536       False Path               false           false                      1 cells     1                                 33.33
537       False Path               false           false                      1 cells     1                                 33.33
538       False Path               false           false                      1 cells     1                                 33.33
539       False Path               false           false                      1 cells     1                                 33.33
540       False Path               false           false                      1 cells     1                                 33.33
541       False Path               false           false                      1 cells     1                                 33.33
542       False Path               false           false                      1 cells     1                                 33.33
544       False Path               false           false                      1 cells     1                                 33.33
545       False Path               false           false                      1 cells     1                                 33.33
546       False Path               false           false                      1 cells     1                                 33.33
547       False Path               false           false                      1 cells     1                                 33.33
548       False Path               false           false                      1 cells     1                                 33.33
549       False Path               false           false                      1 cells     1                                 33.33
550       False Path               false           false                      1 cells     1                                 33.33
551       False Path               false           false                      1 cells     1                                 33.33
552       False Path               false           false                      1 cells     1                                 33.33
554       False Path               false           false                      1 cells     1                                 33.33
555       False Path               false           false                      1 cells     1                                 33.33
556       False Path               false           false                      1 cells     1                                 33.33
557       False Path               false           false                      1 cells     1                                 33.33
558       False Path               false           false                      1 cells     0                                 0.00
559       False Path               false           false                      1 cells     0                                 0.00
560       False Path               false           false                      1 cells     0                                 0.00
561       False Path               false           false                      1 cells     1                                 33.33
562       False Path               false           false                      1 cells     1                                 33.33
563       False Path               false           false                      1 cells     1                                 33.33
564       False Path               false           false                      1 cells     1                                 33.33
565       False Path               false           false                      1 cells     1                                 33.33
566       False Path               false           false                      1 cells     1                                 33.33
567       False Path               false           false                      1 cells     1                                 33.33
568       False Path               false           false                      1 cells     1                                 33.33
569       False Path               false           false                      1 cells     1                                 33.33
570       False Path               false           false                      1 cells     1                                 33.33
571       False Path               false           false                      1 cells     1                                 33.33
572       False Path               false           false                      1 cells     1                                 33.33
573       False Path               false           false                      1 cells     1                                 33.33
574       False Path               false           false                      1 cells     1                                 33.33
575       False Path               false           false                      1 cells     1                                 33.33
576       False Path               false           false                      1 cells     1                                 33.33
577       False Path               false           false                      1 cells     1                                 33.33
578       False Path               false           false                      1 cells     1                                 33.33
579       False Path               false           false                      1 cells     1                                 33.33
580       False Path               false           false                      1 cells     1                                 33.33
581       False Path               false           false                      1 cells     1                                 33.33
582       False Path               false           false                      1 cells     1                                 33.33
583       False Path               false           false                      1 cells     1                                 33.33
584       False Path               false           false                      1 cells     1                                 33.33
585       False Path               false           false                      1 cells     1                                 33.33
586       False Path               false           false                      1 cells     1                                 33.33
587       False Path               false           false                      1 cells     1                                 33.33
588       False Path               false           false                      1 cells     1                                 33.33
589       False Path               false           false                      1 cells     1                                 33.33
590       False Path               false           false                      1 cells     1                                 33.33
591       False Path               false           false                      1 cells     1                                 33.33
592       False Path               false           false                      1 cells     1                                 33.33
593       False Path               false           false                      1 cells     1                                 33.33
594       False Path               false           false                      1 cells     1                                 33.33
595       False Path               false           false                      1 cells     1                                 33.33
596       False Path               false           false                      1 cells     1                                 33.33
597       False Path               false           false                      1 cells     1                                 33.33
598       False Path               false           false                      1 cells     1                                 33.33
599       False Path               false           false                      1 cells     1                                 33.33
600       False Path               false           false                      1 cells     1                                 33.33
601       False Path               false           false                      1 cells     1                                 33.33
604       False Path               false           false                      1 cells     1                                 33.33
605       False Path               false           false                      1 cells     1                                 33.33
606       False Path               false           false                      1 cells     1                                 33.33
607       False Path               false           false                      1 cells     1                                 33.33
608       False Path               false           false                      1 cells     1                                 33.33
609       False Path               false           false                      1 cells     1                                 33.33
610       False Path               false           false                      1 cells     1                                 33.33
612       False Path               false           false                      1 cells     1                                 33.33
613       False Path               false           false                      1 cells     1                                 33.33
614       False Path               false           false                      1 cells     1                                 33.33
615       False Path               false           false                      1 cells     1                                 33.33
616       False Path               false           false                      1 cells     1                                 33.33
617       False Path               false           false                      1 cells     1                                 33.33
618       False Path               false           false                      1 cells     1                                 33.33
619       False Path               false           false                      1 cells     1                                 33.33
620       False Path               false           false                      1 cells     1                                 33.33
621       False Path               false           false                      1 cells     1                                 33.33
622       False Path               false           false                      1 cells     1                                 33.33
623       False Path               false           false                      1 cells     1                                 33.33
626       False Path               false           false                      1 cells     1                                 33.33
627       False Path               false           false                      1 cells     1                                 33.33
628       False Path               false           false                      1 cells     1                                 33.33
629       False Path               false           false                      1 cells     1                                 33.33
630       False Path               false           false                      1 cells     1                                 33.33
631       False Path               false           false                      1 cells     1                                 33.33
632       False Path               false           false                      1 cells     1                                 33.33
633       False Path               false           false                      1 cells     1                                 33.33
634       False Path               false           false                      1 cells     1                                 33.33
635       False Path               false           false                      1 cells     1                                 33.33
636       False Path               false           false                      1 cells     1                                 33.33
637       False Path               false           false                      1 cells     1                                 33.33
638       False Path               false           false                      1 cells     1                                 33.33
639       False Path               false           false                      1 cells     1                                 33.33
640       False Path               false           false                      1 cells     1                                 33.33
641       False Path               false           false                      1 cells     1                                 33.33
642       False Path               false           false                      1 cells     1                                 33.33
644       False Path               false           false                      1 cells     1                                 33.33
645       False Path               false           false                      1 cells     1                                 33.33
646       False Path               false           false                      1 cells     1                                 33.33
647       False Path               false           false                      1 cells     1                                 33.33
648       False Path               false           false                      1 cells     1                                 33.33
649       False Path               false           false                      1 cells     1                                 33.33
650       False Path               false           false                      1 cells     1                                 33.33
651       False Path               false           false                      1 cells     1                                 33.33
652       False Path               false           false                      1 cells     1                                 33.33
653       False Path               false           false                      1 cells     1                                 33.33
654       False Path               false           false                      1 cells     1                                 33.33
656       False Path               false           false                      1 cells     1                                 33.33
657       False Path               false           false                      1 cells     1                                 33.33
658       False Path               false           false                      1 cells     1                                 33.33
659       False Path               false           false                      1 cells     0                                 0.00
663       False Path               false           false                      1 cells     1                                 33.33
664       False Path               false           false                      1 cells     1                                 33.33
665       False Path               false           false                      1 cells     1                                 33.33
666       False Path               false           false                      1 cells     1                                 33.33
667       False Path               false           false                      1 cells     1                                 33.33
668       False Path               false           false                      1 cells     1                                 33.33
669       False Path               false           false                      1 cells     1                                 33.33
670       False Path               false           false                      1 cells     1                                 33.33
671       False Path               false           false                      1 cells     1                                 33.33
672       False Path               false           false                      1 cells     1                                 33.33
673       False Path               false           false                      1 cells     1                                 33.33
674       False Path               false           false                      1 cells     1                                 33.33
675       False Path               false           false                      1 cells     1                                 33.33
676       False Path               false           false                      1 cells     1                                 33.33
677       False Path               false           false                      1 cells     1                                 33.33
678       False Path               false           false                      1 cells     1                                 33.33
679       False Path               false           false                      1 cells     1                                 33.33
680       False Path               false           false                      1 cells     1                                 33.33
681       False Path               false           false                      1 cells     1                                 33.33
682       False Path               false           false                      1 cells     1                                 33.33
683       False Path               false           false                      1 cells     1                                 33.33
684       False Path               false           false                      1 cells     1                                 33.33
685       False Path               false           false                      1 cells     1                                 0.00
686       False Path               false           false                      1 cells     1                                 0.00
687       False Path               false           false                      1 cells     1                                 33.33
688       False Path               false           false                      1 cells     1                                 33.33
689       False Path               false           false                      1 cells     1                                 33.33
690       False Path               false           false                      1 cells     1                                 33.33
691       False Path               false           false                      1 cells     1                                 33.33
692       False Path               false           false                      1 cells     1                                 33.33
693       False Path               false           false                      1 cells     1                                 33.33
694       False Path               false           false                      1 cells     1                                 0.00
695       False Path               false           false                      1 cells     1                                 0.00
696       False Path               false           false                      1 cells     1                                 33.33
697       False Path               false           false                      1 cells     1                                 33.33
698       False Path               false           false                      1 cells     1                                 33.33
699       False Path               false           false                      1 cells     1                                 33.33
700       False Path               false           false                      1 cells     1                                 33.33
701       False Path               false           false                      1 cells     1                                 33.33
702       False Path               false           false                      1 cells     1                                 33.33
703       False Path               false           false                      1 cells     1                                 0.00
704       False Path               false           false                      1 cells     1                                 33.33
705       False Path               false           false                      1 cells     1                                 33.33
706       False Path               false           false                      1 cells     1                                 33.33
708       False Path               false           false                      1 cells     1                                 0.00
710       False Path               false           false                      1 cells     1                                 0.00
711       False Path               false           false                      1 cells     1                                 33.33
713       False Path               false           false                      1 cells     1                                 33.33
715       False Path               false           false                      1 cells     1                                 33.33
717       False Path               false           false                      1 cells     1                                 33.33
719       False Path               false           false                      1 cells     1                                 33.33
721       False Path               false           false                      1 cells     1                                 33.33
722       False Path               false           false                      1 cells     1                                 33.33
723       False Path               false           false                      1 cells     1                                 33.33
724       False Path               false           false                      1 cells     1                                 33.33
725       False Path               false           false                      1 cells     1                                 0.00
727       False Path               false           false                      1 cells     1                                 33.33
728       False Path               false           false                      1 cells     1                                 33.33
729       False Path               false           false                      1 cells     1                                 33.33
730       False Path               false           false                      1 cells     1                                 33.33
731       False Path               false           false                      1 cells     1                                 33.33
732       False Path               false           false                      1 cells     1                                 33.33
733       False Path               false           false                      1 cells     1                                 0.00
734       False Path               false           false                      1 cells     1                                 33.33
735       False Path               false           false                      1 cells     1                                 33.33
736       False Path               false           false                      1 cells     1                                 33.33
737       False Path               false           false                      1 cells     1                                 33.33
738       False Path               false           false                      1 cells     1                                 33.33
739       False Path               false           false                      1 cells     1                                 33.33
740       False Path               false           false                      1 cells     1                                 33.33
741       False Path               false           false                      1 cells     1                                 0.00
742       False Path               false           false                      1 cells     1                                 0.00
743       False Path               false           false                      1 cells     1                                 33.33
744       False Path               false           false                      1 cells     1                                 33.33
745       False Path               false           false                      1 cells     1                                 33.33
746       False Path               false           false                      1 cells     1                                 33.33
747       False Path               false           false                      1 cells     1                                 33.33
748       False Path               false           false                      1 cells     1                                 33.33
749       False Path               false           false                      1 cells     1                                 33.33
750       False Path               false           false                      1 cells     1                                 33.33
751       False Path               false           false                      1 cells     1                                 33.33
752       False Path               false           false                      1 cells     1                                 33.33
753       False Path               false           false                      1 cells     1                                 33.33
754       False Path               false           false                      1 cells     1                                 33.33
755       False Path               false           false                      1 cells     1                                 33.33
756       False Path               false           false                      1 cells     1                                 33.33
757       False Path               false           false                      1 cells     1                                 33.33
758       False Path               false           false                      1 cells     1                                 33.33
759       False Path               false           false                      1 cells     1                                 33.33
760       False Path               false           false                      1 cells     1                                 33.33
761       False Path               false           false                      1 cells     1                                 33.33
762       False Path               false           false                      1 cells     1                                 33.33
763       False Path               false           false                      1 cells     1                                 33.33
764       False Path               false           false                      1 cells     1                                 33.33
765       False Path               false           false                      1 cells     1                                 33.33
766       False Path               false           false                      1 cells     1                                 33.33
767       False Path               false           false                      1 cells     1                                 33.33
768       False Path               false           false                      1 cells     1                                 33.33
769       False Path               false           false                      1 cells     1                                 33.33
770       False Path               false           false                      1 cells     1                                 33.33
771       False Path               false           false                      1 cells     1                                 33.33
772       False Path               false           false                      1 cells     1                                 33.33
773       False Path               false           false                      1 cells     1                                 33.33
774       False Path               false           false                      1 cells     1                                 33.33
775       False Path               false           false                      1 cells     1                                 33.33
776       False Path               false           false                      1 cells     1                                 33.33
777       False Path               false           false                      1 cells     1                                 33.33
778       False Path               false           false                      1 cells     1                                 33.33
779       False Path               false           false                      1 cells     1                                 33.33
781       False Path               false           false                      1 cells     1                                 33.33
782       False Path               false           false                      1 cells     1                                 33.33
783       False Path               false           false                      1 cells     1                                 33.33
784       False Path               false           false                      1 cells     1                                 33.33
785       False Path               false           false                      1 cells     1                                 33.33
786       False Path               false           false                      1 cells     1                                 33.33
787       False Path               false           false                      1 cells     1                                 33.33
788       False Path               false           false                      1 cells     1                                 33.33
789       False Path               false           false                      1 cells     1                                 33.33
790       False Path               false           false                      1 cells     1                                 33.33
791       False Path               false           false                      1 cells     1                                 33.33
792       False Path               false           false                      1 cells     1                                 33.33
793       False Path               false           false                      1 cells     1                                 33.33
794       False Path               false           false                      1 cells     1                                 33.33
795       False Path               false           false                      1 cells     1                                 33.33
796       False Path               false           false                      1 cells     1                                 33.33
797       False Path               false           false                      1 cells     1                                 33.33
799       False Path               false           false  59 pins             16 cells    16         27.12                  33.33
800       Max Delay Datapath Only  max_dpo=50      -      4 cells             4 cells     4          100.00                 33.33
802       Max Delay Datapath Only  max_dpo=13.328  -      4 cells             4 cells     4          100.00                 33.33
804       False Path               false           false  59 pins             16 cells    16         27.12                  33.33
805       Max Delay Datapath Only  max_dpo=13.328  -      4 cells             4 cells     4          100.00                 33.33
807       Max Delay Datapath Only  max_dpo=50      -      4 cells             4 cells     4          100.00                 33.33
809       False Path               false           false  1 cells             1 cells     1          100.00                 33.33
810       False Path               false           false  1 cells             1 cells     1          100.00                 33.33
811       False Path               false           false  1 cells             1 cells     1          100.00                 33.33
812       False Path               false           false  1 cells             1 cells     1          100.00                 33.33
813       False Path               false           false  1 cells             1 cells     1          100.00                 33.33
814       False Path               false           false  1 cells             1 cells     1          100.00                 33.33
815       False Path               false           false  1 cells             1 cells     1          100.00                 33.33
816       False Path               false           false  3 cells             3 cells     3          100.00                 33.33
817       False Path               false           false  1 cells             1 cells     1          100.00                 33.33
818       False Path               false           false  1 cells             1 cells     1          100.00                 33.33
819       False Path               false           false  1 cells             1 cells     1          100.00                 33.33
820       False Path               false           false  1 cells             1 cells     1          100.00                 33.33
821       False Path               false           false  28 cells            28 cells    28         100.00                 33.33
822       False Path               false           false  2 cells             2 cells     2          100.00                 33.33
823       False Path               false           false  18 cells            18 cells    18         100.00                 33.33
824       False Path               false           false  1 cells             1 cells     1          100.00                 33.33
825       False Path               false           false  4 cells             4 cells     4          100.00                 33.33
826       False Path               false           false  3 cells             3 cells     3          100.00                 33.33
827       False Path               false           false  3 cells             3 cells     3          100.00                 33.33
828       False Path               false           false  1 cells             1 cells     1          100.00                 33.33
829       False Path               false           false  1 cells             1 cells     1          100.00                 33.33
830       False Path               false           false  1 cells             16 cells    16         100.00                 33.33
831       False Path               false           false  1 cells             28 cells    28         100.00                 33.33
832       False Path               false           false  1 cells             18 cells    18         100.00                 33.33
833       False Path               false           false  1 cells             3 cells     3          100.00                 33.33

Warning: the percentages reported indicate the number of pins covered by the exception relative to the number of pins specified implicitly or explicitly.
