Copyright 1986-2022 Xilinx, Inc. All Rights Reserved. Copyright 2022-2023 Advanced Micro Devices, Inc. All Rights Reserved.
---------------------------------------------------------------------------------------------------------------------------------------------
| Tool Version : Vivado v.2023.2 (lin64) Build 4029153 Fri Oct 13 20:13:54 MDT 2023
| Date         : Sat Aug 22 16:21:41 2026
| Host         : tsmc184 running 64-bit Ubuntu 22.04.5 LTS
| Command      : report_utilization -file /mnt/data/wzr/13p/ov7670/sixteen_camera/prj/utilization_phase1_synth.rpt
| Design       : top_wrapper
| Device       : xcvu13p-fhga2104-2-i
| Speed File   : -2
| Design State : Synthesized
---------------------------------------------------------------------------------------------------------------------------------------------

Utilization Design Information

Table of Contents
-----------------
1. CLB Logic
1.1 Summary of Registers by Type
2. BLOCKRAM
3. ARITHMETIC
4. I/O
5. CLOCK
6. ADVANCED
7. CONFIGURATION
8. Primitives
9. Black Boxes
10. Instantiated Netlists
11. SLR Connectivity
12. SLR Connectivity Matrix
13. SLR IO Utilization

1. CLB Logic
------------

+----------------------------+--------+-------+------------+-----------+-------+
|          Site Type         |  Used  | Fixed | Prohibited | Available | Util% |
+----------------------------+--------+-------+------------+-----------+-------+
| CLB LUTs*                  | 109188 |     0 |          0 |   1728000 |  6.32 |
|   LUT as Logic             |  99129 |     0 |          0 |   1728000 |  5.74 |
|   LUT as Memory            |  10059 |     0 |          0 |    791040 |  1.27 |
|     LUT as Distributed RAM |   8786 |     0 |            |           |       |
|     LUT as Shift Register  |   1273 |     0 |            |           |       |
| CLB Registers              | 182972 |    88 |          0 |   3456000 |  5.29 |
|   Register as Flip Flop    | 182971 |    88 |          0 |   3456000 |  5.29 |
|   Register as Latch        |      0 |     0 |          0 |   3456000 |  0.00 |
|   Register as AND/OR       |      1 |     0 |          0 |   3456000 | <0.01 |
| CARRY8                     |   3932 |     0 |          0 |    216000 |  1.82 |
| F7 Muxes                   |   6387 |     0 |          0 |    864000 |  0.74 |
| F8 Muxes                   |    298 |     0 |          0 |    432000 |  0.07 |
| F9 Muxes                   |      0 |     0 |          0 |    216000 |  0.00 |
+----------------------------+--------+-------+------------+-----------+-------+
* Warning! The Final LUT count, after physical optimizations and full implementation, is typically lower. Run opt_design after synthesis, if not already completed, for a more realistic count.
Warning! LUT value is adjusted to account for LUT combining.


1.1 Summary of Registers by Type
--------------------------------

+--------+--------------+-------------+--------------+
|  Total | Clock Enable | Synchronous | Asynchronous |
+--------+--------------+-------------+--------------+
| 1      |            _ |           - |            - |
| 0      |            _ |           - |          Set |
| 0      |            _ |           - |        Reset |
| 0      |            _ |         Set |            - |
| 0      |            _ |       Reset |            - |
| 0      |          Yes |           - |            - |
| 450    |          Yes |           - |          Set |
| 7479   |          Yes |           - |        Reset |
| 3070   |          Yes |         Set |            - |
| 171972 |          Yes |       Reset |            - |
+--------+--------------+-------------+--------------+


2. BLOCKRAM
-----------

+-------------------+-------+-------+------------+-----------+-------+
|     Site Type     |  Used | Fixed | Prohibited | Available | Util% |
+-------------------+-------+-------+------------+-----------+-------+
| Block RAM Tile    | 356.5 |     0 |          0 |      2688 | 13.26 |
|   RAMB36/FIFO*    |   329 |     0 |          0 |      2688 | 12.24 |
|     RAMB36E2 only |   329 |       |            |           |       |
|   RAMB18          |    55 |     0 |          0 |      5376 |  1.02 |
|     RAMB18E2 only |    55 |       |            |           |       |
| URAM              |     0 |     0 |          0 |      1280 |  0.00 |
+-------------------+-------+-------+------------+-----------+-------+
* Note: Each Block RAM Tile only has one FIFO logic available and therefore can accommodate only one FIFO36E2 or one FIFO18E2. However, if a FIFO18E2 occupies a Block RAM Tile, that tile can still accommodate a RAMB18E2


3. ARITHMETIC
-------------

+----------------+------+-------+------------+-----------+-------+
|    Site Type   | Used | Fixed | Prohibited | Available | Util% |
+----------------+------+-------+------------+-----------+-------+
| DSPs           |   14 |     0 |          0 |     12288 |  0.11 |
|   DSP48E2 only |   14 |       |            |           |       |
+----------------+------+-------+------------+-----------+-------+


4. I/O
------

+-----------------+------+-------+------------+-----------+-------+
|    Site Type    | Used | Fixed | Prohibited | Available | Util% |
+-----------------+------+-------+------------+-----------+-------+
| Bonded IOB      |  271 |   271 |          0 |       832 | 32.57 |
| HPIOB_M         |  142 |   142 |          0 |       384 | 36.98 |
|   INPUT         |   62 |       |            |           |       |
|   OUTPUT        |   15 |       |            |           |       |
|   BIDIR         |   65 |       |            |           |       |
| HPIOB_S         |  129 |   129 |          0 |       384 | 33.59 |
|   INPUT         |   37 |       |            |           |       |
|   OUTPUT        |   19 |       |            |           |       |
|   BIDIR         |   73 |       |            |           |       |
| HPIOBDIFFINBUF  |   10 |    10 |          0 |       384 |  2.60 |
|   DIFFINBUF     |   10 |    10 |            |           |       |
| HPIOBDIFFOUTBUF |    1 |     1 |          0 |       384 |  0.26 |
|   OBUFTDS       |    1 |     1 |            |           |       |
| BITSLICE_RX_TX  |  194 |   194 |          0 |      4992 |  3.89 |
|   RXTX_BITSLICE |  105 |   105 |            |           |       |
|   OSERDES       |    1 |     1 |            |           |       |
+-----------------+------+-------+------------+-----------+-------+


5. CLOCK
--------

+----------------------+------+-------+------------+-----------+-------+
|       Site Type      | Used | Fixed | Prohibited | Available | Util% |
+----------------------+------+-------+------------+-----------+-------+
| GLOBAL CLOCK BUFFERs |   33 |     0 |          0 |      1344 |  2.46 |
|   BUFGCE             |   21 |     0 |          0 |       384 |  5.47 |
|   BUFGCE_DIV         |    0 |     0 |          0 |        64 |  0.00 |
|   BUFG_GT            |   12 |     0 |          0 |       768 |  1.56 |
|   BUFGCTRL*          |    0 |     0 |          0 |       128 |  0.00 |
| PLL                  |    3 |     0 |          0 |        32 |  9.38 |
| MMCM                 |    4 |     0 |          0 |        16 | 25.00 |
+----------------------+------+-------+------------+-----------+-------+
* Note: Each used BUFGCTRL counts as two GLOBAL CLOCK BUFFERs. This table does not include global clocking resources, only buffer cell usage. See the Clock Utilization Report (report_clock_utilization) for detailed accounting of global clocking resource availability.


6. ADVANCED
-----------

+-----------------+------+-------+------------+-----------+-------+
|    Site Type    | Used | Fixed | Prohibited | Available | Util% |
+-----------------+------+-------+------------+-----------+-------+
| CMACE4          |    0 |     0 |          0 |        12 |  0.00 |
| GTYE4_CHANNEL   |    4 |     4 |          0 |        52 |  7.69 |
| GTYE4_COMMON    |    1 |     0 |          0 |        13 |  7.69 |
| ILKNE4          |    0 |     0 |          0 |         8 |  0.00 |
| OBUFDS_GTE4     |    0 |     0 |          0 |        26 |  0.00 |
| OBUFDS_GTE4_ADV |    0 |     0 |          0 |        26 |  0.00 |
| PCIE40E4        |    0 |     0 |          0 |         4 |  0.00 |
| SYSMONE4        |    0 |     0 |          0 |         4 |  0.00 |
+-----------------+------+-------+------------+-----------+-------+


7. CONFIGURATION
----------------

+-------------+------+-------+------------+-----------+-------+
|  Site Type  | Used | Fixed | Prohibited | Available | Util% |
+-------------+------+-------+------------+-----------+-------+
| BSCANE2     |    1 |     0 |          0 |        16 |  6.25 |
| DNA_PORTE2  |    0 |     0 |          0 |         4 |  0.00 |
| EFUSE_USR   |    0 |     0 |          0 |         4 |  0.00 |
| FRAME_ECCE4 |    0 |     0 |          0 |         4 |  0.00 |
| ICAPE3      |    0 |     0 |          0 |         8 |  0.00 |
| MASTER_JTAG |    0 |     0 |          0 |         4 |  0.00 |
| STARTUPE3   |    0 |     0 |          0 |         4 |  0.00 |
+-------------+------+-------+------------+-----------+-------+


8. Primitives
-------------

+------------------+--------+---------------------+
|     Ref Name     |  Used  | Functional Category |
+------------------+--------+---------------------+
| FDRE             | 171972 |            Register |
| LUT6             |  39874 |                 CLB |
| LUT4             |  19840 |                 CLB |
| LUT5             |  19601 |                 CLB |
| LUT2             |  19600 |                 CLB |
| LUT3             |  18655 |                 CLB |
| RAMD32           |   8400 |                 CLB |
| FDCE             |   7479 |            Register |
| MUXF7            |   6387 |                 CLB |
| LUT1             |   5496 |                 CLB |
| CARRY8           |   3932 |                 CLB |
| RAMD64E          |   3850 |                 CLB |
| FDSE             |   3070 |            Register |
| RAMS32           |   1452 |                 CLB |
| SRLC32E          |    799 |                 CLB |
| SRL16E           |    474 |                 CLB |
| FDPE             |    450 |            Register |
| RAMB36E2         |    329 |            BLOCKRAM |
| MUXF8            |    298 |                 CLB |
| IBUFCTRL         |    225 |              Others |
| INBUF            |    215 |                 I/O |
| RXTX_BITSLICE    |    105 |                 I/O |
| OBUFT_DCIEN      |     72 |                 I/O |
| OBUFT            |     64 |                 I/O |
| RAMB18E2         |     55 |            BLOCKRAM |
| OBUF             |     34 |                 I/O |
| BUFGCE           |     21 |               Clock |
| TX_BITSLICE_TRI  |     20 |                 I/O |
| BITSLICE_CONTROL |     20 |                 I/O |
| DSP48E2          |     14 |          Arithmetic |
| BUFG_GT          |     12 |               Clock |
| RIU_OR           |     10 |                 I/O |
| DIFFINBUF        |     10 |                 I/O |
| BUFG_GT_SYNC     |     10 |               Clock |
| INV              |      9 |                 CLB |
| HPIO_VREF        |      8 |                 I/O |
| MMCME4_ADV       |      4 |               Clock |
| GTYE4_CHANNEL    |      4 |            Advanced |
| PLLE4_ADV        |      3 |               Clock |
| IBUFDS_GTE4      |      2 |                 I/O |
| OSERDESE3        |      1 |                 I/O |
| OBUFTDS          |      1 |                 I/O |
| GTYE4_COMMON     |      1 |            Advanced |
| BSCANE2          |      1 |       Configuration |
| AND2B1L          |      1 |              Others |
+------------------+--------+---------------------+


9. Black Boxes
--------------

+------------+------+
|  Ref Name  | Used |
+------------+------+
| dbg_hub_CV |    1 |
+------------+------+


10. Instantiated Netlists
-------------------------

+--------------------------------+------+
|            Ref Name            | Used |
+--------------------------------+------+
| video_ctrl_bd_smartconnect_0_0 |    1 |
| vid_phy_controller_0           |    1 |
| v_hdmi_tx_ss_0                 |    1 |
| v_hdmi_rx_ss_0                 |    1 |
| tx_refclk_ibuf                 |    1 |
| tx_refclk_bufg                 |    1 |
| tx_axis_reg_slice              |    1 |
| rx_axis_reg_slice              |    1 |
| design_1_xbar_0                |    1 |
| design_1_proc_sys_reset_0_0    |    1 |
| design_1_ddr4_0_0              |    1 |
| design_1_auto_us_2             |    1 |
| design_1_auto_us_1             |    1 |
| design_1_auto_us_0             |    1 |
| design_1_auto_cc_0             |    1 |
| clk_wiz_ov7670                 |    1 |
| bd_2444_v_tc_0                 |    1 |
| bd_2444_v_hdmi_tx_0            |    1 |
| bd_2444_v_axi4s_vid_out_0      |    1 |
| bd_2444_util_vector_logic_0_0  |    1 |
| bd_2444_axi_crossbar_0         |    1 |
| bd_2422_v_vid_in_axi4s_0       |    1 |
| bd_2422_v_hdmi_rx_0            |    1 |
| bd_2422_inverter_1_0           |    1 |
| axi_iic_0                      |    1 |
| axi_gpio_0                     |    1 |
+--------------------------------+------+


11. SLR Connectivity
--------------------

+----------------------------------+------+-------+-----------+-------+
|                                  | Used | Fixed | Available | Util% |
+----------------------------------+------+-------+-----------+-------+
| SLR3 <-> SLR2                    |    0 |       |     23040 |  0.00 |
|   SLR2 -> SLR3                   |    0 |       |           |  0.00 |
|     Using TX_REG only            |    0 |     0 |           |       |
|     Using RX_REG only            |    0 |     0 |           |       |
|     Using Both TX_REG and RX_REG |    0 |     0 |           |       |
|   SLR3 -> SLR2                   |    0 |       |           |  0.00 |
|     Using TX_REG only            |    0 |     0 |           |       |
|     Using RX_REG only            |    0 |     0 |           |       |
|     Using Both TX_REG and RX_REG |    0 |     0 |           |       |
| SLR2 <-> SLR1                    |    0 |       |     23040 |  0.00 |
|   SLR1 -> SLR2                   |    0 |       |           |  0.00 |
|     Using TX_REG only            |    0 |     0 |           |       |
|     Using RX_REG only            |    0 |     0 |           |       |
|     Using Both TX_REG and RX_REG |    0 |     0 |           |       |
|   SLR2 -> SLR1                   |    0 |       |           |  0.00 |
|     Using TX_REG only            |    0 |     0 |           |       |
|     Using RX_REG only            |    0 |     0 |           |       |
|     Using Both TX_REG and RX_REG |    0 |     0 |           |       |
| SLR1 <-> SLR0                    |    0 |       |     23040 |  0.00 |
|   SLR0 -> SLR1                   |    0 |       |           |  0.00 |
|     Using TX_REG only            |    0 |     0 |           |       |
|     Using RX_REG only            |    0 |     0 |           |       |
|     Using Both TX_REG and RX_REG |    0 |     0 |           |       |
|   SLR1 -> SLR0                   |    0 |       |           |  0.00 |
|     Using TX_REG only            |    0 |     0 |           |       |
|     Using RX_REG only            |    0 |     0 |           |       |
|     Using Both TX_REG and RX_REG |    0 |     0 |           |       |
+----------------------------------+------+-------+-----------+-------+
| Total SLLs Used                  |    0 |       |           |       |
+----------------------------------+------+-------+-----------+-------+


12. SLR Connectivity Matrix
---------------------------

+-----------+------+------+------+------+
| FROM \ TO | SLR3 | SLR2 | SLR1 | SLR0 |
+-----------+------+------+------+------+
| SLR3      |    0 |    0 |    0 |    0 |
| SLR2      |    0 |    0 |    0 |    0 |
| SLR1      |    0 |    0 |    0 |    0 |
| SLR0      |    0 |    0 |    0 |    0 |
+-----------+------+------+------+------+


13. SLR IO Utilization
----------------------

+-----------+-----------+---------+------------+----------+------------+----------+-----+
| SLR Index | Used IOBs | (%)IOBs | Used IPADs | (%)IPADs | Used OPADs | (%)OPADs | GTs |
+-----------+-----------+---------+------------+----------+------------+----------+-----+
| SLR3      |        64 |   30.77 |          0 |     0.00 |          0 |     0.00 |   0 |
| SLR2      |        64 |   30.77 |          0 |     0.00 |          0 |     0.00 |   0 |
| SLR1      |        19 |    9.13 |          0 |     0.00 |          0 |     0.00 |   4 |
| SLR0      |       124 |   59.62 |          0 |     0.00 |          0 |     0.00 |   0 |
+-----------+-----------+---------+------------+----------+------------+----------+-----+
| Total     |       271 |         |          0 |          |          0 |          |   4 |
+-----------+-----------+---------+------------+----------+------------+----------+-----+


