Copyright 1986-2022 Xilinx, Inc. All Rights Reserved. Copyright 2022-2023 Advanced Micro Devices, Inc. All Rights Reserved.
--------------------------------------------------------------------------------------------------------------------------------------------------------------------------------------------------------------------------------------------------------------------------------------
| Tool Version : Vivado v.2023.2 (lin64) Build 4029153 Fri Oct 13 20:13:54 MDT 2023
| Date         : Sun Sep  6 15:40:13 2026
| Host         : tsmc184 running 64-bit Ubuntu 22.04.5 LTS
| Command      : report_utilization -cells [get_cells -hier -filter {NAME =~ *g_camera_frontend[0]*u_pixel_assembler || NAME =~ *g_camera_frontend[0]*u_camera_cdc || NAME =~ *g_camera_frontend[0]*u_camera_stream}] -file reports/video_timing_refactor/P3_video_ch0_synth_util.rpt
| Design       : top_wrapper
| Device       : xcvu13p-fhga2104-2-i
| Speed File   : -2
| Design State : Synthesized
--------------------------------------------------------------------------------------------------------------------------------------------------------------------------------------------------------------------------------------------------------------------------------------

Utilization Design Information

Table of Contents
-----------------
1. CLB Logic
1.1 Summary of Registers by Type
2. BLOCKRAM
3. ARITHMETIC
4. I/O
5. CLOCK
6. ADVANCED
7. CONFIGURATION
8. Primitives
9. Black Boxes
10. Instantiated Netlists
11. SLR Connectivity
12. SLR Connectivity Matrix
13. SLR IO Utilization

1. CLB Logic
------------

+-------------------------+------+-------+------------+-----------+-------+
|        Site Type        | Used | Fixed | Prohibited | Available | Util% |
+-------------------------+------+-------+------------+-----------+-------+
| CLB LUTs*               |  368 |     0 |          0 |   1728000 |  0.02 |
|   LUT as Logic          |  368 |     0 |          0 |   1728000 |  0.02 |
|   LUT as Memory         |    0 |     0 |          0 |    791040 |  0.00 |
| CLB Registers           |  912 |     0 |          0 |   3456000 |  0.03 |
|   Register as Flip Flop |  912 |     0 |          0 |   3456000 |  0.03 |
|   Register as Latch     |    0 |     0 |          0 |   3456000 |  0.00 |
| CARRY8                  |   66 |     0 |          0 |    216000 |  0.03 |
| F7 Muxes                |    0 |     0 |          0 |    864000 |  0.00 |
| F8 Muxes                |    0 |     0 |          0 |    432000 |  0.00 |
| F9 Muxes                |    0 |     0 |          0 |    216000 |  0.00 |
+-------------------------+------+-------+------------+-----------+-------+
* Warning! The Final LUT count, after physical optimizations and full implementation, is typically lower. Run opt_design after synthesis, if not already completed, for a more realistic count.
Warning! LUT value is adjusted to account for LUT combining.


1.1 Summary of Registers by Type
--------------------------------

+-------+--------------+-------------+--------------+
| Total | Clock Enable | Synchronous | Asynchronous |
+-------+--------------+-------------+--------------+
| 0     |            _ |           - |            - |
| 0     |            _ |           - |          Set |
| 0     |            _ |           - |        Reset |
| 0     |            _ |         Set |            - |
| 0     |            _ |       Reset |            - |
| 0     |          Yes |           - |            - |
| 0     |          Yes |           - |          Set |
| 0     |          Yes |           - |        Reset |
| 44    |          Yes |         Set |            - |
| 868   |          Yes |       Reset |            - |
+-------+--------------+-------------+--------------+


2. BLOCKRAM
-----------

+-------------------+------+-------+------------+-----------+-------+
|     Site Type     | Used | Fixed | Prohibited | Available | Util% |
+-------------------+------+-------+------------+-----------+-------+
| Block RAM Tile    | 22.5 |     0 |          0 |      2688 |  0.84 |
|   RAMB36/FIFO*    |   22 |     0 |          0 |      2688 |  0.82 |
|     RAMB36E2 only |   22 |       |            |           |       |
|   RAMB18          |    1 |     0 |          0 |      5376 |  0.02 |
|     RAMB18E2 only |    1 |       |            |           |       |
| URAM              |    0 |     0 |          0 |      1280 |  0.00 |
+-------------------+------+-------+------------+-----------+-------+
* Note: Each Block RAM Tile only has one FIFO logic available and therefore can accommodate only one FIFO36E2 or one FIFO18E2. However, if a FIFO18E2 occupies a Block RAM Tile, that tile can still accommodate a RAMB18E2


3. ARITHMETIC
-------------

+-----------+------+-------+------------+-----------+-------+
| Site Type | Used | Fixed | Prohibited | Available | Util% |
+-----------+------+-------+------------+-----------+-------+
| DSPs      |    0 |     0 |          0 |     12288 |  0.00 |
+-----------+------+-------+------------+-----------+-------+


4. I/O
------

+------------+------+-------+------------+-----------+-------+
|  Site Type | Used | Fixed | Prohibited | Available | Util% |
+------------+------+-------+------------+-----------+-------+
| Bonded IOB |    0 |     0 |          0 |       832 |  0.00 |
+------------+------+-------+------------+-----------+-------+


5. CLOCK
--------

+----------------------+------+-------+------------+-----------+-------+
|       Site Type      | Used | Fixed | Prohibited | Available | Util% |
+----------------------+------+-------+------------+-----------+-------+
| GLOBAL CLOCK BUFFERs |    0 |     0 |          0 |      1344 |  0.00 |
|   BUFGCE             |    0 |     0 |          0 |       384 |  0.00 |
|   BUFGCE_DIV         |    0 |     0 |          0 |        64 |  0.00 |
|   BUFG_GT            |    0 |     0 |          0 |       768 |  0.00 |
|   BUFGCTRL*          |    0 |     0 |          0 |       128 |  0.00 |
| PLL                  |    0 |     0 |          0 |        32 |  0.00 |
| MMCM                 |    0 |     0 |          0 |        16 |  0.00 |
+----------------------+------+-------+------------+-----------+-------+
* Note: Each used BUFGCTRL counts as two GLOBAL CLOCK BUFFERs. This table does not include global clocking resources, only buffer cell usage. See the Clock Utilization Report (report_clock_utilization) for detailed accounting of global clocking resource availability.


6. ADVANCED
-----------

+-----------------+------+-------+------------+-----------+-------+
|    Site Type    | Used | Fixed | Prohibited | Available | Util% |
+-----------------+------+-------+------------+-----------+-------+
| CMACE4          |    0 |     0 |          0 |        12 |  0.00 |
| GTYE4_CHANNEL   |    0 |     0 |          0 |        52 |  0.00 |
| GTYE4_COMMON    |    0 |     0 |          0 |        13 |  0.00 |
| ILKNE4          |    0 |     0 |          0 |         8 |  0.00 |
| OBUFDS_GTE4     |    0 |     0 |          0 |        26 |  0.00 |
| OBUFDS_GTE4_ADV |    0 |     0 |          0 |        26 |  0.00 |
| PCIE40E4        |    0 |     0 |          0 |         4 |  0.00 |
| SYSMONE4        |    0 |     0 |          0 |         4 |  0.00 |
+-----------------+------+-------+------------+-----------+-------+


7. CONFIGURATION
----------------

+-------------+------+-------+------------+-----------+-------+
|  Site Type  | Used | Fixed | Prohibited | Available | Util% |
+-------------+------+-------+------------+-----------+-------+
| BSCANE2     |    0 |     0 |          0 |        16 |  0.00 |
| DNA_PORTE2  |    0 |     0 |          0 |         4 |  0.00 |
| EFUSE_USR   |    0 |     0 |          0 |         4 |  0.00 |
| FRAME_ECCE4 |    0 |     0 |          0 |         4 |  0.00 |
| ICAPE3      |    0 |     0 |          0 |         8 |  0.00 |
| MASTER_JTAG |    0 |     0 |          0 |         4 |  0.00 |
| STARTUPE3   |    0 |     0 |          0 |         4 |  0.00 |
+-------------+------+-------+------------+-----------+-------+


8. Primitives
-------------

+----------+------+---------------------+
| Ref Name | Used | Functional Category |
+----------+------+---------------------+
| FDRE     |  868 |            Register |
| LUT3     |  133 |                 CLB |
| LUT4     |  108 |                 CLB |
| LUT5     |  100 |                 CLB |
| LUT6     |   90 |                 CLB |
| LUT2     |   78 |                 CLB |
| CARRY8   |   66 |                 CLB |
| FDSE     |   44 |            Register |
| RAMB36E2 |   22 |            BLOCKRAM |
| LUT1     |   18 |                 CLB |
| RAMB18E2 |    1 |            BLOCKRAM |
+----------+------+---------------------+


9. Black Boxes
--------------

+------------+------+
|  Ref Name  | Used |
+------------+------+
| dbg_hub_CV |    1 |
+------------+------+


10. Instantiated Netlists
-------------------------

+-------------------------------+------+
|            Ref Name           | Used |
+-------------------------------+------+
| vid_phy_controller_0          |    1 |
| v_hdmi_tx_ss_0                |    1 |
| v_hdmi_rx_ss_0                |    1 |
| tx_refclk_ibuf                |    1 |
| tx_refclk_bufg                |    1 |
| tx_axis_reg_slice             |    1 |
| rx_axis_reg_slice             |    1 |
| design_1_xbar_0               |    1 |
| design_1_proc_sys_reset_0_0   |    1 |
| design_1_m00_full_regslice_0  |    1 |
| design_1_ddr4_0_0             |    1 |
| design_1_auto_us_2            |    1 |
| design_1_auto_us_1            |    1 |
| design_1_auto_us_0            |    1 |
| design_1_auto_cc_0            |    1 |
| clk_wiz_ov7670                |    1 |
| bd_2444_v_tc_0                |    1 |
| bd_2444_v_hdmi_tx_0           |    1 |
| bd_2444_v_axi4s_vid_out_0     |    1 |
| bd_2444_util_vector_logic_0_0 |    1 |
| bd_2444_axi_crossbar_0        |    1 |
| bd_2422_v_vid_in_axi4s_0      |    1 |
| bd_2422_v_hdmi_rx_0           |    1 |
| bd_2422_inverter_1_0          |    1 |
| axi_iic_0                     |    1 |
| axi_gpio_0                    |    1 |
+-------------------------------+------+


11. SLR Connectivity
--------------------

+----------------------------------+------+-------+-----------+-------+
|                                  | Used | Fixed | Available | Util% |
+----------------------------------+------+-------+-----------+-------+
| SLR3 <-> SLR2                    |    0 |       |     23040 |  0.00 |
|   SLR2 -> SLR3                   |    0 |       |           |  0.00 |
|     Using TX_REG only            |    0 |     0 |           |       |
|     Using RX_REG only            |    0 |     0 |           |       |
|     Using Both TX_REG and RX_REG |    0 |     0 |           |       |
|   SLR3 -> SLR2                   |    0 |       |           |  0.00 |
|     Using TX_REG only            |    0 |     0 |           |       |
|     Using RX_REG only            |    0 |     0 |           |       |
|     Using Both TX_REG and RX_REG |    0 |     0 |           |       |
| SLR2 <-> SLR1                    |    0 |       |     23040 |  0.00 |
|   SLR1 -> SLR2                   |    0 |       |           |  0.00 |
|     Using TX_REG only            |    0 |     0 |           |       |
|     Using RX_REG only            |    0 |     0 |           |       |
|     Using Both TX_REG and RX_REG |    0 |     0 |           |       |
|   SLR2 -> SLR1                   |    0 |       |           |  0.00 |
|     Using TX_REG only            |    0 |     0 |           |       |
|     Using RX_REG only            |    0 |     0 |           |       |
|     Using Both TX_REG and RX_REG |    0 |     0 |           |       |
| SLR1 <-> SLR0                    |    0 |       |     23040 |  0.00 |
|   SLR0 -> SLR1                   |    0 |       |           |  0.00 |
|     Using TX_REG only            |    0 |     0 |           |       |
|     Using RX_REG only            |    0 |     0 |           |       |
|     Using Both TX_REG and RX_REG |    0 |     0 |           |       |
|   SLR1 -> SLR0                   |    0 |       |           |  0.00 |
|     Using TX_REG only            |    0 |     0 |           |       |
|     Using RX_REG only            |    0 |     0 |           |       |
|     Using Both TX_REG and RX_REG |    0 |     0 |           |       |
+----------------------------------+------+-------+-----------+-------+
| Total SLLs Used                  |    0 |       |           |       |
+----------------------------------+------+-------+-----------+-------+


12. SLR Connectivity Matrix
---------------------------

+-----------+------+------+------+------+
| FROM \ TO | SLR3 | SLR2 | SLR1 | SLR0 |
+-----------+------+------+------+------+
| SLR3      |    0 |    0 |    0 |    0 |
| SLR2      |    0 |    0 |    0 |    0 |
| SLR1      |    0 |    0 |    0 |    0 |
| SLR0      |    0 |    0 |    0 |    0 |
+-----------+------+------+------+------+


13. SLR IO Utilization
----------------------

+-----------+-----------+---------+------------+----------+------------+----------+-----+
| SLR Index | Used IOBs | (%)IOBs | Used IPADs | (%)IPADs | Used OPADs | (%)OPADs | GTs |
+-----------+-----------+---------+------------+----------+------------+----------+-----+
| SLR3      |         0 |    0.00 |          0 |     0.00 |          0 |     0.00 |   0 |
| SLR2      |         0 |    0.00 |          0 |     0.00 |          0 |     0.00 |   0 |
| SLR1      |         0 |    0.00 |          0 |     0.00 |          0 |     0.00 |   0 |
| SLR0      |         0 |    0.00 |          0 |     0.00 |          0 |     0.00 |   0 |
+-----------+-----------+---------+------------+----------+------------+----------+-----+
| Total     |         0 |         |          0 |          |          0 |          |   0 |
+-----------+-----------+---------+------------+----------+------------+----------+-----+


