Copyright 1986-2022 Xilinx, Inc. All Rights Reserved. Copyright 2022-2023 Advanced Micro Devices, Inc. All Rights Reserved.
---------------------------------------------------------------------------------------------------------------------------------------------------
| Tool Version      : Vivado v.2023.2 (lin64) Build 4029153 Fri Oct 13 20:13:54 MDT 2023
| Date              : Sun Sep  6 17:53:12 2026
| Host              : tsmc184 running 64-bit Ubuntu 22.04.5 LTS
| Command           : check_timing -verbose -file /mnt/data/wzr/13p/ov7670/sixteen_camera/reports/video_timing_refactor/P4/routed/check_timing.rpt
| Design            : top_wrapper
| Device            : xcvu13p-fhga2104
| Speed File        : -2  PRODUCTION 1.28 03-30-2022
| Design State      : Routed
| Temperature Grade : I
---------------------------------------------------------------------------------------------------------------------------------------------------


check_timing report

Table of Contents
-----------------
1. checking no_clock (0)
2. checking constant_clock (0)
3. checking pulse_width_clock (0)
4. checking unconstrained_internal_endpoints (58)
5. checking no_input_delay (22)
6. checking no_output_delay (57)
7. checking multiple_clock (0)
8. checking generated_clocks (0)
9. checking loops (0)
10. checking partial_input_delay (0)
11. checking partial_output_delay (0)
12. checking latch_loops (0)

1. checking no_clock (0)
------------------------
 There are 0 register/latch pins with no clock.


2. checking constant_clock (0)
------------------------------
 There are 0 register/latch pins with constant_clock.


3. checking pulse_width_clock (0)
---------------------------------
 There are 0 register/latch pins which need pulse_width check


4. checking unconstrained_internal_endpoints (58)
-------------------------------------------------
 There are 0 pins that are not constrained for maximum delay.

 There are 58 pins that are not constrained for maximum delay due to constant clock. (MEDIUM)

u_camera_hdmi/u_hdmi/u_phy/u_vphy/inst/clock_detector_inst/DRUCLK_RST_INST/arststages_ff_reg[1]/D
u_camera_hdmi/u_hdmi/u_phy/u_vphy/inst/clock_detector_inst/DRUCLK_RST_INST/arststages_ff_reg[2]/D
u_camera_hdmi/u_hdmi/u_phy/u_vphy/inst/clock_detector_inst/DRUCLK_RUN_SYNC_INST/syncstages_ff_reg[1]/D
u_camera_hdmi/u_hdmi/u_phy/u_vphy/inst/clock_detector_inst/DRUCLK_RUN_SYNC_INST/syncstages_ff_reg[2]/D
u_camera_hdmi/u_hdmi/u_phy/u_vphy/inst/clock_detector_inst/druclk_freq_cnt_reg[0]/CE
u_camera_hdmi/u_hdmi/u_phy/u_vphy/inst/clock_detector_inst/druclk_freq_cnt_reg[0]/CLR
u_camera_hdmi/u_hdmi/u_phy/u_vphy/inst/clock_detector_inst/druclk_freq_cnt_reg[0]/D
u_camera_hdmi/u_hdmi/u_phy/u_vphy/inst/clock_detector_inst/druclk_freq_cnt_reg[10]/CE
u_camera_hdmi/u_hdmi/u_phy/u_vphy/inst/clock_detector_inst/druclk_freq_cnt_reg[10]/CLR
u_camera_hdmi/u_hdmi/u_phy/u_vphy/inst/clock_detector_inst/druclk_freq_cnt_reg[10]/D
u_camera_hdmi/u_hdmi/u_phy/u_vphy/inst/clock_detector_inst/druclk_freq_cnt_reg[11]/CE
u_camera_hdmi/u_hdmi/u_phy/u_vphy/inst/clock_detector_inst/druclk_freq_cnt_reg[11]/CLR
u_camera_hdmi/u_hdmi/u_phy/u_vphy/inst/clock_detector_inst/druclk_freq_cnt_reg[11]/D
u_camera_hdmi/u_hdmi/u_phy/u_vphy/inst/clock_detector_inst/druclk_freq_cnt_reg[12]/CE
u_camera_hdmi/u_hdmi/u_phy/u_vphy/inst/clock_detector_inst/druclk_freq_cnt_reg[12]/CLR
u_camera_hdmi/u_hdmi/u_phy/u_vphy/inst/clock_detector_inst/druclk_freq_cnt_reg[12]/D
u_camera_hdmi/u_hdmi/u_phy/u_vphy/inst/clock_detector_inst/druclk_freq_cnt_reg[13]/CE
u_camera_hdmi/u_hdmi/u_phy/u_vphy/inst/clock_detector_inst/druclk_freq_cnt_reg[13]/CLR
u_camera_hdmi/u_hdmi/u_phy/u_vphy/inst/clock_detector_inst/druclk_freq_cnt_reg[13]/D
u_camera_hdmi/u_hdmi/u_phy/u_vphy/inst/clock_detector_inst/druclk_freq_cnt_reg[14]/CE
u_camera_hdmi/u_hdmi/u_phy/u_vphy/inst/clock_detector_inst/druclk_freq_cnt_reg[14]/CLR
u_camera_hdmi/u_hdmi/u_phy/u_vphy/inst/clock_detector_inst/druclk_freq_cnt_reg[14]/D
u_camera_hdmi/u_hdmi/u_phy/u_vphy/inst/clock_detector_inst/druclk_freq_cnt_reg[15]/CE
u_camera_hdmi/u_hdmi/u_phy/u_vphy/inst/clock_detector_inst/druclk_freq_cnt_reg[15]/CLR
u_camera_hdmi/u_hdmi/u_phy/u_vphy/inst/clock_detector_inst/druclk_freq_cnt_reg[15]/D
u_camera_hdmi/u_hdmi/u_phy/u_vphy/inst/clock_detector_inst/druclk_freq_cnt_reg[16]/CE
u_camera_hdmi/u_hdmi/u_phy/u_vphy/inst/clock_detector_inst/druclk_freq_cnt_reg[16]/CLR
u_camera_hdmi/u_hdmi/u_phy/u_vphy/inst/clock_detector_inst/druclk_freq_cnt_reg[16]/D
u_camera_hdmi/u_hdmi/u_phy/u_vphy/inst/clock_detector_inst/druclk_freq_cnt_reg[17]/CE
u_camera_hdmi/u_hdmi/u_phy/u_vphy/inst/clock_detector_inst/druclk_freq_cnt_reg[17]/CLR
u_camera_hdmi/u_hdmi/u_phy/u_vphy/inst/clock_detector_inst/druclk_freq_cnt_reg[17]/D
u_camera_hdmi/u_hdmi/u_phy/u_vphy/inst/clock_detector_inst/druclk_freq_cnt_reg[1]/CE
u_camera_hdmi/u_hdmi/u_phy/u_vphy/inst/clock_detector_inst/druclk_freq_cnt_reg[1]/CLR
u_camera_hdmi/u_hdmi/u_phy/u_vphy/inst/clock_detector_inst/druclk_freq_cnt_reg[1]/D
u_camera_hdmi/u_hdmi/u_phy/u_vphy/inst/clock_detector_inst/druclk_freq_cnt_reg[2]/CE
u_camera_hdmi/u_hdmi/u_phy/u_vphy/inst/clock_detector_inst/druclk_freq_cnt_reg[2]/CLR
u_camera_hdmi/u_hdmi/u_phy/u_vphy/inst/clock_detector_inst/druclk_freq_cnt_reg[2]/D
u_camera_hdmi/u_hdmi/u_phy/u_vphy/inst/clock_detector_inst/druclk_freq_cnt_reg[3]/CE
u_camera_hdmi/u_hdmi/u_phy/u_vphy/inst/clock_detector_inst/druclk_freq_cnt_reg[3]/CLR
u_camera_hdmi/u_hdmi/u_phy/u_vphy/inst/clock_detector_inst/druclk_freq_cnt_reg[3]/D
u_camera_hdmi/u_hdmi/u_phy/u_vphy/inst/clock_detector_inst/druclk_freq_cnt_reg[4]/CE
u_camera_hdmi/u_hdmi/u_phy/u_vphy/inst/clock_detector_inst/druclk_freq_cnt_reg[4]/CLR
u_camera_hdmi/u_hdmi/u_phy/u_vphy/inst/clock_detector_inst/druclk_freq_cnt_reg[4]/D
u_camera_hdmi/u_hdmi/u_phy/u_vphy/inst/clock_detector_inst/druclk_freq_cnt_reg[5]/CE
u_camera_hdmi/u_hdmi/u_phy/u_vphy/inst/clock_detector_inst/druclk_freq_cnt_reg[5]/CLR
u_camera_hdmi/u_hdmi/u_phy/u_vphy/inst/clock_detector_inst/druclk_freq_cnt_reg[5]/D
u_camera_hdmi/u_hdmi/u_phy/u_vphy/inst/clock_detector_inst/druclk_freq_cnt_reg[6]/CE
u_camera_hdmi/u_hdmi/u_phy/u_vphy/inst/clock_detector_inst/druclk_freq_cnt_reg[6]/CLR
u_camera_hdmi/u_hdmi/u_phy/u_vphy/inst/clock_detector_inst/druclk_freq_cnt_reg[6]/D
u_camera_hdmi/u_hdmi/u_phy/u_vphy/inst/clock_detector_inst/druclk_freq_cnt_reg[7]/CE
u_camera_hdmi/u_hdmi/u_phy/u_vphy/inst/clock_detector_inst/druclk_freq_cnt_reg[7]/CLR
u_camera_hdmi/u_hdmi/u_phy/u_vphy/inst/clock_detector_inst/druclk_freq_cnt_reg[7]/D
u_camera_hdmi/u_hdmi/u_phy/u_vphy/inst/clock_detector_inst/druclk_freq_cnt_reg[8]/CE
u_camera_hdmi/u_hdmi/u_phy/u_vphy/inst/clock_detector_inst/druclk_freq_cnt_reg[8]/CLR
u_camera_hdmi/u_hdmi/u_phy/u_vphy/inst/clock_detector_inst/druclk_freq_cnt_reg[8]/D
u_camera_hdmi/u_hdmi/u_phy/u_vphy/inst/clock_detector_inst/druclk_freq_cnt_reg[9]/CE
u_camera_hdmi/u_hdmi/u_phy/u_vphy/inst/clock_detector_inst/druclk_freq_cnt_reg[9]/CLR
u_camera_hdmi/u_hdmi/u_phy/u_vphy/inst/clock_detector_inst/druclk_freq_cnt_reg[9]/D


5. checking no_input_delay (22)
-------------------------------
 There are 22 input ports with no input delay specified. (HIGH)

cam_sda[0]
cam_sda[1]
cam_sda[2]
cam_sda[3]
cam_sda[4]
cam_sda[5]
cam_sda[6]
cam_sda[7]
hdmi_clkchip_int
hdmi_clkchip_lol
hdmi_clkchip_scl
hdmi_clkchip_sda
hdmi_rx_ddc_scl
hdmi_rx_ddc_sda
hdmi_rx_pwr_det
hdmi_tx_ddc_scl
hdmi_tx_ddc_sda
hdmi_tx_hpd
si5338_sda1
si5338_sda2
sys_rstn
uart_rxd

 There are 0 input ports with no input delay but user has a false path constraint.


6. checking no_output_delay (57)
--------------------------------
 There are 57 ports with no output delay specified. (HIGH)

c0_ddr4_reset_n
c0_init_calib_complete
cam_pwdn[0]
cam_pwdn[1]
cam_pwdn[2]
cam_pwdn[3]
cam_pwdn[4]
cam_pwdn[5]
cam_pwdn[6]
cam_pwdn[7]
cam_rst_n[0]
cam_rst_n[1]
cam_rst_n[2]
cam_rst_n[3]
cam_rst_n[4]
cam_rst_n[5]
cam_rst_n[6]
cam_rst_n[7]
cam_scl[0]
cam_scl[1]
cam_scl[2]
cam_scl[3]
cam_scl[4]
cam_scl[5]
cam_scl[6]
cam_scl[7]
cam_sda[0]
cam_sda[1]
cam_sda[2]
cam_sda[3]
cam_sda[4]
cam_sda[5]
cam_sda[6]
cam_sda[7]
cam_xclk[0]
cam_xclk[1]
cam_xclk[2]
cam_xclk[3]
cam_xclk[4]
cam_xclk[5]
cam_xclk[6]
cam_xclk[7]
hdmi_clkchip_rst
hdmi_clkchip_scl
hdmi_clkchip_sda
hdmi_ref_clk_p
hdmi_rx_ddc_scl
hdmi_rx_ddc_sda
hdmi_rx_hpd
hdmi_tx_ddc_scl
hdmi_tx_ddc_sda
hdmi_tx_en
si5338_scl1
si5338_scl2
si5338_sda1
si5338_sda2
uart_txd

 There are 0 ports with no output delay but user has a false path constraint

 There are 0 ports with no output delay but with a timing clock defined on it or propagating through it


7. checking multiple_clock (0)
------------------------------
 There are 0 register/latch pins with multiple clocks.


8. checking generated_clocks (0)
--------------------------------
 There are 0 generated clocks that are not connected to a clock source.


9. checking loops (0)
---------------------
 There are 0 combinational loops in the design.


10. checking partial_input_delay (0)
------------------------------------
 There are 0 input ports with partial input delay specified.


11. checking partial_output_delay (0)
-------------------------------------
 There are 0 ports with partial output delay specified.


12. checking latch_loops (0)
----------------------------
 There are 0 combinational latch loops in the design through latch input


