Copyright 1986-2022 Xilinx, Inc. All Rights Reserved. Copyright 2022-2023 Advanced Micro Devices, Inc. All Rights Reserved.
-------------------------------------------------------------------------------------------------------------------------------------------------------------------------------
| Tool Version      : Vivado v.2023.2 (lin64) Build 4029153 Fri Oct 13 20:13:54 MDT 2023
| Date              : Sun Sep  6 17:52:37 2026
| Host              : tsmc184 running 64-bit Ubuntu 22.04.5 LTS
| Command           : report_clock_interaction -delay_type min_max -file /mnt/data/wzr/13p/ov7670/sixteen_camera/reports/video_timing_refactor/P4/routed/clock_interaction.rpt
| Design            : top_wrapper
| Device            : xcvu13p-fhga2104
| Speed File        : -2  PRODUCTION 1.28 03-30-2022
| Design State      : Routed
| Temperature Grade : I
-------------------------------------------------------------------------------------------------------------------------------------------------------------------------------

Clock Interaction Report

Clock Interaction Table
-----------------------

                                                                                                                                                                                                                                                                                                                                                                                                                                                                                                                                                                                                                                                                                                                          WNS                            TNS Failing  TNS Total    WNS Path         WHS                            THS Failing  THS Total    WHS Path         Clock-Pair           Inter-Clock              
From Clock                                                                                                                                                                                                                                                                                                                                                   To Clock                                                                                                                                                                                                                                                                                                                                                     Clock Edges  WNS(ns)  TNS(ns)    Endpoints    Endpoints  Requirement(ns)  Clock Edges  WHS(ns)  THS(ns)    Endpoints    Endpoints  Requirement(ns)  Classification       Constraints              
-----------------------------------------------------------------------------------------------------------------------------------------------------------------------------------------------------------------------------------------------------------------------------------------------------------------------------------------------------------  -----------------------------------------------------------------------------------------------------------------------------------------------------------------------------------------------------------------------------------------------------------------------------------------------------------------------------------------------------------  -----------  -------  -------  -----------  -----------  ---------------  -----------  -------  -------  -----------  -----------  ---------------  -------------------  -----------------------  
GTYE4_CHANNEL_TXOUTCLKPCS[0]                                                                                                                                                                                                                                                                                                                                 GTYE4_CHANNEL_TXOUTCLKPCS[0]                                                                                                                                                                                                                                                                                                                                 rise - rise     1.93     0.00            0           34             3.37  rise - rise     0.19     0.00            0           34             0.00  Clean                Timed                    
GTYE4_CHANNEL_TXOUTCLKPCS[1]                                                                                                                                                                                                                                                                                                                                 GTYE4_CHANNEL_TXOUTCLKPCS[1]                                                                                                                                                                                                                                                                                                                                 rise - rise     2.09     0.00            0           34             3.37  rise - rise     0.15     0.00            0           34             0.00  Clean                Timed                    
GTYE4_CHANNEL_TXOUTCLKPCS[2]                                                                                                                                                                                                                                                                                                                                 GTYE4_CHANNEL_TXOUTCLKPCS[2]                                                                                                                                                                                                                                                                                                                                 rise - rise     2.10     0.00            0           34             3.37  rise - rise     0.08     0.00            0           34             0.00  Clean                Timed                    
GTYE4_CHANNEL_TXOUTCLKPCS[3]                                                                                                                                                                                                                                                                                                                                 GTYE4_CHANNEL_TXOUTCLKPCS[3]                                                                                                                                                                                                                                                                                                                                 rise - rise     1.56     0.00            0           34             3.37  rise - rise     0.26     0.00            0           34             0.00  Clean                Timed                    
c0_sys_clk_p                                                                                                                                                                                                                                                                                                                                                 c0_sys_clk_p                                                                                                                                                                                                                                                                                                                                                 rise - rise     7.54     0.00            0           23            10.00  rise - rise     0.04     0.00            0           23             0.00  Clean                Timed                    
c0_sys_clk_p                                                                                                                                                                                                                                                                                                                                                 mmcm_clkout0                                                                                                                                                                                                                                                                                                                                                                                          0            1                                                            0            1                   Ignored              False Path               
c0_sys_clk_p                                                                                                                                                                                                                                                                                                                                                 mmcm_clkout6                                                                                                                                                                                                                                                                                                                                                                                          0            2                                                            0            2                   Ignored              False Path               
cam_pclk_1                                                                                                                                                                                                                                                                                                                                                   clk_100m_p                                                                                                                                                                                                                                                                                                                                                                                            0           11                                                            0           11                   Ignored              False Path               
cam_pclk_1                                                                                                                                                                                                                                                                                                                                                   mmcm_clkout0                                                                                                                                                                                                                                                                                                                                                                                          0           11                                                            0           11                   Ignored              False Path               
cam_pclk_2                                                                                                                                                                                                                                                                                                                                                   clk_100m_p                                                                                                                                                                                                                                                                                                                                                                                            0           11                                                            0           11                   Ignored              False Path               
cam_pclk_2                                                                                                                                                                                                                                                                                                                                                   mmcm_clkout0                                                                                                                                                                                                                                                                                                                                                                                          0           11                                                            0           11                   Ignored              False Path               
cam_pclk_3                                                                                                                                                                                                                                                                                                                                                   clk_100m_p                                                                                                                                                                                                                                                                                                                                                                                            0           11                                                            0           11                   Ignored              False Path               
cam_pclk_3                                                                                                                                                                                                                                                                                                                                                   mmcm_clkout0                                                                                                                                                                                                                                                                                                                                                                                          0           11                                                            0           11                   Ignored              False Path               
cam_pclk_4                                                                                                                                                                                                                                                                                                                                                   clk_100m_p                                                                                                                                                                                                                                                                                                                                                                                            0           11                                                            0           11                   Ignored              False Path               
cam_pclk_4                                                                                                                                                                                                                                                                                                                                                   mmcm_clkout0                                                                                                                                                                                                                                                                                                                                                                                          0           11                                                            0           11                   Ignored              False Path               
cam_pclk_5                                                                                                                                                                                                                                                                                                                                                   clk_100m_p                                                                                                                                                                                                                                                                                                                                                                                            0           11                                                            0           11                   Ignored              False Path               
cam_pclk_5                                                                                                                                                                                                                                                                                                                                                   mmcm_clkout0                                                                                                                                                                                                                                                                                                                                                                                          0           11                                                            0           11                   Ignored              False Path               
cam_pclk_6                                                                                                                                                                                                                                                                                                                                                   clk_100m_p                                                                                                                                                                                                                                                                                                                                                                                            0           11                                                            0           11                   Ignored              False Path               
cam_pclk_6                                                                                                                                                                                                                                                                                                                                                   mmcm_clkout0                                                                                                                                                                                                                                                                                                                                                                                          0           11                                                            0           11                   Ignored              False Path               
cam_pclk_7                                                                                                                                                                                                                                                                                                                                                   clk_100m_p                                                                                                                                                                                                                                                                                                                                                                                            0           11                                                            0           11                   Ignored              False Path               
cam_pclk_7                                                                                                                                                                                                                                                                                                                                                   mmcm_clkout0                                                                                                                                                                                                                                                                                                                                                                                          0           11                                                            0           11                   Ignored              False Path               
cam_pclk_8                                                                                                                                                                                                                                                                                                                                                   clk_100m_p                                                                                                                                                                                                                                                                                                                                                                                            0           11                                                            0           11                   Ignored              False Path               
cam_pclk_8                                                                                                                                                                                                                                                                                                                                                   mmcm_clkout0                                                                                                                                                                                                                                                                                                                                                                                          0           11                                                            0           11                   Ignored              False Path               
camera_video_clk                                                                                                                                                                                                                                                                                                                                             camera_video_clk                                                                                                                                                                                                                                                                                                                                             rise - rise     0.34     0.00            0       197841             6.66  rise - rise     0.01     0.00            0       197841             0.00  Clean                Partial False Path       
camera_video_clk                                                                                                                                                                                                                                                                                                                                             clk_100m_p                                                                                                                                                                                                                                                                                                                                                                                            0         6208                                                            0         6208                   Ignored              False Path               
camera_video_clk                                                                                                                                                                                                                                                                                                                                             clkout2_1                                                                                                                                                                                                                                                                                                                                                    rise - rise     6.19     0.00            0           23             6.66                                           0           23                   Ignored              Max Delay Datapath Only  
camera_video_clk                                                                                                                                                                                                                                                                                                                                             mmcm_clkout0                                                                                                                                                                                                                                                                                                                                                 rise - rise     0.29     0.00            0          499             3.33  rise - rise     0.01     0.00            0          499             0.00  Clean                Partial False Path       
clk_100m_p                                                                                                                                                                                                                                                                                                                                                   camera_video_clk                                                                                                                                                                                                                                                                                                                                             rise - rise    13.02     0.00            0         3217            13.33                                           0         3217                   Ignored              Max Delay Datapath Only  
clk_100m_p                                                                                                                                                                                                                                                                                                                                                   clk_100m_p                                                                                                                                                                                                                                                                                                                                                   rise - rise     1.85     0.00            0       122109            10.00  rise - rise     0.01     0.00            0       122109             0.00  Clean                Partial False Path       
clk_100m_p                                                                                                                                                                                                                                                                                                                                                   clk_out1_clk_wiz_ov7670                                                                                                                                                                                                                                                                                                                                                                               0           32                                                            0           32                   Ignored              False Path               
clk_100m_p                                                                                                                                                                                                                                                                                                                                                   clkout1                                                                                                                                                                                                                                                                                                                                                                                               0            1                                                            0            1                   Ignored              False Path               
clk_100m_p                                                                                                                                                                                                                                                                                                                                                   clkout2                                                                                                                                                                                                                                                                                                                                                      rise - rise     6.22     0.00            0           16             6.73                                           0           16                   Ignored              Max Delay Datapath Only  
clk_100m_p                                                                                                                                                                                                                                                                                                                                                   clkout2_1                                                                                                                                                                                                                                                                                                                                                    rise - rise     5.78     0.00            0           83             6.73                                           0           83                   Ignored              Max Delay Datapath Only  
clk_100m_p                                                                                                                                                                                                                                                                                                                                                   hdmi_rx_mgt_refclk                                                                                                                                                                                                                                                                                                                                                                                    0            4                                                            0            4                   Ignored              False Path               
clk_100m_p                                                                                                                                                                                                                                                                                                                                                   hdmi_tx_mgt_refclk                                                                                                                                                                                                                                                                                                                                                                                    0            4                                                            0            4                   Ignored              False Path               
clk_100m_p                                                                                                                                                                                                                                                                                                                                                   mmcm_clkout0                                                                                                                                                                                                                                                                                                                                                 rise - rise     6.43     0.00            0          711             6.66                                           0          711                   Ignored              Max Delay Datapath Only  
clk_100m_p                                                                                                                                                                                                                                                                                                                                                   rocket_bscan_tck                                                                                                                                                                                                                                                                                                                                                                                      0           49                                                            0           49                   Ignored              Asynchronous Groups      
clk_100m_p                                                                                                                                                                                                                                                                                                                                                   rxoutclk                                                                                                                                                                                                                                                                                                                                                     rise - rise     6.35     0.00            0           66             6.73                                           0           66                   Ignored              Max Delay Datapath Only  
clk_100m_p                                                                                                                                                                                                                                                                                                                                                   txoutclk                                                                                                                                                                                                                                                                                                                                                     rise - rise     6.09     0.00            0          344             6.73                                           0          344                   Ignored              Max Delay Datapath Only  
clk_100m_p                                                                                                                                                                                                                                                                                                                                                   u_camera_hdmi/u_hdmi/u_phy/u_vphy/inst/gt_wrapper_inst/inst/gen_gtwizard_gtye4_top.vid_phy_controller_0_gtwrapper_gtwizard_gtye4_inst/gen_gtwizard_gtye4.gen_cpll_cal_gtye4.gen_cpll_cal_inst[0].gen_inst_cpll_cal.gtwizard_ultrascale_v1_7_17_gtye4_cpll_cal_inst/gtwizard_ultrascale_v1_7_17_gtye4_cpll_cal_rx_i/gen_cal_rx_en.bufg_gt_rxoutclkmon_inst/O                                           0            7                                                            0            7                   Ignored              False Path               
clk_100m_p                                                                                                                                                                                                                                                                                                                                                   u_camera_hdmi/u_hdmi/u_phy/u_vphy/inst/gt_wrapper_inst/inst/gen_gtwizard_gtye4_top.vid_phy_controller_0_gtwrapper_gtwizard_gtye4_inst/gen_gtwizard_gtye4.gen_cpll_cal_gtye4.gen_cpll_cal_inst[0].gen_inst_cpll_cal.gtwizard_ultrascale_v1_7_17_gtye4_cpll_cal_inst/gtwizard_ultrascale_v1_7_17_gtye4_cpll_cal_tx_i/bufg_gt_txoutclkmon_inst/O                                                         0            7                                                            0            7                   Ignored              False Path               
clk_100m_p                                                                                                                                                                                                                                                                                                                                                   u_camera_hdmi/u_hdmi/u_phy/u_vphy/inst/gt_wrapper_inst/inst/gen_gtwizard_gtye4_top.vid_phy_controller_0_gtwrapper_gtwizard_gtye4_inst/gen_gtwizard_gtye4.gen_cpll_cal_gtye4.gen_cpll_cal_inst[1].gen_inst_cpll_cal.gtwizard_ultrascale_v1_7_17_gtye4_cpll_cal_inst/gtwizard_ultrascale_v1_7_17_gtye4_cpll_cal_rx_i/gen_cal_rx_en.bufg_gt_rxoutclkmon_inst/O                                           0            7                                                            0            7                   Ignored              False Path               
clk_100m_p                                                                                                                                                                                                                                                                                                                                                   u_camera_hdmi/u_hdmi/u_phy/u_vphy/inst/gt_wrapper_inst/inst/gen_gtwizard_gtye4_top.vid_phy_controller_0_gtwrapper_gtwizard_gtye4_inst/gen_gtwizard_gtye4.gen_cpll_cal_gtye4.gen_cpll_cal_inst[1].gen_inst_cpll_cal.gtwizard_ultrascale_v1_7_17_gtye4_cpll_cal_inst/gtwizard_ultrascale_v1_7_17_gtye4_cpll_cal_tx_i/bufg_gt_txoutclkmon_inst/O                                                         0            7                                                            0            7                   Ignored              False Path               
clk_100m_p                                                                                                                                                                                                                                                                                                                                                   u_camera_hdmi/u_hdmi/u_phy/u_vphy/inst/gt_wrapper_inst/inst/gen_gtwizard_gtye4_top.vid_phy_controller_0_gtwrapper_gtwizard_gtye4_inst/gen_gtwizard_gtye4.gen_cpll_cal_gtye4.gen_cpll_cal_inst[2].gen_inst_cpll_cal.gtwizard_ultrascale_v1_7_17_gtye4_cpll_cal_inst/gtwizard_ultrascale_v1_7_17_gtye4_cpll_cal_rx_i/gen_cal_rx_en.bufg_gt_rxoutclkmon_inst/O                                           0            7                                                            0            7                   Ignored              False Path               
clk_100m_p                                                                                                                                                                                                                                                                                                                                                   u_camera_hdmi/u_hdmi/u_phy/u_vphy/inst/gt_wrapper_inst/inst/gen_gtwizard_gtye4_top.vid_phy_controller_0_gtwrapper_gtwizard_gtye4_inst/gen_gtwizard_gtye4.gen_cpll_cal_gtye4.gen_cpll_cal_inst[2].gen_inst_cpll_cal.gtwizard_ultrascale_v1_7_17_gtye4_cpll_cal_inst/gtwizard_ultrascale_v1_7_17_gtye4_cpll_cal_tx_i/bufg_gt_txoutclkmon_inst/O                                                         0            7                                                            0            7                   Ignored              False Path               
clk_100m_p                                                                                                                                                                                                                                                                                                                                                   u_camera_hdmi/u_hdmi/u_phy/u_vphy/inst/gt_wrapper_inst/inst/gen_gtwizard_gtye4_top.vid_phy_controller_0_gtwrapper_gtwizard_gtye4_inst/gen_gtwizard_gtye4.gen_cpll_cal_gtye4.gen_cpll_cal_inst[3].gen_inst_cpll_cal.gtwizard_ultrascale_v1_7_17_gtye4_cpll_cal_inst/gtwizard_ultrascale_v1_7_17_gtye4_cpll_cal_rx_i/gen_cal_rx_en.bufg_gt_rxoutclkmon_inst/O                                           0            7                                                            0            7                   Ignored              False Path               
clk_100m_p                                                                                                                                                                                                                                                                                                                                                   u_camera_hdmi/u_hdmi/u_phy/u_vphy/inst/gt_wrapper_inst/inst/gen_gtwizard_gtye4_top.vid_phy_controller_0_gtwrapper_gtwizard_gtye4_inst/gen_gtwizard_gtye4.gen_cpll_cal_gtye4.gen_cpll_cal_inst[3].gen_inst_cpll_cal.gtwizard_ultrascale_v1_7_17_gtye4_cpll_cal_inst/gtwizard_ultrascale_v1_7_17_gtye4_cpll_cal_tx_i/bufg_gt_txoutclkmon_inst/O                                                         0            7                                                            0            7                   Ignored              False Path               
clk_25m                                                                                                                                                                                                                                                                                                                                                      clk_25m                                                                                                                                                                                                                                                                                                                                                      rise - rise    35.65     0.00            0          588            40.00  rise - rise     0.02     0.00            0          588             0.00  Clean                Timed                    
clk_out1_clk_wiz_ov7670                                                                                                                                                                                                                                                                                                                                      clk_100m_p                                                                                                                                                                                                                                                                                                                                                                                            0         3168                                                            0         3168                   Ignored              False Path               
clk_out1_clk_wiz_ov7670                                                                                                                                                                                                                                                                                                                                      clk_out1_clk_wiz_ov7670                                                                                                                                                                                                                                                                                                                                      rise - rise    36.72     0.00            0        12047            41.67  rise - rise     0.01     0.00            0        12047             0.00  Clean                Timed                    
clk_out1_clk_wiz_ov7670                                                                                                                                                                                                                                                                                                                                      mmcm_clkout0                                                                                                                                                                                                                                                                                                                                                                                          0            8                                                            0            8                   Ignored              False Path               
clkout2                                                                                                                                                                                                                                                                                                                                                      clk_100m_p                                                                                                                                                                                                                                                                                                                                                   rise - rise     3.03     0.00            0           30             3.37                                           0           30                   Ignored              Max Delay Datapath Only  
clkout2                                                                                                                                                                                                                                                                                                                                                      clkout1                                                                                                                                                                                                                                                                                                                                                      rise - rise     1.08     0.00            0            1             3.37  rise - rise     0.74     0.00            0            1             0.00  Clean                Timed                    
clkout2                                                                                                                                                                                                                                                                                                                                                      clkout2                                                                                                                                                                                                                                                                                                                                                      rise - rise     0.92     0.00            0         2840             3.37  rise - rise     0.01     0.00            0         2840             0.00  Clean                Partial False Path       
clkout2                                                                                                                                                                                                                                                                                                                                                      mmcm_clkout0                                                                                                                                                                                                                                                                                                                                                 rise - rise     2.77     0.00            0           12             3.37                                           0           12                   Ignored              Max Delay Datapath Only  
clkout2                                                                                                                                                                                                                                                                                                                                                      rxoutclk                                                                                                                                                                                                                                                                                                                                                                                              0           14                                                            0           14                   Ignored              False Path               
clkout2_1                                                                                                                                                                                                                                                                                                                                                    camera_video_clk                                                                                                                                                                                                                                                                                                                                             rise - rise     2.88     0.00            0           12             3.37                                           0           12                   Ignored              Max Delay Datapath Only  
clkout2_1                                                                                                                                                                                                                                                                                                                                                    clk_100m_p                                                                                                                                                                                                                                                                                                                                                   rise - rise     2.42     0.00            0           48             3.37                                           0           48                   Ignored              Max Delay Datapath Only  
clkout2_1                                                                                                                                                                                                                                                                                                                                                    clkout2_1                                                                                                                                                                                                                                                                                                                                                    rise - rise     0.48     0.00            0         8220             3.37  rise - rise     0.01     0.00            0         8220             0.00  Clean                Partial False Path       
clkout2_1                                                                                                                                                                                                                                                                                                                                                    txoutclk                                                                                                                                                                                                                                                                                                                                                     rise - rise     3.02     0.00            0          180             3.37                                           0          180                   Ignored              Max Delay Datapath Only  
dbg_hub/inst/BSCANID.u_xsdbm_id/SWITCH_N_EXT_BSCAN.bscan_inst/SERIES7_BSCAN.bscan_inst/INTERNAL_TCK                                                                                                                                                                                                                                                          dbg_hub/inst/BSCANID.u_xsdbm_id/SWITCH_N_EXT_BSCAN.bscan_inst/SERIES7_BSCAN.bscan_inst/INTERNAL_TCK                                                                                                                                                                                                                                                          rise - fall    11.26     0.00            0         1092            25.00  rise - rise     0.01     0.00            0         1092             0.00  Clean                Timed                    
dbg_hub/inst/BSCANID.u_xsdbm_id/SWITCH_N_EXT_BSCAN.bscan_inst/SERIES7_BSCAN.bscan_inst/INTERNAL_TCK                                                                                                                                                                                                                                                          mmcm_clkout5                                                                                                                                                                                                                                                                                                                                                 rise - rise    49.53     0.00            0           86            50.00                                           0           86                   Ignored              Max Delay Datapath Only  
hdmi_rx_mgt_refclk                                                                                                                                                                                                                                                                                                                                           clk_100m_p                                                                                                                                                                                                                                                                                                                                                                                            0           16                                                            0           16                   Ignored              False Path               
hdmi_rx_mgt_refclk                                                                                                                                                                                                                                                                                                                                           hdmi_rx_mgt_refclk                                                                                                                                                                                                                                                                                                                                           rise - rise     2.54     0.00            0           58             3.37  rise - rise     0.06     0.00            0           58             0.00  Clean                Timed                    
hdmi_tx_mgt_refclk                                                                                                                                                                                                                                                                                                                                           clk_100m_p                                                                                                                                                                                                                                                                                                                                                                                            0           18                                                            0           18                   Ignored              False Path               
hdmi_tx_mgt_refclk                                                                                                                                                                                                                                                                                                                                           hdmi_tx_mgt_refclk                                                                                                                                                                                                                                                                                                                                           rise - rise     2.57     0.00            0           58             3.37  rise - rise     0.06     0.00            0           58             0.00  Clean                Timed                    
mmcm_clkout0                                                                                                                                                                                                                                                                                                                                                 camera_video_clk                                                                                                                                                                                                                                                                                                                                             rise - rise     0.51     0.00            0         1136             3.33  rise - rise     0.06     0.00            0         1136             0.00  Clean                Partial False Path       
mmcm_clkout0                                                                                                                                                                                                                                                                                                                                                 clk_100m_p                                                                                                                                                                                                                                                                                                                                                   rise - rise     2.75     0.00            0        18058             3.33                                           0        18058                   Ignored              Max Delay Datapath Only  
mmcm_clkout0                                                                                                                                                                                                                                                                                                                                                 clkout2                                                                                                                                                                                                                                                                                                                                                      rise - rise     2.70     0.00            0           12             3.33                                           0           12                   Ignored              Max Delay Datapath Only  
mmcm_clkout0                                                                                                                                                                                                                                                                                                                                                 mmcm_clkout0                                                                                                                                                                                                                                                                                                                                                 rise - rise    -0.18    -1.58           22       168182             3.33  rise - rise     0.01     0.00            0       168182             0.00  Clean                Partial False Path       
mmcm_clkout0                                                                                                                                                                                                                                                                                                                                                 mmcm_clkout5                                                                                                                                                                                                                                                                                                                                                 rise - rise    11.42     0.00            0           10            12.00                                           0           10                   Ignored              Max Delay Datapath Only  
mmcm_clkout0                                                                                                                                                                                                                                                                                                                                                 mmcm_clkout6                                                                                                                                                                                                                                                                                                                                                 rise - rise     1.77     0.00            0           36             3.33  rise - rise     0.09     0.00            0           36             0.00  Clean                Timed                    
mmcm_clkout0                                                                                                                                                                                                                                                                                                                                                 pll_clk[0]_DIV                                                                                                                                                                                                                                                                                                                                               rise - rise     0.74     0.00            0          352             3.33  rise - rise     0.61     0.00            0          352             0.00  Clean                Timed                    
mmcm_clkout0                                                                                                                                                                                                                                                                                                                                                 pll_clk[1]_DIV                                                                                                                                                                                                                                                                                                                                               rise - rise     0.66     0.00            0          220             3.33  rise - rise     0.71     0.00            0          220             0.00  Clean                Timed                    
mmcm_clkout0                                                                                                                                                                                                                                                                                                                                                 pll_clk[2]_DIV                                                                                                                                                                                                                                                                                                                                               rise - rise     0.92     0.00            0          352             3.33  rise - rise     0.59     0.00            0          352             0.00  Clean                Timed                    
mmcm_clkout5                                                                                                                                                                                                                                                                                                                                                 dbg_hub/inst/BSCANID.u_xsdbm_id/SWITCH_N_EXT_BSCAN.bscan_inst/SERIES7_BSCAN.bscan_inst/INTERNAL_TCK                                                                                                                                                                                                                                                          rise - rise    12.93     0.00            0          102            13.33                                           0          102                   Ignored              Max Delay Datapath Only  
mmcm_clkout5                                                                                                                                                                                                                                                                                                                                                 mmcm_clkout0                                                                                                                                                                                                                                                                                                                                                 rise - rise     2.45     0.00            0           28             3.00                                           0           28                   Ignored              Max Delay Datapath Only  
mmcm_clkout5                                                                                                                                                                                                                                                                                                                                                 mmcm_clkout5                                                                                                                                                                                                                                                                                                                                                 rise - rise    10.86     0.00            0          932            13.33  rise - rise     0.03     0.00            0          932             0.00  Clean                Timed                    
mmcm_clkout6                                                                                                                                                                                                                                                                                                                                                 mmcm_clkout0                                                                                                                                                                                                                                                                                                                                                 rise - rise     1.64     0.00            0          131             3.00                                           0          131                   Ignored              Max Delay Datapath Only  
mmcm_clkout6                                                                                                                                                                                                                                                                                                                                                 mmcm_clkout6                                                                                                                                                                                                                                                                                                                                                 rise - rise     2.07     0.00            0         5686             6.66  rise - rise     0.02     0.00            0         5686             0.00  Clean                Partial False Path       
rocket_bscan_tck                                                                                                                                                                                                                                                                                                                                             clk_100m_p                                                                                                                                                                                                                                                                                                                                                                                            0           61                                                            0           61                   Ignored              Asynchronous Groups      
rocket_bscan_tck                                                                                                                                                                                                                                                                                                                                             rocket_bscan_tck                                                                                                                                                                                                                                                                                                                                             fall - rise    27.66     0.00            0          712            33.33  rise - rise     0.02     0.00            0          712             0.00  Clean                Timed                    
rxoutclk                                                                                                                                                                                                                                                                                                                                                     clk_100m_p                                                                                                                                                                                                                                                                                                                                                   rise - rise     2.94     0.00            0          181             3.37                                           0          181                   Ignored              Max Delay Datapath Only  
rxoutclk                                                                                                                                                                                                                                                                                                                                                     clkout2                                                                                                                                                                                                                                                                                                                                                      rise - rise     2.88     0.00            0          149             3.37                                           0          149                   Ignored              Max Delay Datapath Only  
rxoutclk                                                                                                                                                                                                                                                                                                                                                     rxoutclk                                                                                                                                                                                                                                                                                                                                                     rise - rise     0.64     0.00            0        14519             3.37  rise - rise     0.01     0.00            0        14519             0.00  Clean                Partial False Path       
txoutclk                                                                                                                                                                                                                                                                                                                                                     clk_100m_p                                                                                                                                                                                                                                                                                                                                                   rise - rise     2.64     0.00            0           32             3.37                                           0           32                   Ignored              Max Delay Datapath Only  
txoutclk                                                                                                                                                                                                                                                                                                                                                     txoutclk                                                                                                                                                                                                                                                                                                                                                     rise - rise     0.61     0.00            0        12747             3.37  rise - rise     0.01     0.00            0        12747             0.00  Clean                Partial False Path       
u_camera_hdmi/u_hdmi/u_phy/u_vphy/inst/gt_wrapper_inst/inst/gen_gtwizard_gtye4_top.vid_phy_controller_0_gtwrapper_gtwizard_gtye4_inst/gen_gtwizard_gtye4.gen_cpll_cal_gtye4.gen_cpll_cal_inst[0].gen_inst_cpll_cal.gtwizard_ultrascale_v1_7_17_gtye4_cpll_cal_inst/gtwizard_ultrascale_v1_7_17_gtye4_cpll_cal_rx_i/gen_cal_rx_en.bufg_gt_rxoutclkmon_inst/O  clk_100m_p                                                                                                                                                                                                                                                                                                                                                                                            0           18                                                            0           18                   Ignored              False Path               
u_camera_hdmi/u_hdmi/u_phy/u_vphy/inst/gt_wrapper_inst/inst/gen_gtwizard_gtye4_top.vid_phy_controller_0_gtwrapper_gtwizard_gtye4_inst/gen_gtwizard_gtye4.gen_cpll_cal_gtye4.gen_cpll_cal_inst[0].gen_inst_cpll_cal.gtwizard_ultrascale_v1_7_17_gtye4_cpll_cal_inst/gtwizard_ultrascale_v1_7_17_gtye4_cpll_cal_rx_i/gen_cal_rx_en.bufg_gt_rxoutclkmon_inst/O  u_camera_hdmi/u_hdmi/u_phy/u_vphy/inst/gt_wrapper_inst/inst/gen_gtwizard_gtye4_top.vid_phy_controller_0_gtwrapper_gtwizard_gtye4_inst/gen_gtwizard_gtye4.gen_cpll_cal_gtye4.gen_cpll_cal_inst[0].gen_inst_cpll_cal.gtwizard_ultrascale_v1_7_17_gtye4_cpll_cal_inst/gtwizard_ultrascale_v1_7_17_gtye4_cpll_cal_rx_i/gen_cal_rx_en.bufg_gt_rxoutclkmon_inst/O  rise - rise     1.90     0.00            0           68             3.37  rise - rise     0.04     0.00            0           68             0.00  Clean                Timed                    
u_camera_hdmi/u_hdmi/u_phy/u_vphy/inst/gt_wrapper_inst/inst/gen_gtwizard_gtye4_top.vid_phy_controller_0_gtwrapper_gtwizard_gtye4_inst/gen_gtwizard_gtye4.gen_cpll_cal_gtye4.gen_cpll_cal_inst[0].gen_inst_cpll_cal.gtwizard_ultrascale_v1_7_17_gtye4_cpll_cal_inst/gtwizard_ultrascale_v1_7_17_gtye4_cpll_cal_tx_i/bufg_gt_txoutclkmon_inst/O                clk_100m_p                                                                                                                                                                                                                                                                                                                                                                                            0           18                                                            0           18                   Ignored              False Path               
u_camera_hdmi/u_hdmi/u_phy/u_vphy/inst/gt_wrapper_inst/inst/gen_gtwizard_gtye4_top.vid_phy_controller_0_gtwrapper_gtwizard_gtye4_inst/gen_gtwizard_gtye4.gen_cpll_cal_gtye4.gen_cpll_cal_inst[0].gen_inst_cpll_cal.gtwizard_ultrascale_v1_7_17_gtye4_cpll_cal_inst/gtwizard_ultrascale_v1_7_17_gtye4_cpll_cal_tx_i/bufg_gt_txoutclkmon_inst/O                u_camera_hdmi/u_hdmi/u_phy/u_vphy/inst/gt_wrapper_inst/inst/gen_gtwizard_gtye4_top.vid_phy_controller_0_gtwrapper_gtwizard_gtye4_inst/gen_gtwizard_gtye4.gen_cpll_cal_gtye4.gen_cpll_cal_inst[0].gen_inst_cpll_cal.gtwizard_ultrascale_v1_7_17_gtye4_cpll_cal_inst/gtwizard_ultrascale_v1_7_17_gtye4_cpll_cal_tx_i/bufg_gt_txoutclkmon_inst/O                rise - rise     2.18     0.00            0           68             3.37  rise - rise     0.04     0.00            0           68             0.00  Clean                Timed                    
u_camera_hdmi/u_hdmi/u_phy/u_vphy/inst/gt_wrapper_inst/inst/gen_gtwizard_gtye4_top.vid_phy_controller_0_gtwrapper_gtwizard_gtye4_inst/gen_gtwizard_gtye4.gen_cpll_cal_gtye4.gen_cpll_cal_inst[1].gen_inst_cpll_cal.gtwizard_ultrascale_v1_7_17_gtye4_cpll_cal_inst/gtwizard_ultrascale_v1_7_17_gtye4_cpll_cal_rx_i/gen_cal_rx_en.bufg_gt_rxoutclkmon_inst/O  clk_100m_p                                                                                                                                                                                                                                                                                                                                                                                            0           18                                                            0           18                   Ignored              False Path               
u_camera_hdmi/u_hdmi/u_phy/u_vphy/inst/gt_wrapper_inst/inst/gen_gtwizard_gtye4_top.vid_phy_controller_0_gtwrapper_gtwizard_gtye4_inst/gen_gtwizard_gtye4.gen_cpll_cal_gtye4.gen_cpll_cal_inst[1].gen_inst_cpll_cal.gtwizard_ultrascale_v1_7_17_gtye4_cpll_cal_inst/gtwizard_ultrascale_v1_7_17_gtye4_cpll_cal_rx_i/gen_cal_rx_en.bufg_gt_rxoutclkmon_inst/O  u_camera_hdmi/u_hdmi/u_phy/u_vphy/inst/gt_wrapper_inst/inst/gen_gtwizard_gtye4_top.vid_phy_controller_0_gtwrapper_gtwizard_gtye4_inst/gen_gtwizard_gtye4.gen_cpll_cal_gtye4.gen_cpll_cal_inst[1].gen_inst_cpll_cal.gtwizard_ultrascale_v1_7_17_gtye4_cpll_cal_inst/gtwizard_ultrascale_v1_7_17_gtye4_cpll_cal_rx_i/gen_cal_rx_en.bufg_gt_rxoutclkmon_inst/O  rise - rise     2.13     0.00            0           68             3.37  rise - rise     0.05     0.00            0           68             0.00  Clean                Timed                    
u_camera_hdmi/u_hdmi/u_phy/u_vphy/inst/gt_wrapper_inst/inst/gen_gtwizard_gtye4_top.vid_phy_controller_0_gtwrapper_gtwizard_gtye4_inst/gen_gtwizard_gtye4.gen_cpll_cal_gtye4.gen_cpll_cal_inst[1].gen_inst_cpll_cal.gtwizard_ultrascale_v1_7_17_gtye4_cpll_cal_inst/gtwizard_ultrascale_v1_7_17_gtye4_cpll_cal_tx_i/bufg_gt_txoutclkmon_inst/O                clk_100m_p                                                                                                                                                                                                                                                                                                                                                                                            0           18                                                            0           18                   Ignored              False Path               
u_camera_hdmi/u_hdmi/u_phy/u_vphy/inst/gt_wrapper_inst/inst/gen_gtwizard_gtye4_top.vid_phy_controller_0_gtwrapper_gtwizard_gtye4_inst/gen_gtwizard_gtye4.gen_cpll_cal_gtye4.gen_cpll_cal_inst[1].gen_inst_cpll_cal.gtwizard_ultrascale_v1_7_17_gtye4_cpll_cal_inst/gtwizard_ultrascale_v1_7_17_gtye4_cpll_cal_tx_i/bufg_gt_txoutclkmon_inst/O                u_camera_hdmi/u_hdmi/u_phy/u_vphy/inst/gt_wrapper_inst/inst/gen_gtwizard_gtye4_top.vid_phy_controller_0_gtwrapper_gtwizard_gtye4_inst/gen_gtwizard_gtye4.gen_cpll_cal_gtye4.gen_cpll_cal_inst[1].gen_inst_cpll_cal.gtwizard_ultrascale_v1_7_17_gtye4_cpll_cal_inst/gtwizard_ultrascale_v1_7_17_gtye4_cpll_cal_tx_i/bufg_gt_txoutclkmon_inst/O                rise - rise     1.83     0.00            0           68             3.37  rise - rise     0.05     0.00            0           68             0.00  Clean                Timed                    
u_camera_hdmi/u_hdmi/u_phy/u_vphy/inst/gt_wrapper_inst/inst/gen_gtwizard_gtye4_top.vid_phy_controller_0_gtwrapper_gtwizard_gtye4_inst/gen_gtwizard_gtye4.gen_cpll_cal_gtye4.gen_cpll_cal_inst[2].gen_inst_cpll_cal.gtwizard_ultrascale_v1_7_17_gtye4_cpll_cal_inst/gtwizard_ultrascale_v1_7_17_gtye4_cpll_cal_rx_i/gen_cal_rx_en.bufg_gt_rxoutclkmon_inst/O  clk_100m_p                                                                                                                                                                                                                                                                                                                                                                                            0           18                                                            0           18                   Ignored              False Path               
u_camera_hdmi/u_hdmi/u_phy/u_vphy/inst/gt_wrapper_inst/inst/gen_gtwizard_gtye4_top.vid_phy_controller_0_gtwrapper_gtwizard_gtye4_inst/gen_gtwizard_gtye4.gen_cpll_cal_gtye4.gen_cpll_cal_inst[2].gen_inst_cpll_cal.gtwizard_ultrascale_v1_7_17_gtye4_cpll_cal_inst/gtwizard_ultrascale_v1_7_17_gtye4_cpll_cal_rx_i/gen_cal_rx_en.bufg_gt_rxoutclkmon_inst/O  u_camera_hdmi/u_hdmi/u_phy/u_vphy/inst/gt_wrapper_inst/inst/gen_gtwizard_gtye4_top.vid_phy_controller_0_gtwrapper_gtwizard_gtye4_inst/gen_gtwizard_gtye4.gen_cpll_cal_gtye4.gen_cpll_cal_inst[2].gen_inst_cpll_cal.gtwizard_ultrascale_v1_7_17_gtye4_cpll_cal_inst/gtwizard_ultrascale_v1_7_17_gtye4_cpll_cal_rx_i/gen_cal_rx_en.bufg_gt_rxoutclkmon_inst/O  rise - rise     2.47     0.00            0           68             3.37  rise - rise     0.04     0.00            0           68             0.00  Clean                Timed                    
u_camera_hdmi/u_hdmi/u_phy/u_vphy/inst/gt_wrapper_inst/inst/gen_gtwizard_gtye4_top.vid_phy_controller_0_gtwrapper_gtwizard_gtye4_inst/gen_gtwizard_gtye4.gen_cpll_cal_gtye4.gen_cpll_cal_inst[2].gen_inst_cpll_cal.gtwizard_ultrascale_v1_7_17_gtye4_cpll_cal_inst/gtwizard_ultrascale_v1_7_17_gtye4_cpll_cal_tx_i/bufg_gt_txoutclkmon_inst/O                clk_100m_p                                                                                                                                                                                                                                                                                                                                                                                            0           18                                                            0           18                   Ignored              False Path               
u_camera_hdmi/u_hdmi/u_phy/u_vphy/inst/gt_wrapper_inst/inst/gen_gtwizard_gtye4_top.vid_phy_controller_0_gtwrapper_gtwizard_gtye4_inst/gen_gtwizard_gtye4.gen_cpll_cal_gtye4.gen_cpll_cal_inst[2].gen_inst_cpll_cal.gtwizard_ultrascale_v1_7_17_gtye4_cpll_cal_inst/gtwizard_ultrascale_v1_7_17_gtye4_cpll_cal_tx_i/bufg_gt_txoutclkmon_inst/O                u_camera_hdmi/u_hdmi/u_phy/u_vphy/inst/gt_wrapper_inst/inst/gen_gtwizard_gtye4_top.vid_phy_controller_0_gtwrapper_gtwizard_gtye4_inst/gen_gtwizard_gtye4.gen_cpll_cal_gtye4.gen_cpll_cal_inst[2].gen_inst_cpll_cal.gtwizard_ultrascale_v1_7_17_gtye4_cpll_cal_inst/gtwizard_ultrascale_v1_7_17_gtye4_cpll_cal_tx_i/bufg_gt_txoutclkmon_inst/O                rise - rise     2.54     0.00            0           68             3.37  rise - rise     0.05     0.00            0           68             0.00  Clean                Timed                    
u_camera_hdmi/u_hdmi/u_phy/u_vphy/inst/gt_wrapper_inst/inst/gen_gtwizard_gtye4_top.vid_phy_controller_0_gtwrapper_gtwizard_gtye4_inst/gen_gtwizard_gtye4.gen_cpll_cal_gtye4.gen_cpll_cal_inst[3].gen_inst_cpll_cal.gtwizard_ultrascale_v1_7_17_gtye4_cpll_cal_inst/gtwizard_ultrascale_v1_7_17_gtye4_cpll_cal_rx_i/gen_cal_rx_en.bufg_gt_rxoutclkmon_inst/O  clk_100m_p                                                                                                                                                                                                                                                                                                                                                                                            0           18                                                            0           18                   Ignored              False Path               
u_camera_hdmi/u_hdmi/u_phy/u_vphy/inst/gt_wrapper_inst/inst/gen_gtwizard_gtye4_top.vid_phy_controller_0_gtwrapper_gtwizard_gtye4_inst/gen_gtwizard_gtye4.gen_cpll_cal_gtye4.gen_cpll_cal_inst[3].gen_inst_cpll_cal.gtwizard_ultrascale_v1_7_17_gtye4_cpll_cal_inst/gtwizard_ultrascale_v1_7_17_gtye4_cpll_cal_rx_i/gen_cal_rx_en.bufg_gt_rxoutclkmon_inst/O  u_camera_hdmi/u_hdmi/u_phy/u_vphy/inst/gt_wrapper_inst/inst/gen_gtwizard_gtye4_top.vid_phy_controller_0_gtwrapper_gtwizard_gtye4_inst/gen_gtwizard_gtye4.gen_cpll_cal_gtye4.gen_cpll_cal_inst[3].gen_inst_cpll_cal.gtwizard_ultrascale_v1_7_17_gtye4_cpll_cal_inst/gtwizard_ultrascale_v1_7_17_gtye4_cpll_cal_rx_i/gen_cal_rx_en.bufg_gt_rxoutclkmon_inst/O  rise - rise     1.82     0.00            0           68             3.37  rise - rise     0.04     0.00            0           68             0.00  Clean                Timed                    
u_camera_hdmi/u_hdmi/u_phy/u_vphy/inst/gt_wrapper_inst/inst/gen_gtwizard_gtye4_top.vid_phy_controller_0_gtwrapper_gtwizard_gtye4_inst/gen_gtwizard_gtye4.gen_cpll_cal_gtye4.gen_cpll_cal_inst[3].gen_inst_cpll_cal.gtwizard_ultrascale_v1_7_17_gtye4_cpll_cal_inst/gtwizard_ultrascale_v1_7_17_gtye4_cpll_cal_tx_i/bufg_gt_txoutclkmon_inst/O                clk_100m_p                                                                                                                                                                                                                                                                                                                                                                                            0           18                                                            0           18                   Ignored              False Path               
u_camera_hdmi/u_hdmi/u_phy/u_vphy/inst/gt_wrapper_inst/inst/gen_gtwizard_gtye4_top.vid_phy_controller_0_gtwrapper_gtwizard_gtye4_inst/gen_gtwizard_gtye4.gen_cpll_cal_gtye4.gen_cpll_cal_inst[3].gen_inst_cpll_cal.gtwizard_ultrascale_v1_7_17_gtye4_cpll_cal_inst/gtwizard_ultrascale_v1_7_17_gtye4_cpll_cal_tx_i/bufg_gt_txoutclkmon_inst/O                u_camera_hdmi/u_hdmi/u_phy/u_vphy/inst/gt_wrapper_inst/inst/gen_gtwizard_gtye4_top.vid_phy_controller_0_gtwrapper_gtwizard_gtye4_inst/gen_gtwizard_gtye4.gen_cpll_cal_gtye4.gen_cpll_cal_inst[3].gen_inst_cpll_cal.gtwizard_ultrascale_v1_7_17_gtye4_cpll_cal_inst/gtwizard_ultrascale_v1_7_17_gtye4_cpll_cal_tx_i/bufg_gt_txoutclkmon_inst/O                rise - rise     2.19     0.00            0           68             3.37  rise - rise     0.06     0.00            0           68             0.00  Clean                Timed                    


