Copyright 1986-2022 Xilinx, Inc. All Rights Reserved. Copyright 2022-2023 Advanced Micro Devices, Inc. All Rights Reserved.
---------------------------------------------------------------------------------------------------------------------------------------------------------
| Tool Version : Vivado v.2023.2 (lin64) Build 4029153 Fri Oct 13 20:13:54 MDT 2023
| Date         : Sun Sep  6 17:53:33 2026
| Host         : tsmc184 running 64-bit Ubuntu 22.04.5 LTS
| Command      : report_design_analysis -congestion -file /mnt/data/wzr/13p/ov7670/sixteen_camera/reports/video_timing_refactor/P4/routed/congestion.rpt
| Design       : top_wrapper
| Device       : xcvu13p
| Design State : Routed
---------------------------------------------------------------------------------------------------------------------------------------------------------

Report Design Analysis

Table of Contents
-----------------
1. Placer Final Level Congestion Reporting
2. Router Initial Congestion
3. SLR Net Crossing Reporting

1. Placer Final Level Congestion Reporting
------------------------------------------

+-----------+------+-------+--------+---------------+---------------+-----+--------+------+------+------+------+-----+-------+-----+------------+
| Direction | Type | Level | Window | Combined LUTs | Avg LUT Input | LUT | LUTRAM | Flop | MUXF | RAMB | URAM | DSP | CARRY | SRL | Cell Names |
+-----------+------+-------+--------+---------------+---------------+-----+--------+------+------+------+------+-----+-------+-----+------------+
* No congestion windows are found above level 5


2. Router Initial Congestion
----------------------------

+-----------+------+-------+--------+---------------+---------------+-----+--------+------+------+------+------+-----+-------+-----+------------+-------------+
| Direction | Type | Level | Window | Combined LUTs | Avg LUT Input | LUT | LUTRAM | Flop | MUXF | RAMB | URAM | DSP | CARRY | SRL | Cell Names | Sub Windows |
+-----------+------+-------+--------+---------------+---------------+-----+--------+------+------+------+------+-----+-------+-----+------------+-------------+
* No effective congestion windows are found above level 5


3. SLR Net Crossing Reporting
-----------------------------

+----------------------------------+-----------------------------+-------------+-------------+-------------+-------------+-------------+-------------+
|            Cell Names            | Number of Nets crossing SLR | 0 - 1 Cuts  | 0 - 2 Cuts  | 0 - 3 Cuts  | 1 - 2 Cuts  | 1 - 3 Cuts  | 2 - 3 Cuts  |
+----------------------------------+-----------------------------+-------------+-------------+-------------+-------------+-------------+-------------+
| c0_init_calib_complete_OBUF_inst | 1                           | 1           | 0           | 0           | 0           | 0           | 0           |
| dbg_hub                          | 5                           | 5           | 0           | 0           | 0           | 0           | 0           |
| g_ov7670_io[0].u_pwdn_iobuf      | 1                           | 0           | 0           | 0           | 0           | 0           | 1           |
| g_ov7670_io[0].u_reset_n_iobuf   | 1                           | 0           | 0           | 0           | 0           | 0           | 1           |
| g_ov7670_io[0].u_scl_iobuf       | 1                           | 0           | 0           | 0           | 0           | 0           | 1           |
| g_ov7670_io[0].u_xclk_iobuf      | 1                           | 0           | 0           | 0           | 0           | 0           | 1           |
| g_ov7670_io[1].u_pwdn_iobuf      | 1                           | 0           | 0           | 0           | 0           | 0           | 1           |
| g_ov7670_io[1].u_reset_n_iobuf   | 1                           | 0           | 0           | 0           | 0           | 0           | 1           |
| g_ov7670_io[1].u_scl_iobuf       | 1                           | 0           | 0           | 0           | 0           | 0           | 1           |
| g_ov7670_io[1].u_xclk_iobuf      | 1                           | 0           | 0           | 0           | 0           | 0           | 1           |
| g_ov7670_io[2].u_pwdn_iobuf      | 1                           | 0           | 0           | 0           | 0           | 0           | 1           |
| g_ov7670_io[2].u_reset_n_iobuf   | 1                           | 0           | 0           | 0           | 0           | 0           | 1           |
| g_ov7670_io[2].u_scl_iobuf       | 1                           | 0           | 0           | 0           | 0           | 0           | 1           |
| g_ov7670_io[2].u_xclk_iobuf      | 1                           | 0           | 0           | 0           | 0           | 0           | 1           |
| g_ov7670_io[3].u_pwdn_iobuf      | 1                           | 0           | 0           | 0           | 0           | 0           | 1           |
| g_ov7670_io[3].u_reset_n_iobuf   | 1                           | 0           | 0           | 0           | 0           | 0           | 1           |
| g_ov7670_io[3].u_scl_iobuf       | 1                           | 0           | 0           | 0           | 0           | 0           | 1           |
| g_ov7670_io[3].u_xclk_iobuf      | 1                           | 0           | 0           | 0           | 0           | 0           | 1           |
| g_ov7670_io[4].u_pwdn_iobuf      | 1                           | 0           | 0           | 0           | 1           | 0           | 0           |
| g_ov7670_io[4].u_reset_n_iobuf   | 1                           | 0           | 0           | 0           | 1           | 0           | 0           |
| g_ov7670_io[4].u_scl_iobuf       | 1                           | 0           | 0           | 0           | 1           | 0           | 0           |
| g_ov7670_io[4].u_xclk_iobuf      | 1                           | 0           | 0           | 0           | 1           | 0           | 0           |
| g_ov7670_io[5].u_pwdn_iobuf      | 1                           | 0           | 0           | 0           | 1           | 0           | 0           |
| g_ov7670_io[5].u_reset_n_iobuf   | 1                           | 0           | 0           | 0           | 1           | 0           | 0           |
| g_ov7670_io[5].u_scl_iobuf       | 1                           | 0           | 0           | 0           | 1           | 0           | 0           |
| g_ov7670_io[5].u_xclk_iobuf      | 1                           | 0           | 0           | 0           | 1           | 0           | 0           |
| g_ov7670_io[6].u_pwdn_iobuf      | 1                           | 0           | 0           | 0           | 1           | 0           | 0           |
| g_ov7670_io[6].u_reset_n_iobuf   | 1                           | 0           | 0           | 0           | 1           | 0           | 0           |
| g_ov7670_io[6].u_scl_iobuf       | 1                           | 0           | 0           | 0           | 1           | 0           | 0           |
| g_ov7670_io[6].u_xclk_iobuf      | 1                           | 0           | 0           | 0           | 1           | 0           | 0           |
| g_ov7670_io[7].u_pwdn_iobuf      | 1                           | 0           | 0           | 0           | 1           | 0           | 0           |
| g_ov7670_io[7].u_reset_n_iobuf   | 1                           | 0           | 0           | 0           | 1           | 0           | 0           |
| g_ov7670_io[7].u_scl_iobuf       | 1                           | 0           | 0           | 0           | 1           | 0           | 0           |
| g_ov7670_io[7].u_xclk_iobuf      | 1                           | 0           | 0           | 0           | 1           | 0           | 0           |
| si5338_scl1_OBUF_inst            | 1                           | 1           | 0           | 0           | 0           | 0           | 0           |
| si5338_scl2_OBUF_inst            | 1                           | 1           | 0           | 0           | 0           | 0           | 0           |
| si5338_sda1_IOBUF_inst           | 2                           | 2           | 0           | 0           | 0           | 0           | 0           |
| si5338_sda2_IOBUF_inst           | 2                           | 2           | 0           | 0           | 0           | 0           | 0           |
| u_camera_hdmi                    | 495                         | 0           | 1           | 0           | 378         | 0           | 116         |
| u_camera_hdmi/u_camera_subsystem | 108                         | 0           | 0           | 0           | 104         | 0           | 4           |
| u_control_soc                    | 6                           | 4           | 0           | 0           | 2           | 0           | 0           |
| u_ddr_memory                     | 206                         | 15          | 0           | 0           | 191         | 0           | 0           |
| u_ddr_memory/u_ddr_bd            | 1140                        | 1140        | 0           | 0           | 0           | 0           | 0           |
| u_ddr_memory/u_ddr_bd/design_1_i | 143                         | 143         | 0           | 0           | 0           | 0           | 0           |
| uart_txd_OBUF_inst               | 1                           | 1           | 0           | 0           | 0           | 0           | 0           |
+----------------------------------+-----------------------------+-------------+-------------+-------------+-------------+-------------+-------------+


