Copyright 1986-2022 Xilinx, Inc. All Rights Reserved. Copyright 2022-2023 Advanced Micro Devices, Inc. All Rights Reserved.
--------------------------------------------------------------------------------------------------------------------------------------------------------------
| Tool Version      : Vivado v.2023.2 (lin64) Build 4029153 Fri Oct 13 20:13:54 MDT 2023
| Date              : Sun Sep  6 17:53:21 2026
| Host              : tsmc184 running 64-bit Ubuntu 22.04.5 LTS
| Command           : report_exceptions -ignored -file /mnt/data/wzr/13p/ov7670/sixteen_camera/reports/video_timing_refactor/P4/routed/exceptions_ignored.rpt
| Design            : top_wrapper
| Device            : xcvu13p-fhga2104
| Speed File        : -2  PRODUCTION 1.28 03-30-2022
| Design State      : Routed
| Temperature Grade : I
--------------------------------------------------------------------------------------------------------------------------------------------------------------

Exceptions Report

Position  From                                 Through                                                         To                                                                                Setup           Hold            Status                           
--------  -----------------------------------  --------------------------------------------------------------  --------------------------------------------------------------------------------  --------------  --------------  ---------------------------------
30        [get_pins */input_rst_design_reg/C]  *                                                               [get_pins {*/rst_div_sync_r_reg[0]/D}]                                            false           false           Non-existent path                
31        [get_pins */input_rst_design_reg/C]  *                                                               [get_pins {*/rst_riu_sync_r_reg[0]/D}]                                            false           false           Non-existent path                
32        [get_pins */input_rst_design_reg/C]  *                                                               [get_pins {*/rst_mb_sync_r_reg[0]/D}]                                             false           false           Non-existent path                
36        *                                    [get_ports -scoped_to_current_instance SYS_Rst]                 *                                                                                 false           false           Non-existent path                
37        *                                    [get_ports -scoped_to_current_instance SYS_Rst]                 *                                                                                 false           false           Non-existent path                
99        *                                    *                                                               [get_pins -filter REF_PIN_NAME=~*D -of_objects [get_cells -hierarchical -filter   false           false           Invalid endpoint                 
                                                                                                               {NAME =~ *reset_synchronizer*inst/rst_in_meta*}]]                                                                 
204       *                                    *                                                               [get_cells {syncstages_ff_reg[0][*]}]                                             false           false           Non-existent path                
382       *                                    [get_ports -scoped_to_current_instance -no_traverse src_arst]   *                                                                                 false           false           Totally overridden path by FP 165
383       *                                    [get_ports -scoped_to_current_instance -no_traverse src_arst]   *                                                                                 false           false           Totally overridden path by FP 165
384       *                                    [get_ports -scoped_to_current_instance -no_traverse src_arst]   *                                                                                 false           false           Totally overridden path by FP 165
385       *                                    [get_ports -scoped_to_current_instance -no_traverse src_arst]   *                                                                                 false           false           Totally overridden path by FP 165
386       *                                    [get_ports -scoped_to_current_instance -no_traverse src_arst]   *                                                                                 false           false           Totally overridden path by FP 165
387       *                                    [get_ports -scoped_to_current_instance -no_traverse src_arst]   *                                                                                 false           false           Totally overridden path by FP 165
388       *                                    [get_ports -scoped_to_current_instance -no_traverse src_arst]   *                                                                                 false           false           Totally overridden path by FP 165
389       *                                    [get_ports -scoped_to_current_instance -no_traverse src_arst]   *                                                                                 false           false           Non-existent path                
390       *                                    [get_ports -scoped_to_current_instance -no_traverse src_arst]   *                                                                                 false           false           Totally overridden path by FP 169
391       *                                    [get_ports -scoped_to_current_instance -no_traverse src_arst]   *                                                                                 false           false           Totally overridden path by FP 170
392       *                                    [get_ports -scoped_to_current_instance -no_traverse src_arst]   *                                                                                 false           false           Totally overridden path by FP 165
702       *                                    *                                                               [get_cells {syncstages_ff_reg[0]}]                                                false           false           Non-existent path                
703       *                                    *                                                               [get_cells {syncstages_ff_reg[0]}]                                                false           false           Non-existent path                
704       *                                    *                                                               [get_cells {syncstages_ff_reg[0]}]                                                false           false           Non-existent path                
803       *                                    *                                                               [get_cells {syncstages_ff_reg[0]}]                                                false           false           Non-existent path                
829       *                                    *                                                               [get_cells {syncstages_ff_reg[0]}]                                                false           false           Non-existent path                
830       *                                    *                                                               [get_cells {syncstages_ff_reg[0]}]                                                false           false           Non-existent path                
838       *                                    *                                                               [get_cells {syncstages_ff_reg[0]}]                                                false           false           Non-existent path                
839       *                                    *                                                               [get_cells {syncstages_ff_reg[0]}]                                                false           false           Non-existent path                
847       *                                    *                                                               [get_cells {syncstages_ff_reg[0]}]                                                false           false           Non-existent path                
852       *                                    *                                                               [get_cells {syncstages_ff_reg[0]}]                                                false           false           Non-existent path                
854       *                                    *                                                               [get_cells {syncstages_ff_reg[0]}]                                                false           false           Non-existent path                
877       *                                    *                                                               [get_cells {syncstages_ff_reg[0]}]                                                false           false           Non-existent path                
885       *                                    *                                                               [get_cells {syncstages_ff_reg[0]}]                                                false           false           Non-existent path                
886       *                                    *                                                               [get_cells {syncstages_ff_reg[0]}]                                                false           false           Non-existent path                

