Copyright 1986-2022 Xilinx, Inc. All Rights Reserved. Copyright 2022-2023 Advanced Micro Devices, Inc. All Rights Reserved.
----------------------------------------------------------------------------------------------------------------------------------------------------------------
| Tool Version      : Vivado v.2023.2 (lin64) Build 4029153 Fri Oct 13 20:13:54 MDT 2023
| Date              : Sun Sep  6 17:53:17 2026
| Host              : tsmc184 running 64-bit Ubuntu 22.04.5 LTS
| Command           : report_exceptions -coverage -file /mnt/data/wzr/13p/ov7670/sixteen_camera/reports/video_timing_refactor/P4/routed/exceptions_coverage.rpt
| Design            : top_wrapper
| Device            : xcvu13p-fhga2104
| Speed File        : -2  PRODUCTION 1.28 03-30-2022
| Design State      : Routed
| Temperature Grade : I
----------------------------------------------------------------------------------------------------------------------------------------------------------------

Exceptions Report

Position  Type                     Setup           Hold   From      Through   To          Endpoints  From (%)  Through (%)  To (%)
--------  -----------------------  --------------  -----  --------  --------  ----------  ---------  --------  -----------  ------
1         False Path               false           false                      1 pins      1                                 100.00
2         False Path               false           false                      2 pins      1                                 50.00
4         False Path               -               false                      138 pins    138                               100.00
5         False Path               -               false                      368 pins    368                               100.00
6         Max Delay Datapath Only  max_dpo=5       -      1 pins              1 pins      1          100.00                 100.00
7         Max Delay Datapath Only  max_dpo=5       -      32 pins             32 pins     32         100.00                 100.00
8         Max Delay Datapath Only  max_dpo=3       -      1 pins              1 pins      1          100.00                 100.00
9         Max Delay Datapath Only  max_dpo=3       -      1 pins              1 pins      1          100.00                 100.00
10        Max Delay Datapath Only  max_dpo=3       -      1 pins              1 pins      1          100.00                 100.00
11        Max Delay Datapath Only  max_dpo=3       -      1 pins              1 pins      1          100.00                 100.00
12        Max Delay Datapath Only  max_dpo=3       -      28 pins             32 pins     28         100.00                 87.50
13        Max Delay Datapath Only  max_dpo=3       -      32 pins             32 pins     32         100.00                 100.00
14        Max Delay Datapath Only  max_dpo=10      -      1 pins              1 pins      1          100.00                 100.00
15        Max Delay Datapath Only  max_dpo=10      -      20 pins             20 pins     20         100.00                 100.00
16        Max Delay Datapath Only  max_dpo=10      -      12 pins             20 pins     12         100.00                 60.00
17        Max Delay Datapath Only  max_dpo=10      -      11 pins             20 pins     11         100.00                 55.00
18        Max Delay Datapath Only  max_dpo=10      -      12 pins             20 pins     12         100.00                 60.00
19        Max Delay Datapath Only  max_dpo=10      -      11 pins             20 pins     11         100.00                 55.00
20        Max Delay Datapath Only  max_dpo=10      -      1 pins              1 pins      1          100.00                 100.00
21        Max Delay Datapath Only  max_dpo=3       -      1 pins              1 pins      1          100.00                 100.00
22        Max Delay Datapath Only  max_dpo=3       -      1 pins              1 pins      1          100.00                 100.00
23        Max Delay Datapath Only  max_dpo=3       -      1 pins              1 pins      1          100.00                 100.00
24        Max Delay Datapath Only  max_dpo=3       -      16 pins             16 pins     16         100.00                 100.00
25        Max Delay Datapath Only  max_dpo=3       -      9 pins              9 pins      9          100.00                 100.00
26        Max Delay Datapath Only  max_dpo=3       -      1 pins              1 pins      1          100.00                 100.00
27        Max Delay Datapath Only  max_dpo=12      -      1 pins              1 pins      1          100.00                 100.00
28        Max Delay Datapath Only  max_dpo=12      -      9 pins              9 pins      9          100.00                 100.00
29        False Path               false           false            1 pins                2                    100.00        
30        False Path               false           false  1 pins              1 pins      0          0.00                   0.00
31        False Path               false           false  1 pins              1 pins      0          0.00                   0.00
32        False Path               false           false  1 pins              1 pins      0          0.00                   0.00
33        False Path               false           false  1 pins              1 pins      1          100.00                 100.00
34        False Path               false           false  1 pins              1 pins      1          100.00                 100.00
35        False Path               false           false  1 pins              1 pins      1          100.00                 100.00
36        False Path               false           false            1 pins                0                    0.00          
37        False Path               false           false            1 pins                0                    0.00          
45        False Path               false           false  21 cells            18 cells    18         100.00                 33.33
46        False Path               false           false  5 cells             1 cells     1          20.00                  33.33
47        False Path               false           false  5 cells             1 cells     1          20.00                  33.33
49        False Path               false           false  21 cells            18 cells    18         100.00                 33.33
50        False Path               false           false  5 cells             1 cells     1          20.00                  33.33
51        False Path               false           false  5 cells             1 cells     1          20.00                  33.33
60        False Path               false           false  21 cells            18 cells    18         100.00                 33.33
61        False Path               false           false  5 cells             1 cells     1          20.00                  33.33
62        False Path               false           false  5 cells             1 cells     1          20.00                  33.33
64        False Path               false           false  21 cells            18 cells    18         100.00                 33.33
65        False Path               false           false  5 cells             1 cells     1          20.00                  33.33
66        False Path               false           false  5 cells             1 cells     1          20.00                  33.33
75        False Path               false           false  21 cells            18 cells    18         100.00                 33.33
76        False Path               false           false  5 cells             1 cells     1          20.00                  33.33
77        False Path               false           false  5 cells             1 cells     1          20.00                  33.33
79        False Path               false           false  21 cells            18 cells    18         100.00                 33.33
80        False Path               false           false  5 cells             1 cells     1          20.00                  33.33
81        False Path               false           false  5 cells             1 cells     1          20.00                  33.33
90        False Path               false           false  21 cells            18 cells    18         100.00                 33.33
91        False Path               false           false  5 cells             1 cells     1          20.00                  33.33
92        False Path               false           false  5 cells             1 cells     1          20.00                  33.33
94        False Path               false           false  21 cells            18 cells    18         100.00                 33.33
95        False Path               false           false  5 cells             1 cells     1          20.00                  33.33
96        False Path               false           false  5 cells             1 cells     1          20.00                  33.33
98        False Path               false           false                      47 cells    43                                14.18
99        False Path               false           false                      26 pins     0                                 0.00
100       False Path               false           false                      23 pins     23                                100.00
101       False Path               false           false                      23 pins     23                                100.00
102       False Path               false           false                      23 pins     23                                100.00
103       False Path               false           false                      23 pins     23                                100.00
104       False Path               false           false                      23 pins     23                                100.00
105       False Path               false           false                      3 pins      3                                 100.00
106       False Path               false           false                      3 pins      3                                 100.00
107       False Path               false           false                      3 pins      3                                 100.00
108       False Path               false           false                      3 pins      3                                 100.00
109       False Path               false           false                      3 pins      3                                 100.00
110       False Path               false           false            1 pins                1                    100.00        
111       False Path               false           false                      5 pins      5                                 100.00
125       False Path               false           false                      1 pins      1                                 100.00
126       False Path               false           false                      1 pins      1                                 100.00
127       False Path               false           false                      1 pins      1                                 100.00
128       False Path               false           false                      1 pins      1                                 100.00
129       False Path               false           false                      88 pins     88                                100.00
130       Max Delay Datapath Only  max_dpo=1.5     -      88 cells            88 cells    88         100.00                 33.33
131       False Path               false           false                      96 pins     96                                100.00
132       False Path               false           false                      40 pins     8                                 20.00
133       False Path               false           false                      40 pins     40                                100.00
134       False Path               false           false                      264 pins    264                               100.00
135       False Path               false           false                      1 pins      1                                 100.00
136       False Path               false           false                      5 pins      5                                 100.00
137       False Path               false           false  1 clocks            7938 pins   2650       100.00                 33.38
138       False Path               false           false  1 clocks            256 pins    24         100.00                 9.38
165       False Path               false           false                      41 pins     41                                92.68
166       False Path               false           false                      2 cells     3                                 50.00
167       False Path               false           false                      2 cells     3                                 50.00
168       False Path               false           false                      8 pins      1                                 12.50
169       False Path               false           false  1 cells                         3          100.00                  
170       False Path               false           false  1 cells                         3          100.00                  
171       Max Delay Datapath Only  max_dpo=15      -      464 pins            688 pins    389        83.84                  56.54
172       False Path               false           false  32 cells                        231        100.00                  
173       False Path               false           false                      4 cells     4                                 33.33
174       Max Delay Datapath Only  max_dpo=3.367   -      1 clocks            219 cells   34         100.00                 5.18
175       Max Delay Datapath Only  max_dpo=10      -      1 clocks            2625 cells  42         100.00                 0.53
176       Max Delay Datapath Only  max_dpo=15      -      216 pins            301 pins    152        70.37                  50.50
177       False Path               false           false  32 cells                        419        100.00                  
178       False Path               false           false  3 cells                         3          100.00                  
179       False Path               false           false                      4 cells     4                                 33.33
180       False Path               false           false  808 pins  808 pins              808        100.00    100.00        
181       False Path               false           false  596 pins  596 pins              596        100.00    100.00        
182       False Path               false           false                      29 cells    29                                33.33
183       False Path               false           false                      29 cells    29                                33.33
184       False Path               false           false                      29 cells    29                                33.33
185       False Path               false           false                      29 cells    29                                33.33
186       False Path               false           false                      26 cells    26                                33.33
187       False Path               false           false                      26 cells    26                                33.33
188       False Path               false           false                      29 cells    29                                33.33
189       False Path               false           false                      18 cells    17                                31.48
190       False Path               false           false                      18 cells    17                                31.48
191       False Path               false           false                      18 cells    17                                31.48
192       False Path               false           false                      18 cells    17                                31.48
193       False Path               false           false                      18 cells    17                                31.48
194       False Path               false           false                      18 cells    17                                31.48
195       False Path               false           false                      18 cells    17                                31.48
196       False Path               false           false                      3 cells     3                                 33.33
197       False Path               false           false                      3 cells     3                                 33.33
198       False Path               false           false                      3 cells     3                                 33.33
199       False Path               false           false                      3 cells     3                                 33.33
200       False Path               false           false                      3 cells     3                                 33.33
201       False Path               false           false                      18 cells    18                                33.33
202       False Path               false           false                      18 cells    18                                33.33
203       False Path               false           false                      16 cells    16                                33.33
204       False Path               false           false                      18 cells    18                                0.00
205       False Path               false           false                      18 cells    18                                33.33
206       False Path               false           false                      4 cells     4                                 33.33
207       False Path               false           false                      4 cells     4                                 33.33
208       False Path               false           false                      4 cells     4                                 33.33
209       False Path               false           false                      4 cells     4                                 33.33
210       False Path               false           false                      4 cells     4                                 33.33
211       False Path               false           false                      4 cells     4                                 33.33
212       False Path               false           false                      4 cells     4                                 33.33
213       False Path               false           false                      4 cells     4                                 33.33
214       False Path               false           false                      5 cells     4                                 26.67
215       False Path               false           false                      5 cells     4                                 26.67
216       False Path               false           false                      5 cells     4                                 26.67
217       False Path               false           false                      5 cells     4                                 26.67
218       False Path               false           false                      2 cells     2                                 33.33
219       False Path               false           false                      2 cells     2                                 33.33
220       False Path               false           false                      2 cells     2                                 33.33
221       False Path               false           false                      2 cells     2                                 33.33
222       False Path               false           false                      2 cells     2                                 33.33
223       False Path               false           false                      2 cells     2                                 33.33
224       False Path               false           false                      2 cells     2                                 33.33
225       False Path               false           false                      2 cells     2                                 33.33
226       False Path               false           false                      576 cells   576                               33.33
227       False Path               false           false                      129 cells   129                               33.33
228       False Path               false           false                      16 cells    16                                33.33
229       False Path               false           false                      320 cells   320                               33.33
230       False Path               false           false                      256 cells   256                               33.33
231       False Path               false           false                      256 cells   202                               26.30
232       False Path               false           false                      224 cells   220                               32.74
233       False Path               false           false                      256 cells   256                               33.33
234       False Path               false           false                      224 cells   220                               32.74
235       False Path               false           false                      256 cells   256                               33.33
236       False Path               false           false                      224 cells   220                               32.74
237       False Path               false           false                      256 cells   256                               33.33
238       False Path               false           false                      224 cells   220                               32.74
239       False Path               false           false                      256 cells   256                               33.33
240       False Path               false           false                      224 cells   220                               32.74
241       False Path               false           false                      256 cells   256                               33.33
242       False Path               false           false                      224 cells   220                               32.74
243       False Path               false           false                      256 cells   256                               33.33
244       False Path               false           false                      224 cells   220                               32.74
245       False Path               false           false                      256 cells   256                               33.33
246       False Path               false           false                      224 cells   220                               32.74
247       False Path               false           false                      416 cells   393                               31.49
248       False Path               false           false                      416 cells   393                               31.49
249       False Path               false           false                      416 cells   393                               31.49
250       False Path               false           false                      416 cells   393                               31.49
251       False Path               false           false                      416 cells   393                               31.49
252       False Path               false           false                      416 cells   393                               31.49
253       False Path               false           false                      416 cells   393                               31.49
254       False Path               false           false                      416 cells   393                               31.49
255       False Path               false           false                      128 cells   128                               33.33
256       False Path               false           false                      128 cells   128                               33.33
257       False Path               false           false                      128 cells   128                               33.33
258       False Path               false           false                      128 cells   128                               33.33
259       False Path               false           false                      128 cells   128                               33.33
260       False Path               false           false                      128 cells   128                               33.33
261       False Path               false           false                      128 cells   128                               33.33
262       False Path               false           false                      128 cells   128                               33.33
263       False Path               false           false                      96 cells    89                                30.90
264       False Path               false           false                      96 cells    79                                27.43
265       False Path               false           false                      96 cells    89                                30.90
266       False Path               false           false                      96 cells    79                                27.43
267       False Path               false           false                      96 cells    89                                30.90
268       False Path               false           false                      96 cells    79                                27.43
269       False Path               false           false                      96 cells    89                                30.90
270       False Path               false           false                      96 cells    79                                27.43
271       False Path               false           false                      96 cells    89                                30.90
272       False Path               false           false                      96 cells    79                                27.43
273       False Path               false           false                      96 cells    89                                30.90
274       False Path               false           false                      96 cells    79                                27.43
275       False Path               false           false                      96 cells    89                                30.90
276       False Path               false           false                      96 cells    79                                27.43
277       False Path               false           false                      96 cells    89                                30.90
278       False Path               false           false                      96 cells    79                                27.43
279       False Path               false           false                      32 cells    32                                33.33
280       False Path               false           false                      32 cells    32                                33.33
281       False Path               false           false                      32 cells    32                                33.33
282       False Path               false           false                      32 cells    32                                33.33
283       False Path               false           false                      32 cells    32                                33.33
284       False Path               false           false                      32 cells    32                                33.33
285       False Path               false           false                      32 cells    32                                33.33
286       False Path               false           false                      32 cells    32                                33.33
287       False Path               false           false                      32 cells    32                                33.33
288       False Path               false           false                      32 cells    32                                33.33
289       False Path               false           false                      32 cells    32                                33.33
290       False Path               false           false                      32 cells    32                                33.33
291       False Path               false           false                      32 cells    32                                33.33
292       False Path               false           false                      32 cells    32                                33.33
293       False Path               false           false                      32 cells    32                                33.33
294       False Path               false           false                      32 cells    32                                33.33
295       False Path               false           false                      32 cells    32                                33.33
296       False Path               false           false                      32 cells    32                                33.33
297       False Path               false           false                      32 cells    32                                33.33
298       False Path               false           false                      32 cells    32                                33.33
299       False Path               false           false                      32 cells    32                                33.33
300       False Path               false           false                      32 cells    32                                33.33
301       False Path               false           false                      32 cells    32                                33.33
302       False Path               false           false                      32 cells    32                                33.33
303       False Path               false           false                      32 cells    32                                33.33
304       False Path               false           false                      32 cells    32                                33.33
305       False Path               false           false                      32 cells    32                                33.33
306       False Path               false           false                      32 cells    32                                33.33
307       False Path               false           false                      32 cells    32                                33.33
308       False Path               false           false                      32 cells    32                                33.33
309       False Path               false           false                      32 cells    32                                33.33
310       False Path               false           false                      32 cells    32                                33.33
311       False Path               false           false                      160 cells   157                               32.71
312       False Path               false           false                      160 cells   157                               32.71
313       False Path               false           false                      160 cells   157                               32.71
314       False Path               false           false                      160 cells   157                               32.71
315       False Path               false           false                      160 cells   157                               32.71
316       False Path               false           false                      160 cells   157                               32.71
317       False Path               false           false                      160 cells   157                               32.71
318       False Path               false           false                      160 cells   157                               32.71
319       False Path               false           false                      256 cells   168                               21.88
320       False Path               false           false                      256 cells   248                               32.29
321       False Path               false           false                      256 cells   168                               21.88
322       False Path               false           false                      256 cells   248                               32.29
323       False Path               false           false                      256 cells   168                               21.88
324       False Path               false           false                      256 cells   248                               32.29
325       False Path               false           false                      256 cells   168                               21.88
326       False Path               false           false                      256 cells   248                               32.29
327       False Path               false           false                      256 cells   168                               21.88
328       False Path               false           false                      256 cells   248                               32.29
329       False Path               false           false                      256 cells   168                               21.88
330       False Path               false           false                      256 cells   248                               32.29
331       False Path               false           false                      256 cells   168                               21.88
332       False Path               false           false                      256 cells   248                               32.29
333       False Path               false           false                      256 cells   168                               21.88
334       False Path               false           false                      256 cells   248                               32.29
335       False Path               false           false                      1024 cells  952                               30.99
336       False Path               false           false                      1024 cells  952                               30.99
337       False Path               false           false                      1024 cells  952                               30.99
338       False Path               false           false                      1024 cells  952                               30.99
339       False Path               false           false                      1024 cells  952                               30.99
340       False Path               false           false                      1024 cells  952                               30.99
341       False Path               false           false                      1024 cells  952                               30.99
342       False Path               false           false                      1024 cells  952                               30.99
343       False Path               false           false                      4 cells     4                                 33.33
344       False Path               false           false                      4 cells     4                                 33.33
345       False Path               false           false                      4 cells     4                                 33.33
346       False Path               false           false                      4 cells     4                                 33.33
347       False Path               false           false                      4 cells     4                                 33.33
348       False Path               false           false                      4 cells     4                                 33.33
349       False Path               false           false                      4 cells     4                                 33.33
350       False Path               false           false                      4 cells     4                                 33.33
351       False Path               false           false                      4 cells     4                                 33.33
352       False Path               false           false                      192 cells   192                               33.33
353       False Path               false           false                      169 cells   169                               33.33
354       False Path               false           false                      2 cells     2                                 33.33
355       False Path               false           false                      430 cells   429                               33.26
356       False Path               false           false                      384 cells   384                               33.33
357       False Path               false           false                      160 cells   160                               33.33
358       False Path               false           false                      160 cells   160                               33.33
359       False Path               false           false                      160 cells   160                               33.33
360       False Path               false           false                      160 cells   160                               33.33
361       False Path               false           false                      160 cells   160                               33.33
362       False Path               false           false                      160 cells   160                               33.33
363       False Path               false           false                      160 cells   160                               33.33
364       False Path               false           false                      160 cells   160                               33.33
365       False Path               false           false                      159 cells   159                               33.33
366       False Path               false           false                      512 cells   512                               33.33
367       False Path               false           false                      512 cells   512                               33.33
368       False Path               false           false                      512 cells   512                               33.33
369       False Path               false           false            1 pins                4                    100.00        
370       False Path               false           false            1 pins                4                    100.00        
371       False Path               false           false            1 pins                4                    100.00        
372       False Path               false           false            1 pins                2                    100.00        
373       False Path               false           false            1 pins                2                    100.00        
374       False Path               false           false            1 pins                2                    100.00        
375       False Path               false           false            1 pins                2                    100.00        
376       False Path               false           false            1 pins                2                    100.00        
377       False Path               false           false            1 pins                2                    100.00        
378       False Path               false           false            1 pins                2                    100.00        
379       False Path               false           false            1 pins                2                    100.00        
380       False Path               false           false            1 pins                2                    100.00        
381       False Path               false           false            1 pins                2                    100.00        
382       False Path               false           false            1 pins                4                    100.00        
383       False Path               false           false            1 pins                4                    100.00        
384       False Path               false           false            1 pins                4                    100.00        
385       False Path               false           false            1 pins                4                    100.00        
386       False Path               false           false            1 pins                4                    100.00        
387       False Path               false           false            1 pins                4                    100.00        
388       False Path               false           false            1 pins                4                    100.00        
389       False Path               false           false            1 pins                3                    100.00        
390       False Path               false           false            1 pins                3                    100.00        
391       False Path               false           false            1 pins                3                    100.00        
392       False Path               false           false            1 pins                4                    100.00        
393       Max Delay Datapath Only  max_dpo=10      -      5 cells             5 cells     5          100.00                 33.33
395       Max Delay Datapath Only  max_dpo=3.367   -      5 cells             5 cells     5          100.00                 33.33
399       Max Delay Datapath Only  max_dpo=3.367   -      5 cells             5 cells     5          100.00                 33.33
403       Max Delay Datapath Only  max_dpo=3.367   -      5 cells             5 cells     5          100.00                 33.33
407       Max Delay Datapath Only  max_dpo=3.367   -      5 cells             5 cells     5          100.00                 33.33
411       Max Delay Datapath Only  max_dpo=3.367   -      5 cells             5 cells     5          100.00                 33.33
413       Max Delay Datapath Only  max_dpo=10      -      8 cells             8 cells     8          100.00                 33.33
415       Max Delay Datapath Only  max_dpo=3.367   -      8 cells             8 cells     8          100.00                 33.33
419       Max Delay Datapath Only  max_dpo=3.367   -      8 cells             8 cells     8          100.00                 33.33
421       Max Delay Datapath Only  max_dpo=3.332   -      10 cells            10 cells    10         100.00                 33.33
423       Max Delay Datapath Only  max_dpo=3.367   -      10 cells            10 cells    10         100.00                 33.33
429       Max Delay Datapath Only  max_dpo=3.367   -      10 cells            10 cells    10         100.00                 33.33
431       Max Delay Datapath Only  max_dpo=6.664   -      10 cells            10 cells    10         100.00                 33.33
433       Max Delay Datapath Only  max_dpo=6.664   -      11 cells            11 cells    11         100.00                 33.33
437       Max Delay Datapath Only  max_dpo=10      -      3 cells             3 cells     3          100.00                 33.33
439       Max Delay Datapath Only  max_dpo=3.367   -      3 cells             3 cells     3          100.00                 33.33
441       Max Delay Datapath Only  max_dpo=10      -      6 cells             6 cells     6          100.00                 33.33
443       Max Delay Datapath Only  max_dpo=3.367   -      6 cells             6 cells     6          100.00                 33.33
445       Max Delay Datapath Only  max_dpo=10      -      8 cells             8 cells     8          100.00                 33.33
449       Max Delay Datapath Only  max_dpo=10      -      4 cells             4 cells     4          100.00                 33.33
453       Max Delay Datapath Only  max_dpo=3.367   -      5 cells             5 cells     5          100.00                 33.33
459       Max Delay Datapath Only  max_dpo=3.367   -      5 cells             5 cells     5          100.00                 33.33
463       Max Delay Datapath Only  max_dpo=3.367   -      5 cells             5 cells     5          100.00                 33.33
465       Max Delay Datapath Only  max_dpo=10      -      4 cells             4 cells     4          100.00                 33.33
467       Max Delay Datapath Only  max_dpo=10      -      4 cells             4 cells     4          100.00                 33.33
469       Max Delay Datapath Only  max_dpo=3.332   -      4 cells             4 cells     4          100.00                 33.33
471       Max Delay Datapath Only  max_dpo=10      -      4 cells             4 cells     4          100.00                 33.33
473       Max Delay Datapath Only  max_dpo=3.332   -      4 cells             4 cells     4          100.00                 33.33
475       Max Delay Datapath Only  max_dpo=3.332   -      4 cells             4 cells     4          100.00                 33.33
477       Max Delay Datapath Only  max_dpo=10      -      4 cells             4 cells     4          100.00                 33.33
479       Max Delay Datapath Only  max_dpo=10      -      4 cells             4 cells     4          100.00                 33.33
481       Max Delay Datapath Only  max_dpo=3.332   -      4 cells             4 cells     4          100.00                 33.33
483       Max Delay Datapath Only  max_dpo=3.332   -      4 cells             4 cells     4          100.00                 33.33
485       Max Delay Datapath Only  max_dpo=6.664   -      10 cells            10 cells    10         100.00                 33.33
487       Max Delay Datapath Only  max_dpo=3.332   -      10 cells            10 cells    10         100.00                 33.33
489       Max Delay Datapath Only  max_dpo=6.664   -      10 cells            10 cells    10         100.00                 33.33
491       Max Delay Datapath Only  max_dpo=3.332   -      10 cells            10 cells    10         100.00                 33.33
493       Max Delay Datapath Only  max_dpo=6.664   -      10 cells            10 cells    10         100.00                 33.33
495       Max Delay Datapath Only  max_dpo=3.332   -      10 cells            10 cells    10         100.00                 33.33
497       Max Delay Datapath Only  max_dpo=6.664   -      10 cells            10 cells    10         100.00                 33.33
499       Max Delay Datapath Only  max_dpo=3.332   -      10 cells            10 cells    10         100.00                 33.33
501       Max Delay Datapath Only  max_dpo=6.664   -      10 cells            10 cells    10         100.00                 33.33
503       Max Delay Datapath Only  max_dpo=3.332   -      10 cells            10 cells    10         100.00                 33.33
505       Max Delay Datapath Only  max_dpo=6.664   -      10 cells            10 cells    10         100.00                 33.33
507       Max Delay Datapath Only  max_dpo=3.332   -      10 cells            10 cells    10         100.00                 33.33
509       Max Delay Datapath Only  max_dpo=6.664   -      10 cells            10 cells    10         100.00                 33.33
511       Max Delay Datapath Only  max_dpo=3.332   -      10 cells            10 cells    10         100.00                 33.33
513       Max Delay Datapath Only  max_dpo=6.664   -      10 cells            10 cells    10         100.00                 33.33
515       Max Delay Datapath Only  max_dpo=3.332   -      10 cells            10 cells    10         100.00                 33.33
517       Max Delay Datapath Only  max_dpo=6.664   -      10 cells            10 cells    10         100.00                 33.33
519       Max Delay Datapath Only  max_dpo=3.332   -      10 cells            10 cells    10         100.00                 33.33
521       Max Delay Datapath Only  max_dpo=6.664   -      10 cells            10 cells    10         100.00                 33.33
523       Max Delay Datapath Only  max_dpo=3.332   -      10 cells            10 cells    10         100.00                 33.33
525       Max Delay Datapath Only  max_dpo=6.664   -      10 cells            10 cells    10         100.00                 33.33
527       Max Delay Datapath Only  max_dpo=3.332   -      10 cells            10 cells    10         100.00                 33.33
529       Max Delay Datapath Only  max_dpo=6.664   -      10 cells            10 cells    10         100.00                 33.33
531       Max Delay Datapath Only  max_dpo=3.332   -      10 cells            10 cells    10         100.00                 33.33
533       Max Delay Datapath Only  max_dpo=6.664   -      10 cells            10 cells    10         100.00                 33.33
535       Max Delay Datapath Only  max_dpo=3.332   -      10 cells            10 cells    10         100.00                 33.33
537       Max Delay Datapath Only  max_dpo=6.664   -      10 cells            10 cells    10         100.00                 33.33
539       Max Delay Datapath Only  max_dpo=3.332   -      10 cells            10 cells    10         100.00                 33.33
541       Max Delay Datapath Only  max_dpo=6.664   -      10 cells            10 cells    10         100.00                 33.33
543       Max Delay Datapath Only  max_dpo=3.332   -      10 cells            10 cells    10         100.00                 33.33
545       Max Delay Datapath Only  max_dpo=6.664   -      10 cells            10 cells    10         100.00                 33.33
547       Max Delay Datapath Only  max_dpo=3.332   -      10 cells            10 cells    10         100.00                 33.33
613       Max Delay Datapath Only  max_dpo=6.734   -      3 cells             3 cells     3          100.00                 33.33
615       Max Delay Datapath Only  max_dpo=20      -      8 cells             8 cells     8          100.00                 33.33
619       Max Delay Datapath Only  max_dpo=20      -      2 cells             2 cells     2          100.00                 33.33
621       Max Delay Datapath Only  max_dpo=6.734   -      2 cells             2 cells     2          100.00                 33.33
623       Max Delay Datapath Only  max_dpo=6.734   -      2 cells             2 cells     2          100.00                 33.33
625       Max Delay Datapath Only  max_dpo=6.664   -      1 cells             1 cells     1          100.00                 33.33
627       Max Delay Datapath Only  max_dpo=6.734   -      4 cells             4 cells     4          100.00                 33.33
629       Max Delay Datapath Only  max_dpo=20      -      4 cells             4 cells     4          100.00                 33.33
631       Max Delay Datapath Only  max_dpo=20      -      20 cells            20 cells    20         100.00                 33.33
633       Max Delay Datapath Only  max_dpo=20      -      20 cells            20 cells    20         100.00                 33.33
635       Max Delay Datapath Only  max_dpo=20      -      3 cells             5 cells     3          100.00                 20.00
637       Max Delay Datapath Only  max_dpo=20      -      16 cells            16 cells    16         100.00                 33.33
639       Max Delay Datapath Only  max_dpo=20      -      16 cells            16 cells    16         100.00                 33.33
641       Max Delay Datapath Only  max_dpo=20      -      16 cells            16 cells    16         100.00                 33.33
643       Max Delay Datapath Only  max_dpo=20      -      3 cells             3 cells     3          100.00                 33.33
645       Max Delay Datapath Only  max_dpo=20      -      2 cells             3 cells     2          100.00                 22.22
647       Max Delay Datapath Only  max_dpo=20      -      3 cells             3 cells     3          100.00                 33.33
651       Max Delay Datapath Only  max_dpo=6.734   -      8 cells             8 cells     8          100.00                 33.33
653       Max Delay Datapath Only  max_dpo=6.734   -      8 cells             8 cells     8          100.00                 33.33
655       Max Delay Datapath Only  max_dpo=6.734   -      8 cells             8 cells     8          100.00                 33.33
657       Max Delay Datapath Only  max_dpo=20      -      3 cells             3 cells     3          100.00                 33.33
659       Max Delay Datapath Only  max_dpo=6.734   -      3 cells             3 cells     3          100.00                 33.33
661       Max Delay Datapath Only  max_dpo=6.734   -      3 cells             3 cells     3          100.00                 33.33
663       Max Delay Datapath Only  max_dpo=6.734   -      5 cells             5 cells     5          100.00                 33.33
665       Max Delay Datapath Only  max_dpo=6.734   -      2 cells             2 cells     2          100.00                 33.33
667       Max Delay Datapath Only  max_dpo=6.734   -      2 cells             2 cells     2          100.00                 33.33
669       Max Delay Datapath Only  max_dpo=6.734   -      2 cells             2 cells     2          100.00                 33.33
671       Max Delay Datapath Only  max_dpo=6.734   -      2 cells             2 cells     2          100.00                 33.33
673       Max Delay Datapath Only  max_dpo=6.734   -      2 cells             2 cells     2          100.00                 33.33
675       Max Delay Datapath Only  max_dpo=6.734   -      2 cells             2 cells     2          100.00                 33.33
677       Max Delay Datapath Only  max_dpo=13.328  -      1 cells             1 cells     1          100.00                 33.33
679       False Path               false           false                      1 cells     1                                 33.33
680       False Path               false           false                      1 cells     1                                 33.33
681       False Path               false           false                      1 cells     1                                 33.33
682       False Path               false           false                      1 cells     1                                 33.33
683       False Path               false           false                      1 cells     1                                 33.33
684       False Path               false           false                      1 cells     1                                 33.33
685       False Path               false           false                      1 cells     1                                 33.33
686       False Path               false           false                      1 cells     1                                 33.33
688       False Path               false           false                      1 cells     1                                 33.33
689       False Path               false           false                      1 cells     1                                 33.33
690       False Path               false           false                      1 cells     1                                 33.33
691       False Path               false           false                      1 cells     1                                 33.33
692       False Path               false           false                      1 cells     1                                 33.33
693       False Path               false           false                      1 cells     1                                 33.33
694       False Path               false           false                      1 cells     1                                 33.33
695       False Path               false           false                      1 cells     1                                 33.33
696       False Path               false           false                      1 cells     1                                 33.33
698       False Path               false           false                      1 cells     1                                 33.33
699       False Path               false           false                      1 cells     1                                 33.33
700       False Path               false           false                      1 cells     1                                 33.33
701       False Path               false           false                      1 cells     1                                 33.33
702       False Path               false           false                      1 cells     0                                 0.00
703       False Path               false           false                      1 cells     0                                 0.00
704       False Path               false           false                      1 cells     0                                 0.00
705       False Path               false           false                      1 cells     1                                 33.33
706       False Path               false           false                      1 cells     1                                 33.33
707       False Path               false           false                      1 cells     1                                 33.33
708       False Path               false           false                      1 cells     1                                 33.33
709       False Path               false           false                      1 cells     1                                 33.33
710       False Path               false           false                      1 cells     1                                 33.33
711       False Path               false           false                      1 cells     1                                 33.33
712       False Path               false           false                      1 cells     1                                 33.33
713       False Path               false           false                      1 cells     1                                 33.33
714       False Path               false           false                      1 cells     1                                 33.33
715       False Path               false           false                      1 cells     1                                 33.33
716       False Path               false           false                      1 cells     1                                 33.33
717       False Path               false           false                      1 cells     1                                 33.33
718       False Path               false           false                      1 cells     1                                 33.33
719       False Path               false           false                      1 cells     1                                 33.33
720       False Path               false           false                      1 cells     1                                 33.33
721       False Path               false           false                      1 cells     1                                 33.33
722       False Path               false           false                      1 cells     1                                 33.33
723       False Path               false           false                      1 cells     1                                 33.33
724       False Path               false           false                      1 cells     1                                 33.33
725       False Path               false           false                      1 cells     1                                 33.33
726       False Path               false           false                      1 cells     1                                 33.33
727       False Path               false           false                      1 cells     1                                 33.33
728       False Path               false           false                      1 cells     1                                 33.33
729       False Path               false           false                      1 cells     1                                 33.33
730       False Path               false           false                      1 cells     1                                 33.33
731       False Path               false           false                      1 cells     1                                 33.33
732       False Path               false           false                      1 cells     1                                 33.33
733       False Path               false           false                      1 cells     1                                 33.33
734       False Path               false           false                      1 cells     1                                 33.33
735       False Path               false           false                      1 cells     1                                 33.33
736       False Path               false           false                      1 cells     1                                 33.33
737       False Path               false           false                      1 cells     1                                 33.33
738       False Path               false           false                      1 cells     1                                 33.33
739       False Path               false           false                      1 cells     1                                 33.33
740       False Path               false           false                      1 cells     1                                 33.33
741       False Path               false           false                      1 cells     1                                 33.33
742       False Path               false           false                      1 cells     1                                 33.33
743       False Path               false           false                      1 cells     1                                 33.33
744       False Path               false           false                      1 cells     1                                 33.33
745       False Path               false           false                      1 cells     1                                 33.33
748       False Path               false           false                      1 cells     1                                 33.33
749       False Path               false           false                      1 cells     1                                 33.33
750       False Path               false           false                      1 cells     1                                 33.33
751       False Path               false           false                      1 cells     1                                 33.33
752       False Path               false           false                      1 cells     1                                 33.33
753       False Path               false           false                      1 cells     1                                 33.33
754       False Path               false           false                      1 cells     1                                 33.33
756       False Path               false           false                      1 cells     1                                 33.33
757       False Path               false           false                      1 cells     1                                 33.33
758       False Path               false           false                      1 cells     1                                 33.33
759       False Path               false           false                      1 cells     1                                 33.33
760       False Path               false           false                      1 cells     1                                 33.33
761       False Path               false           false                      1 cells     1                                 33.33
762       False Path               false           false                      1 cells     1                                 33.33
763       False Path               false           false                      1 cells     1                                 33.33
764       False Path               false           false                      1 cells     1                                 33.33
765       False Path               false           false                      1 cells     1                                 33.33
766       False Path               false           false                      1 cells     1                                 33.33
767       False Path               false           false                      1 cells     1                                 33.33
770       False Path               false           false                      1 cells     1                                 33.33
771       False Path               false           false                      1 cells     1                                 33.33
772       False Path               false           false                      1 cells     1                                 33.33
773       False Path               false           false                      1 cells     1                                 33.33
774       False Path               false           false                      1 cells     1                                 33.33
775       False Path               false           false                      1 cells     1                                 33.33
776       False Path               false           false                      1 cells     1                                 33.33
777       False Path               false           false                      1 cells     1                                 33.33
778       False Path               false           false                      1 cells     1                                 33.33
779       False Path               false           false                      1 cells     1                                 33.33
780       False Path               false           false                      1 cells     1                                 33.33
781       False Path               false           false                      1 cells     1                                 33.33
782       False Path               false           false                      1 cells     1                                 33.33
783       False Path               false           false                      1 cells     1                                 33.33
784       False Path               false           false                      1 cells     1                                 33.33
785       False Path               false           false                      1 cells     1                                 33.33
786       False Path               false           false                      1 cells     1                                 33.33
788       False Path               false           false                      1 cells     1                                 33.33
789       False Path               false           false                      1 cells     1                                 33.33
790       False Path               false           false                      1 cells     1                                 33.33
791       False Path               false           false                      1 cells     1                                 33.33
792       False Path               false           false                      1 cells     1                                 33.33
793       False Path               false           false                      1 cells     1                                 33.33
794       False Path               false           false                      1 cells     1                                 33.33
795       False Path               false           false                      1 cells     1                                 33.33
796       False Path               false           false                      1 cells     1                                 33.33
797       False Path               false           false                      1 cells     1                                 33.33
798       False Path               false           false                      1 cells     1                                 33.33
800       False Path               false           false                      1 cells     1                                 33.33
801       False Path               false           false                      1 cells     1                                 33.33
802       False Path               false           false                      1 cells     1                                 33.33
803       False Path               false           false                      1 cells     0                                 0.00
807       False Path               false           false                      1 cells     1                                 33.33
808       False Path               false           false                      1 cells     1                                 33.33
809       False Path               false           false                      1 cells     1                                 33.33
810       False Path               false           false                      1 cells     1                                 33.33
811       False Path               false           false                      1 cells     1                                 33.33
812       False Path               false           false                      1 cells     1                                 33.33
813       False Path               false           false                      1 cells     1                                 33.33
814       False Path               false           false                      1 cells     1                                 33.33
815       False Path               false           false                      1 cells     1                                 33.33
816       False Path               false           false                      1 cells     1                                 33.33
817       False Path               false           false                      1 cells     1                                 33.33
818       False Path               false           false                      1 cells     1                                 33.33
819       False Path               false           false                      1 cells     1                                 33.33
820       False Path               false           false                      1 cells     1                                 33.33
821       False Path               false           false                      1 cells     1                                 33.33
822       False Path               false           false                      1 cells     1                                 33.33
823       False Path               false           false                      1 cells     1                                 33.33
824       False Path               false           false                      1 cells     1                                 33.33
825       False Path               false           false                      1 cells     1                                 33.33
826       False Path               false           false                      1 cells     1                                 33.33
827       False Path               false           false                      1 cells     1                                 33.33
828       False Path               false           false                      1 cells     1                                 33.33
829       False Path               false           false                      1 cells     1                                 0.00
830       False Path               false           false                      1 cells     1                                 0.00
831       False Path               false           false                      1 cells     1                                 33.33
832       False Path               false           false                      1 cells     1                                 33.33
833       False Path               false           false                      1 cells     1                                 33.33
834       False Path               false           false                      1 cells     1                                 33.33
835       False Path               false           false                      1 cells     1                                 33.33
836       False Path               false           false                      1 cells     1                                 33.33
837       False Path               false           false                      1 cells     1                                 33.33
838       False Path               false           false                      1 cells     1                                 0.00
839       False Path               false           false                      1 cells     1                                 0.00
840       False Path               false           false                      1 cells     1                                 33.33
841       False Path               false           false                      1 cells     1                                 33.33
842       False Path               false           false                      1 cells     1                                 33.33
843       False Path               false           false                      1 cells     1                                 33.33
844       False Path               false           false                      1 cells     1                                 33.33
845       False Path               false           false                      1 cells     1                                 33.33
846       False Path               false           false                      1 cells     1                                 33.33
847       False Path               false           false                      1 cells     1                                 0.00
848       False Path               false           false                      1 cells     1                                 33.33
849       False Path               false           false                      1 cells     1                                 33.33
850       False Path               false           false                      1 cells     1                                 33.33
852       False Path               false           false                      1 cells     1                                 0.00
854       False Path               false           false                      1 cells     1                                 0.00
855       False Path               false           false                      1 cells     1                                 33.33
857       False Path               false           false                      1 cells     1                                 33.33
859       False Path               false           false                      1 cells     1                                 33.33
861       False Path               false           false                      1 cells     1                                 33.33
863       False Path               false           false                      1 cells     1                                 33.33
865       False Path               false           false                      1 cells     1                                 33.33
866       False Path               false           false                      1 cells     1                                 33.33
867       False Path               false           false                      1 cells     1                                 33.33
868       False Path               false           false                      1 cells     1                                 33.33
869       False Path               false           false                      1 cells     1                                 0.00
871       False Path               false           false                      1 cells     1                                 33.33
872       False Path               false           false                      1 cells     1                                 33.33
873       False Path               false           false                      1 cells     1                                 33.33
874       False Path               false           false                      1 cells     1                                 33.33
875       False Path               false           false                      1 cells     1                                 33.33
876       False Path               false           false                      1 cells     1                                 33.33
877       False Path               false           false                      1 cells     1                                 0.00
878       False Path               false           false                      1 cells     1                                 33.33
879       False Path               false           false                      1 cells     1                                 33.33
880       False Path               false           false                      1 cells     1                                 33.33
881       False Path               false           false                      1 cells     1                                 33.33
882       False Path               false           false                      1 cells     1                                 33.33
883       False Path               false           false                      1 cells     1                                 33.33
884       False Path               false           false                      1 cells     1                                 33.33
885       False Path               false           false                      1 cells     1                                 0.00
886       False Path               false           false                      1 cells     1                                 0.00
887       False Path               false           false                      1 cells     1                                 33.33
888       False Path               false           false                      1 cells     1                                 33.33
889       False Path               false           false                      1 cells     1                                 33.33
890       False Path               false           false                      1 cells     1                                 33.33
891       False Path               false           false                      1 cells     1                                 33.33
892       False Path               false           false                      1 cells     1                                 33.33
893       False Path               false           false                      1 cells     1                                 33.33
894       False Path               false           false                      1 cells     1                                 33.33
895       False Path               false           false                      1 cells     1                                 33.33
896       False Path               false           false                      1 cells     1                                 33.33
897       False Path               false           false                      1 cells     1                                 33.33
898       False Path               false           false                      1 cells     1                                 33.33
899       False Path               false           false                      1 cells     1                                 33.33
900       False Path               false           false                      1 cells     1                                 33.33
901       False Path               false           false                      1 cells     1                                 33.33
902       False Path               false           false                      1 cells     1                                 33.33
903       False Path               false           false                      1 cells     1                                 33.33
904       False Path               false           false                      1 cells     1                                 33.33
905       False Path               false           false                      1 cells     1                                 33.33
906       False Path               false           false                      1 cells     1                                 33.33
907       False Path               false           false                      1 cells     1                                 33.33
908       False Path               false           false                      1 cells     1                                 33.33
909       False Path               false           false                      1 cells     1                                 33.33
910       False Path               false           false                      1 cells     1                                 33.33
911       False Path               false           false                      1 cells     1                                 33.33
912       False Path               false           false                      1 cells     1                                 33.33
913       False Path               false           false                      1 cells     1                                 33.33
914       False Path               false           false                      1 cells     1                                 33.33
915       False Path               false           false                      1 cells     1                                 33.33
916       False Path               false           false                      1 cells     1                                 33.33
917       False Path               false           false                      1 cells     1                                 33.33
918       False Path               false           false                      1 cells     1                                 33.33
919       False Path               false           false                      1 cells     1                                 33.33
920       False Path               false           false                      1 cells     1                                 33.33
921       False Path               false           false                      1 cells     1                                 33.33
922       False Path               false           false                      1 cells     1                                 33.33
923       False Path               false           false                      1 cells     1                                 33.33
925       False Path               false           false                      1 cells     1                                 33.33
926       False Path               false           false                      1 cells     1                                 33.33
927       False Path               false           false                      1 cells     1                                 33.33
928       False Path               false           false                      1 cells     1                                 33.33
929       False Path               false           false                      1 cells     1                                 33.33
930       False Path               false           false                      1 cells     1                                 33.33
931       False Path               false           false                      1 cells     1                                 33.33
932       False Path               false           false                      1 cells     1                                 33.33
933       False Path               false           false                      1 cells     1                                 33.33
934       False Path               false           false                      1 cells     1                                 33.33
935       False Path               false           false                      1 cells     1                                 33.33
936       False Path               false           false                      1 cells     1                                 33.33
937       False Path               false           false                      1 cells     1                                 33.33
938       False Path               false           false                      1 cells     1                                 33.33
939       False Path               false           false                      1 cells     1                                 33.33
940       False Path               false           false                      1 cells     1                                 33.33
941       False Path               false           false                      1 cells     1                                 33.33
942       False Path               false           false                      1 cells     1                                 33.33
943       False Path               false           false                      1 cells     1                                 33.33
944       False Path               false           false                      1 cells     1                                 33.33
945       False Path               false           false                      1 cells     1                                 33.33
946       False Path               false           false                      1 cells     1                                 33.33
947       False Path               false           false                      1 cells     1                                 33.33
948       False Path               false           false                      1 cells     1                                 33.33
949       False Path               false           false                      1 cells     1                                 33.33
950       False Path               false           false                      1 cells     1                                 33.33
951       False Path               false           false                      1 cells     1                                 33.33
952       False Path               false           false                      1 cells     1                                 33.33
953       False Path               false           false                      1 cells     1                                 33.33
954       False Path               false           false                      1 cells     1                                 33.33
955       False Path               false           false                      1 cells     1                                 33.33
956       False Path               false           false                      1 cells     1                                 33.33
957       False Path               false           false                      1 cells     1                                 33.33
958       False Path               false           false                      1 cells     1                                 33.33
959       False Path               false           false                      1 cells     1                                 33.33
960       False Path               false           false                      1 cells     1                                 33.33
961       False Path               false           false                      1 cells     1                                 33.33
962       False Path               false           false                      1 cells     1                                 33.33
963       False Path               false           false                      1 cells     1                                 33.33
964       False Path               false           false                      1 cells     1                                 33.33
965       False Path               false           false                      1 cells     1                                 33.33
966       False Path               false           false                      1 cells     1                                 33.33
967       False Path               false           false                      1 cells     1                                 33.33
968       False Path               false           false                      1 cells     1                                 33.33
969       False Path               false           false                      1 cells     1                                 33.33
970       False Path               false           false                      1 cells     1                                 33.33
971       False Path               false           false                      1 cells     1                                 33.33
972       False Path               false           false                      1 cells     1                                 33.33
973       False Path               false           false                      1 cells     1                                 33.33
974       False Path               false           false                      1 cells     1                                 33.33
975       False Path               false           false                      1 cells     1                                 33.33
976       False Path               false           false                      1 cells     1                                 33.33
977       False Path               false           false                      1 cells     1                                 33.33
979       False Path               false           false  59 pins             16 cells    16         27.12                  33.33
980       Max Delay Datapath Only  max_dpo=50      -      4 cells             4 cells     4          100.00                 33.33
982       Max Delay Datapath Only  max_dpo=13.328  -      4 cells             4 cells     4          100.00                 33.33
984       False Path               false           false  59 pins             16 cells    16         27.12                  33.33
985       Max Delay Datapath Only  max_dpo=13.328  -      4 cells             4 cells     4          100.00                 33.33
987       Max Delay Datapath Only  max_dpo=50      -      4 cells             4 cells     4          100.00                 33.33
989       False Path               false           false  1 cells             1 cells     1          100.00                 33.33
990       False Path               false           false  1 cells             1 cells     1          100.00                 33.33
991       False Path               false           false  1 cells             1 cells     1          100.00                 33.33
992       False Path               false           false  1 cells             1 cells     1          100.00                 33.33
993       False Path               false           false  1 cells             1 cells     1          100.00                 33.33
994       False Path               false           false  1 cells             1 cells     1          100.00                 33.33
995       False Path               false           false  1 cells             1 cells     1          100.00                 33.33
996       False Path               false           false  3 cells             3 cells     3          100.00                 33.33
997       False Path               false           false  1 cells             1 cells     1          100.00                 33.33
998       False Path               false           false  1 cells             1 cells     1          100.00                 33.33
999       False Path               false           false  1 cells             1 cells     1          100.00                 33.33
1000      False Path               false           false  1 cells             1 cells     1          100.00                 33.33
1001      False Path               false           false  28 cells            28 cells    28         100.00                 33.33
1002      False Path               false           false  2 cells             2 cells     2          100.00                 33.33
1003      False Path               false           false  18 cells            18 cells    18         100.00                 33.33
1004      False Path               false           false  1 cells             1 cells     1          100.00                 33.33
1005      False Path               false           false  4 cells             4 cells     4          100.00                 33.33
1006      False Path               false           false  3 cells             3 cells     3          100.00                 33.33
1007      False Path               false           false  3 cells             3 cells     3          100.00                 33.33
1008      False Path               false           false  1 cells             1 cells     1          100.00                 33.33
1009      False Path               false           false  1 cells             1 cells     1          100.00                 33.33
1010      False Path               false           false  1 cells             16 cells    16         100.00                 33.33
1011      False Path               false           false  1 cells             28 cells    28         100.00                 33.33
1012      False Path               false           false  1 cells             18 cells    18         100.00                 33.33
1013      False Path               false           false  1 cells             3 cells     3          100.00                 33.33

Warning: the percentages reported indicate the number of pins covered by the exception relative to the number of pins specified implicitly or explicitly.
