Copyright 1986-2022 Xilinx, Inc. All Rights Reserved. Copyright 2022-2023 Advanced Micro Devices, Inc. All Rights Reserved.
--------------------------------------------------------------------------------------------------------------------------------------------------------------------------------
| Tool Version      : Vivado v.2023.2 (lin64) Build 4029153 Fri Oct 13 20:13:54 MDT 2023
| Date              : Sat Sep  5 20:56:40 2026
| Host              : tsmc184 running 64-bit Ubuntu 22.04.5 LTS
| Command           : report_exceptions -ignored -file /mnt/data/wzr/13p/ov7670/sixteen_camera/reports/video_timing_refactor/P1/reset_enable_constraints/exceptions_ignored.rpt
| Design            : top_wrapper
| Device            : xcvu13p-fhga2104
| Speed File        : -2  PRODUCTION 1.28 03-30-2022
| Design State      : Routed
| Temperature Grade : I
--------------------------------------------------------------------------------------------------------------------------------------------------------------------------------

Exceptions Report

Position  From                                 Through                                                         To                                                                                Setup           Hold            Status                           
--------  -----------------------------------  --------------------------------------------------------------  --------------------------------------------------------------------------------  --------------  --------------  ---------------------------------
30        [get_pins */input_rst_design_reg/C]  *                                                               [get_pins {*/rst_div_sync_r_reg[0]/D}]                                            false           false           Non-existent path                
31        [get_pins */input_rst_design_reg/C]  *                                                               [get_pins {*/rst_riu_sync_r_reg[0]/D}]                                            false           false           Non-existent path                
32        [get_pins */input_rst_design_reg/C]  *                                                               [get_pins {*/rst_mb_sync_r_reg[0]/D}]                                             false           false           Non-existent path                
36        *                                    [get_ports -scoped_to_current_instance SYS_Rst]                 *                                                                                 false           false           Non-existent path                
37        *                                    [get_ports -scoped_to_current_instance SYS_Rst]                 *                                                                                 false           false           Non-existent path                
99        *                                    *                                                               [get_pins -filter REF_PIN_NAME=~*D -of_objects [get_cells -hierarchical -filter   false           false           Invalid endpoint                 
                                                                                                               {NAME =~ *reset_synchronizer*inst/rst_in_meta*}]]                                                                 
203       *                                    *                                                               [get_cells {syncstages_ff_reg[0][*]}]                                             false           false           Non-existent path                
364       *                                    [get_ports -scoped_to_current_instance -no_traverse src_arst]   *                                                                                 false           false           Totally overridden path by FP 164
365       *                                    [get_ports -scoped_to_current_instance -no_traverse src_arst]   *                                                                                 false           false           Totally overridden path by FP 164
366       *                                    [get_ports -scoped_to_current_instance -no_traverse src_arst]   *                                                                                 false           false           Totally overridden path by FP 164
367       *                                    [get_ports -scoped_to_current_instance -no_traverse src_arst]   *                                                                                 false           false           Totally overridden path by FP 164
368       *                                    [get_ports -scoped_to_current_instance -no_traverse src_arst]   *                                                                                 false           false           Totally overridden path by FP 164
369       *                                    [get_ports -scoped_to_current_instance -no_traverse src_arst]   *                                                                                 false           false           Totally overridden path by FP 164
370       *                                    [get_ports -scoped_to_current_instance -no_traverse src_arst]   *                                                                                 false           false           Totally overridden path by FP 164
371       *                                    [get_ports -scoped_to_current_instance -no_traverse src_arst]   *                                                                                 false           false           Non-existent path                
372       *                                    [get_ports -scoped_to_current_instance -no_traverse src_arst]   *                                                                                 false           false           Totally overridden path by FP 168
373       *                                    [get_ports -scoped_to_current_instance -no_traverse src_arst]   *                                                                                 false           false           Totally overridden path by FP 169
374       *                                    [get_ports -scoped_to_current_instance -no_traverse src_arst]   *                                                                                 false           false           Totally overridden path by FP 164
556       *                                    *                                                               [get_cells {syncstages_ff_reg[0]}]                                                false           false           Non-existent path                
557       *                                    *                                                               [get_cells {syncstages_ff_reg[0]}]                                                false           false           Non-existent path                
558       *                                    *                                                               [get_cells {syncstages_ff_reg[0]}]                                                false           false           Non-existent path                
657       *                                    *                                                               [get_cells {syncstages_ff_reg[0]}]                                                false           false           Non-existent path                
683       *                                    *                                                               [get_cells {syncstages_ff_reg[0]}]                                                false           false           Non-existent path                
684       *                                    *                                                               [get_cells {syncstages_ff_reg[0]}]                                                false           false           Non-existent path                
692       *                                    *                                                               [get_cells {syncstages_ff_reg[0]}]                                                false           false           Non-existent path                
693       *                                    *                                                               [get_cells {syncstages_ff_reg[0]}]                                                false           false           Non-existent path                
701       *                                    *                                                               [get_cells {syncstages_ff_reg[0]}]                                                false           false           Non-existent path                
706       *                                    *                                                               [get_cells {syncstages_ff_reg[0]}]                                                false           false           Non-existent path                
708       *                                    *                                                               [get_cells {syncstages_ff_reg[0]}]                                                false           false           Non-existent path                
731       *                                    *                                                               [get_cells {syncstages_ff_reg[0]}]                                                false           false           Non-existent path                
739       *                                    *                                                               [get_cells {syncstages_ff_reg[0]}]                                                false           false           Non-existent path                
740       *                                    *                                                               [get_cells {syncstages_ff_reg[0]}]                                                false           false           Non-existent path                

