Copyright 1986-2022 Xilinx, Inc. All Rights Reserved. Copyright 2022-2023 Advanced Micro Devices, Inc. All Rights Reserved.
-------------------------------------------------------------------------------------------------------------------------------------------------------------------------------------------------------------
| Tool Version : Vivado v.2023.2 (lin64) Build 4029153 Fri Oct 13 20:13:54 MDT 2023
| Date         : Sat Sep  5 20:56:44 2026
| Host         : tsmc184 running 64-bit Ubuntu 22.04.5 LTS
| Command      : report_utilization -hierarchical -hierarchical_depth 5 -file /mnt/data/wzr/13p/ov7670/sixteen_camera/reports/video_timing_refactor/P1/reset_enable_constraints/utilization_hierarchical.rpt
| Design       : top_wrapper
| Device       : xcvu13p-fhga2104-2-i
| Speed File   : -2
| Design State : Routed
-------------------------------------------------------------------------------------------------------------------------------------------------------------------------------------------------------------

Utilization Design Information

Table of Contents
-----------------
1. Utilization by Hierarchy

1. Utilization by Hierarchy
---------------------------

+------------------------------------------------+----------------------------------------------------------------------------+------------+------------+---------+------+--------+--------+--------+------+------------+
|                    Instance                    |                                   Module                                   | Total LUTs | Logic LUTs | LUTRAMs | SRLs |   FFs  | RAMB36 | RAMB18 | URAM | DSP Blocks |
+------------------------------------------------+----------------------------------------------------------------------------+------------+------------+---------+------+--------+--------+--------+------+------------+
| top_wrapper                                    |                                                                      (top) |     121740 |     110315 |   10156 | 1269 | 223525 |    397 |     55 |    0 |         18 |
|   (top_wrapper)                                |                                                                      (top) |          0 |          0 |       0 |    0 |     20 |      0 |      0 |    0 |          0 |
|   dbg_hub                                      |                                                                    dbg_hub |        427 |        407 |      20 |    0 |    741 |      0 |      0 |    0 |          0 |
|     (dbg_hub)                                  |                                                                    dbg_hub |          0 |          0 |       0 |    0 |      0 |      0 |      0 |    0 |          0 |
|     inst                                       |                                                         xsdbm_v3_0_0_xsdbm |        427 |        407 |      20 |    0 |    741 |      0 |      0 |    0 |          0 |
|       BSCANID.u_xsdbm_id                       |                                                      xsdbm_v3_0_0_xsdbm_id |        427 |        407 |      20 |    0 |    741 |      0 |      0 |    0 |          0 |
|         (BSCANID.u_xsdbm_id)                   |                                                      xsdbm_v3_0_0_xsdbm_id |         33 |         33 |       0 |    0 |     34 |      0 |      0 |    0 |          0 |
|         CORE_XSDB.UUT_MASTER                   |                                                     xsdbm_v3_0_0_icon2xsdb |        259 |        239 |      20 |    0 |    554 |      0 |      0 |    0 |          0 |
|           U_ICON_INTERFACE                     |                                                            xsdbm_v3_0_0_if |        156 |        136 |      20 |    0 |    450 |      0 |      0 |    0 |          0 |
|           U_XSDB_ADDRESS_CONTROLLER            |                                                      xsdbm_v3_0_0_addr_ctl |         17 |         17 |       0 |    0 |     19 |      0 |      0 |    0 |          0 |
|           U_XSDB_BURST_WD_LEN_CONTROLLER       |                                               xsdbm_v3_0_0_burst_wdlen_ctl |         21 |         21 |       0 |    0 |     20 |      0 |      0 |    0 |          0 |
|           U_XSDB_BUS_CONTROLLER                |                                                       xsdbm_v3_0_0_bus_ctl |         66 |         66 |       0 |    0 |     48 |      0 |      0 |    0 |          0 |
|           U_XSDB_BUS_MSTR2SL_PORT_IFACE        |                                                xsdbm_v3_0_0_bus_mstr2sl_if |          0 |          0 |       0 |    0 |     17 |      0 |      0 |    0 |          0 |
|         CORE_XSDB.U_ICON                       |                                                          xsdbm_v3_0_0_icon |         16 |         16 |       0 |    0 |     28 |      0 |      0 |    0 |          0 |
|           (CORE_XSDB.U_ICON)                   |                                                          xsdbm_v3_0_0_icon |          1 |          1 |       0 |    0 |      3 |      0 |      0 |    0 |          0 |
|           U_CMD                                |                                                    xsdbm_v3_0_0_cmd_decode |          8 |          8 |       0 |    0 |     10 |      0 |      0 |    0 |          0 |
|           U_STAT                               |                                                          xsdbm_v3_0_0_stat |          5 |          5 |       0 |    0 |      7 |      0 |      0 |    0 |          0 |
|           U_SYNC                               |                                                          xsdbm_v3_0_0_sync |          2 |          2 |       0 |    0 |      8 |      0 |      0 |    0 |          0 |
|         SWITCH_N_EXT_BSCAN.bscan_inst          |                                                         ltlib_v1_0_1_bscan |          0 |          0 |       0 |    0 |      0 |      0 |      0 |    0 |          0 |
|         SWITCH_N_EXT_BSCAN.bscan_switch        |                                                  xsdbm_v3_0_0_bscan_switch |        120 |        120 |       0 |    0 |    125 |      0 |      0 |    0 |          0 |
|   u_camera_hdmi                                |                                                      camera_hdmi_subsystem |      52010 |      50120 |    1428 |  462 | 133185 |    208 |     10 |    0 |          0 |
|     u_camera_subsystem                         |                                                           camera_subsystem |      32865 |      32713 |       0 |  152 | 105902 |    200 |      8 |    0 |          0 |
|       (u_camera_subsystem)                     |                                                           camera_subsystem |         96 |         96 |       0 |    0 |    184 |      0 |      0 |    0 |          0 |
|       g_camera_frontend[0].u_camera            |                                                 ov7670_frontend__xdcDup__1 |       3606 |       3587 |       0 |   19 |  12264 |      0 |      1 |    0 |          0 |
|         (g_camera_frontend[0].u_camera)        |                                                 ov7670_frontend__xdcDup__1 |        307 |        299 |       0 |    8 |   2628 |      0 |      0 |    0 |          0 |
|         u_cdc_diag_cdc                         |                                  xpm_cdc_array_single__parameterized13__16 |          0 |          0 |       0 |    0 |    271 |      0 |      0 |    0 |          0 |
|         u_control_cdc                          |                                   xpm_cdc_array_single__parameterized1__10 |          0 |          0 |       0 |    0 |     12 |      0 |      0 |    0 |          0 |
|         u_ctrl_diag_cdc                        |                                   xpm_cdc_array_single__parameterized11__8 |          0 |          0 |       0 |    0 |   1214 |      0 |      0 |    0 |          0 |
|         u_diagnostics                          |                                                       ov7670_axil_regs_389 |       1916 |       1916 |       0 |    0 |     75 |      0 |      0 |    0 |          0 |
|         u_href_diag_cdc                        |                                   xpm_cdc_array_single__parameterized7__10 |          0 |          0 |       0 |    0 |    480 |      0 |      0 |    0 |          0 |
|         u_href_guard_diag_cdc                  |                                  xpm_cdc_array_single__parameterized13__17 |          0 |          0 |       0 |    0 |    281 |      0 |      0 |    0 |          0 |
|         u_href_line_guard                      |                                                    dvp_href_line_guard_390 |        100 |        100 |       0 |    0 |    109 |      0 |      0 |    0 |          0 |
|         u_ingress_extra_diag_cdc               |                                   xpm_cdc_array_single__parameterized14__8 |          0 |          0 |       0 |    0 |    192 |      0 |      0 |    0 |          0 |
|         u_ov7670_ctrl                          |                                                    ov7670_ztachip_ctrl_391 |        225 |        225 |       0 |    0 |    399 |      0 |      1 |    0 |          0 |
|         u_pclk_diag_cdc                        |                                  xpm_cdc_array_single__parameterized10__18 |          0 |          0 |       0 |    0 |    668 |      0 |      0 |    0 |          0 |
|         u_pclk_extended_diag_cdc               |                                  xpm_cdc_array_single__parameterized17__16 |          0 |          0 |       0 |    0 |    512 |      0 |      0 |    0 |          0 |
|         u_pclk_quality_diag_cdc                |                                   xpm_cdc_array_single__parameterized16__8 |          0 |          0 |       0 |    0 |    320 |      0 |      0 |    0 |          0 |
|         u_pclk_recovery                        |                                                      dvp_pclk_recovery_392 |       1060 |       1049 |       0 |   11 |   1291 |      0 |      0 |    0 |          0 |
|         u_pclk_snapshot_ack_cdc                |                                          xpm_cdc_single__parameterized0__8 |          0 |          0 |       0 |    0 |      4 |      0 |      0 |    0 |          0 |
|         u_pclk_snapshot_cdc_high               |                                  xpm_cdc_array_single__parameterized17__17 |          0 |          0 |       0 |    0 |    512 |      0 |      0 |    0 |          0 |
|         u_pclk_snapshot_cdc_low                |                                   xpm_cdc_array_single__parameterized18__8 |          0 |          0 |       0 |    0 |   2048 |      0 |      0 |    0 |          0 |
|         u_stream_diag_cdc                      |                                  xpm_cdc_array_single__parameterized10__19 |          0 |          0 |       0 |    0 |    768 |      0 |      0 |    0 |          0 |
|         u_timeout_abort_diag_cdc               |                                   xpm_cdc_array_single__parameterized15__8 |          0 |          0 |       0 |    0 |     96 |      0 |      0 |    0 |          0 |
|         u_vsync_diag_cdc                       |                                   xpm_cdc_array_single__parameterized12__8 |          0 |          0 |       0 |    0 |    384 |      0 |      0 |    0 |          0 |
|       g_camera_frontend[0].u_camera_cdc        |                                                 camera_axis_cdc__xdcDup__1 |        280 |        280 |       0 |    0 |    498 |     25 |      0 |    0 |          0 |
|         (g_camera_frontend[0].u_camera_cdc)    |                                                 camera_axis_cdc__xdcDup__1 |         50 |         50 |       0 |    0 |    206 |      0 |      0 |    0 |          0 |
|         u_fifo                                 |                                                  xpm_fifo_async__xdcDup__1 |        230 |        230 |       0 |    0 |    292 |     25 |      0 |    0 |          0 |
|           gnuram_async_fifo.xpm_fifo_base_inst |                                   xpm_fifo_base__parameterized2__xdcDup__1 |        230 |        230 |       0 |    0 |    292 |     25 |      0 |    0 |          0 |
|       g_camera_frontend[0].u_camera_stream     |                                                      camera_axis_to_stream |        255 |        255 |       0 |    0 |    452 |      0 |      0 |    0 |          0 |
|       g_camera_frontend[1].u_camera            |                                                 ov7670_frontend__xdcDup__2 |       3524 |       3505 |       0 |   19 |  12264 |      0 |      1 |    0 |          0 |
|         (g_camera_frontend[1].u_camera)        |                                                 ov7670_frontend__xdcDup__2 |        310 |        302 |       0 |    8 |   2628 |      0 |      0 |    0 |          0 |
|         u_cdc_diag_cdc                         |                                  xpm_cdc_array_single__parameterized13__18 |          0 |          0 |       0 |    0 |    271 |      0 |      0 |    0 |          0 |
|         u_control_cdc                          |                                   xpm_cdc_array_single__parameterized1__11 |          0 |          0 |       0 |    0 |     12 |      0 |      0 |    0 |          0 |
|         u_ctrl_diag_cdc                        |                                   xpm_cdc_array_single__parameterized11__9 |          0 |          0 |       0 |    0 |   1214 |      0 |      0 |    0 |          0 |
|         u_diagnostics                          |                                                       ov7670_axil_regs_374 |       1846 |       1846 |       0 |    0 |     75 |      0 |      0 |    0 |          0 |
|         u_href_diag_cdc                        |                                   xpm_cdc_array_single__parameterized7__11 |          0 |          0 |       0 |    0 |    480 |      0 |      0 |    0 |          0 |
|         u_href_guard_diag_cdc                  |                                  xpm_cdc_array_single__parameterized13__19 |          0 |          0 |       0 |    0 |    281 |      0 |      0 |    0 |          0 |
|         u_href_line_guard                      |                                                    dvp_href_line_guard_375 |         99 |         99 |       0 |    0 |    109 |      0 |      0 |    0 |          0 |
|         u_ingress_extra_diag_cdc               |                                   xpm_cdc_array_single__parameterized14__9 |          0 |          0 |       0 |    0 |    192 |      0 |      0 |    0 |          0 |
|         u_ov7670_ctrl                          |                                                    ov7670_ztachip_ctrl_376 |        226 |        226 |       0 |    0 |    399 |      0 |      1 |    0 |          0 |
|         u_pclk_diag_cdc                        |                                  xpm_cdc_array_single__parameterized10__20 |          0 |          0 |       0 |    0 |    668 |      0 |      0 |    0 |          0 |
|         u_pclk_extended_diag_cdc               |                                  xpm_cdc_array_single__parameterized17__18 |          0 |          0 |       0 |    0 |    512 |      0 |      0 |    0 |          0 |
|         u_pclk_quality_diag_cdc                |                                   xpm_cdc_array_single__parameterized16__9 |          0 |          0 |       0 |    0 |    320 |      0 |      0 |    0 |          0 |
|         u_pclk_recovery                        |                                                      dvp_pclk_recovery_377 |       1044 |       1033 |       0 |   11 |   1291 |      0 |      0 |    0 |          0 |
|         u_pclk_snapshot_ack_cdc                |                                          xpm_cdc_single__parameterized0__9 |          0 |          0 |       0 |    0 |      4 |      0 |      0 |    0 |          0 |
|         u_pclk_snapshot_cdc_high               |                                  xpm_cdc_array_single__parameterized17__19 |          0 |          0 |       0 |    0 |    512 |      0 |      0 |    0 |          0 |
|         u_pclk_snapshot_cdc_low                |                                   xpm_cdc_array_single__parameterized18__9 |          0 |          0 |       0 |    0 |   2048 |      0 |      0 |    0 |          0 |
|         u_stream_diag_cdc                      |                                  xpm_cdc_array_single__parameterized10__21 |          0 |          0 |       0 |    0 |    768 |      0 |      0 |    0 |          0 |
|         u_timeout_abort_diag_cdc               |                                   xpm_cdc_array_single__parameterized15__9 |          0 |          0 |       0 |    0 |     96 |      0 |      0 |    0 |          0 |
|         u_vsync_diag_cdc                       |                                   xpm_cdc_array_single__parameterized12__9 |          0 |          0 |       0 |    0 |    384 |      0 |      0 |    0 |          0 |
|       g_camera_frontend[1].u_camera_cdc        |                                                 camera_axis_cdc__xdcDup__2 |        279 |        279 |       0 |    0 |    497 |     25 |      0 |    0 |          0 |
|         (g_camera_frontend[1].u_camera_cdc)    |                                                 camera_axis_cdc__xdcDup__2 |         50 |         50 |       0 |    0 |    206 |      0 |      0 |    0 |          0 |
|         u_fifo                                 |                                                  xpm_fifo_async__xdcDup__2 |        229 |        229 |       0 |    0 |    291 |     25 |      0 |    0 |          0 |
|           gnuram_async_fifo.xpm_fifo_base_inst |                                   xpm_fifo_base__parameterized2__xdcDup__2 |        229 |        229 |       0 |    0 |    291 |     25 |      0 |    0 |          0 |
|       g_camera_frontend[1].u_camera_stream     |                                      camera_axis_to_stream__parameterized0 |        251 |        251 |       0 |    0 |    452 |      0 |      0 |    0 |          0 |
|       g_camera_frontend[2].u_camera            |                                                 ov7670_frontend__xdcDup__3 |       3740 |       3721 |       0 |   19 |  12264 |      0 |      1 |    0 |          0 |
|         (g_camera_frontend[2].u_camera)        |                                                 ov7670_frontend__xdcDup__3 |        491 |        483 |       0 |    8 |   2628 |      0 |      0 |    0 |          0 |
|         u_cdc_diag_cdc                         |                                  xpm_cdc_array_single__parameterized13__20 |          0 |          0 |       0 |    0 |    271 |      0 |      0 |    0 |          0 |
|         u_control_cdc                          |                                   xpm_cdc_array_single__parameterized1__12 |          0 |          0 |       0 |    0 |     12 |      0 |      0 |    0 |          0 |
|         u_ctrl_diag_cdc                        |                                  xpm_cdc_array_single__parameterized11__10 |          0 |          0 |       0 |    0 |   1214 |      0 |      0 |    0 |          0 |
|         u_diagnostics                          |                                                       ov7670_axil_regs_359 |       1904 |       1904 |       0 |    0 |     75 |      0 |      0 |    0 |          0 |
|         u_href_diag_cdc                        |                                   xpm_cdc_array_single__parameterized7__12 |          0 |          0 |       0 |    0 |    480 |      0 |      0 |    0 |          0 |
|         u_href_guard_diag_cdc                  |                                  xpm_cdc_array_single__parameterized13__21 |          0 |          0 |       0 |    0 |    281 |      0 |      0 |    0 |          0 |
|         u_href_line_guard                      |                                                    dvp_href_line_guard_360 |         68 |         68 |       0 |    0 |    109 |      0 |      0 |    0 |          0 |
|         u_ingress_extra_diag_cdc               |                                  xpm_cdc_array_single__parameterized14__10 |          0 |          0 |       0 |    0 |    192 |      0 |      0 |    0 |          0 |
|         u_ov7670_ctrl                          |                                                    ov7670_ztachip_ctrl_361 |        223 |        223 |       0 |    0 |    399 |      0 |      1 |    0 |          0 |
|         u_pclk_diag_cdc                        |                                  xpm_cdc_array_single__parameterized10__22 |          0 |          0 |       0 |    0 |    668 |      0 |      0 |    0 |          0 |
|         u_pclk_extended_diag_cdc               |                                  xpm_cdc_array_single__parameterized17__20 |          0 |          0 |       0 |    0 |    512 |      0 |      0 |    0 |          0 |
|         u_pclk_quality_diag_cdc                |                                  xpm_cdc_array_single__parameterized16__10 |          0 |          0 |       0 |    0 |    320 |      0 |      0 |    0 |          0 |
|         u_pclk_recovery                        |                                                      dvp_pclk_recovery_362 |       1058 |       1047 |       0 |   11 |   1291 |      0 |      0 |    0 |          0 |
|         u_pclk_snapshot_ack_cdc                |                                         xpm_cdc_single__parameterized0__10 |          0 |          0 |       0 |    0 |      4 |      0 |      0 |    0 |          0 |
|         u_pclk_snapshot_cdc_high               |                                  xpm_cdc_array_single__parameterized17__21 |          0 |          0 |       0 |    0 |    512 |      0 |      0 |    0 |          0 |
|         u_pclk_snapshot_cdc_low                |                                  xpm_cdc_array_single__parameterized18__10 |          0 |          0 |       0 |    0 |   2048 |      0 |      0 |    0 |          0 |
|         u_stream_diag_cdc                      |                                  xpm_cdc_array_single__parameterized10__23 |          0 |          0 |       0 |    0 |    768 |      0 |      0 |    0 |          0 |
|         u_timeout_abort_diag_cdc               |                                  xpm_cdc_array_single__parameterized15__10 |          0 |          0 |       0 |    0 |     96 |      0 |      0 |    0 |          0 |
|         u_vsync_diag_cdc                       |                                  xpm_cdc_array_single__parameterized12__10 |          0 |          0 |       0 |    0 |    384 |      0 |      0 |    0 |          0 |
|       g_camera_frontend[2].u_camera_cdc        |                                                 camera_axis_cdc__xdcDup__3 |        282 |        282 |       0 |    0 |    491 |     25 |      0 |    0 |          0 |
|         (g_camera_frontend[2].u_camera_cdc)    |                                                 camera_axis_cdc__xdcDup__3 |         51 |         51 |       0 |    0 |    206 |      0 |      0 |    0 |          0 |
|         u_fifo                                 |                                                  xpm_fifo_async__xdcDup__3 |        231 |        231 |       0 |    0 |    285 |     25 |      0 |    0 |          0 |
|           gnuram_async_fifo.xpm_fifo_base_inst |                                   xpm_fifo_base__parameterized2__xdcDup__3 |        231 |        231 |       0 |    0 |    285 |     25 |      0 |    0 |          0 |
|       g_camera_frontend[2].u_camera_stream     |                                      camera_axis_to_stream__parameterized1 |        105 |        105 |       0 |    0 |    452 |      0 |      0 |    0 |          0 |
|       g_camera_frontend[3].u_camera            |                                                 ov7670_frontend__xdcDup__4 |       3734 |       3715 |       0 |   19 |  12264 |      0 |      1 |    0 |          0 |
|         (g_camera_frontend[3].u_camera)        |                                                 ov7670_frontend__xdcDup__4 |        491 |        483 |       0 |    8 |   2628 |      0 |      0 |    0 |          0 |
|         u_cdc_diag_cdc                         |                                  xpm_cdc_array_single__parameterized13__22 |          0 |          0 |       0 |    0 |    271 |      0 |      0 |    0 |          0 |
|         u_control_cdc                          |                                   xpm_cdc_array_single__parameterized1__13 |          0 |          0 |       0 |    0 |     12 |      0 |      0 |    0 |          0 |
|         u_ctrl_diag_cdc                        |                                  xpm_cdc_array_single__parameterized11__11 |          0 |          0 |       0 |    0 |   1214 |      0 |      0 |    0 |          0 |
|         u_diagnostics                          |                                                       ov7670_axil_regs_344 |       1903 |       1903 |       0 |    0 |     75 |      0 |      0 |    0 |          0 |
|         u_href_diag_cdc                        |                                   xpm_cdc_array_single__parameterized7__13 |          0 |          0 |       0 |    0 |    480 |      0 |      0 |    0 |          0 |
|         u_href_guard_diag_cdc                  |                                  xpm_cdc_array_single__parameterized13__23 |          0 |          0 |       0 |    0 |    281 |      0 |      0 |    0 |          0 |
|         u_href_line_guard                      |                                                    dvp_href_line_guard_345 |         70 |         70 |       0 |    0 |    109 |      0 |      0 |    0 |          0 |
|         u_ingress_extra_diag_cdc               |                                  xpm_cdc_array_single__parameterized14__11 |          0 |          0 |       0 |    0 |    192 |      0 |      0 |    0 |          0 |
|         u_ov7670_ctrl                          |                                                    ov7670_ztachip_ctrl_346 |        220 |        220 |       0 |    0 |    399 |      0 |      1 |    0 |          0 |
|         u_pclk_diag_cdc                        |                                  xpm_cdc_array_single__parameterized10__24 |          0 |          0 |       0 |    0 |    668 |      0 |      0 |    0 |          0 |
|         u_pclk_extended_diag_cdc               |                                  xpm_cdc_array_single__parameterized17__22 |          0 |          0 |       0 |    0 |    512 |      0 |      0 |    0 |          0 |
|         u_pclk_quality_diag_cdc                |                                  xpm_cdc_array_single__parameterized16__11 |          0 |          0 |       0 |    0 |    320 |      0 |      0 |    0 |          0 |
|         u_pclk_recovery                        |                                                      dvp_pclk_recovery_347 |       1052 |       1041 |       0 |   11 |   1291 |      0 |      0 |    0 |          0 |
|         u_pclk_snapshot_ack_cdc                |                                         xpm_cdc_single__parameterized0__11 |          0 |          0 |       0 |    0 |      4 |      0 |      0 |    0 |          0 |
|         u_pclk_snapshot_cdc_high               |                                  xpm_cdc_array_single__parameterized17__23 |          0 |          0 |       0 |    0 |    512 |      0 |      0 |    0 |          0 |
|         u_pclk_snapshot_cdc_low                |                                  xpm_cdc_array_single__parameterized18__11 |          0 |          0 |       0 |    0 |   2048 |      0 |      0 |    0 |          0 |
|         u_stream_diag_cdc                      |                                  xpm_cdc_array_single__parameterized10__25 |          0 |          0 |       0 |    0 |    768 |      0 |      0 |    0 |          0 |
|         u_timeout_abort_diag_cdc               |                                  xpm_cdc_array_single__parameterized15__11 |          0 |          0 |       0 |    0 |     96 |      0 |      0 |    0 |          0 |
|         u_vsync_diag_cdc                       |                                  xpm_cdc_array_single__parameterized12__11 |          0 |          0 |       0 |    0 |    384 |      0 |      0 |    0 |          0 |
|       g_camera_frontend[3].u_camera_cdc        |                                                 camera_axis_cdc__xdcDup__4 |        284 |        284 |       0 |    0 |    498 |     25 |      0 |    0 |          0 |
|         (g_camera_frontend[3].u_camera_cdc)    |                                                 camera_axis_cdc__xdcDup__4 |         54 |         54 |       0 |    0 |    206 |      0 |      0 |    0 |          0 |
|         u_fifo                                 |                                                  xpm_fifo_async__xdcDup__4 |        230 |        230 |       0 |    0 |    292 |     25 |      0 |    0 |          0 |
|           gnuram_async_fifo.xpm_fifo_base_inst |                                   xpm_fifo_base__parameterized2__xdcDup__4 |        230 |        230 |       0 |    0 |    292 |     25 |      0 |    0 |          0 |
|       g_camera_frontend[3].u_camera_stream     |                                      camera_axis_to_stream__parameterized2 |        112 |        112 |       0 |    0 |    452 |      0 |      0 |    0 |          0 |
|       g_camera_frontend[4].u_camera            |                                                 ov7670_frontend__xdcDup__5 |       3576 |       3557 |       0 |   19 |  12264 |      0 |      1 |    0 |          0 |
|         (g_camera_frontend[4].u_camera)        |                                                 ov7670_frontend__xdcDup__5 |        309 |        301 |       0 |    8 |   2628 |      0 |      0 |    0 |          0 |
|         u_cdc_diag_cdc                         |                                  xpm_cdc_array_single__parameterized13__24 |          0 |          0 |       0 |    0 |    271 |      0 |      0 |    0 |          0 |
|         u_control_cdc                          |                                   xpm_cdc_array_single__parameterized1__14 |          0 |          0 |       0 |    0 |     12 |      0 |      0 |    0 |          0 |
|         u_ctrl_diag_cdc                        |                                  xpm_cdc_array_single__parameterized11__12 |          0 |          0 |       0 |    0 |   1214 |      0 |      0 |    0 |          0 |
|         u_diagnostics                          |                                                       ov7670_axil_regs_329 |       1882 |       1882 |       0 |    0 |     75 |      0 |      0 |    0 |          0 |
|         u_href_diag_cdc                        |                                   xpm_cdc_array_single__parameterized7__14 |          0 |          0 |       0 |    0 |    480 |      0 |      0 |    0 |          0 |
|         u_href_guard_diag_cdc                  |                                  xpm_cdc_array_single__parameterized13__25 |          0 |          0 |       0 |    0 |    281 |      0 |      0 |    0 |          0 |
|         u_href_line_guard                      |                                                    dvp_href_line_guard_330 |        109 |        109 |       0 |    0 |    109 |      0 |      0 |    0 |          0 |
|         u_ingress_extra_diag_cdc               |                                  xpm_cdc_array_single__parameterized14__12 |          0 |          0 |       0 |    0 |    192 |      0 |      0 |    0 |          0 |
|         u_ov7670_ctrl                          |                                                    ov7670_ztachip_ctrl_331 |        225 |        225 |       0 |    0 |    399 |      0 |      1 |    0 |          0 |
|         u_pclk_diag_cdc                        |                                  xpm_cdc_array_single__parameterized10__26 |          0 |          0 |       0 |    0 |    668 |      0 |      0 |    0 |          0 |
|         u_pclk_extended_diag_cdc               |                                  xpm_cdc_array_single__parameterized17__24 |          0 |          0 |       0 |    0 |    512 |      0 |      0 |    0 |          0 |
|         u_pclk_quality_diag_cdc                |                                  xpm_cdc_array_single__parameterized16__12 |          0 |          0 |       0 |    0 |    320 |      0 |      0 |    0 |          0 |
|         u_pclk_recovery                        |                                                      dvp_pclk_recovery_332 |       1052 |       1041 |       0 |   11 |   1291 |      0 |      0 |    0 |          0 |
|         u_pclk_snapshot_ack_cdc                |                                         xpm_cdc_single__parameterized0__12 |          0 |          0 |       0 |    0 |      4 |      0 |      0 |    0 |          0 |
|         u_pclk_snapshot_cdc_high               |                                  xpm_cdc_array_single__parameterized17__25 |          0 |          0 |       0 |    0 |    512 |      0 |      0 |    0 |          0 |
|         u_pclk_snapshot_cdc_low                |                                  xpm_cdc_array_single__parameterized18__12 |          0 |          0 |       0 |    0 |   2048 |      0 |      0 |    0 |          0 |
|         u_stream_diag_cdc                      |                                  xpm_cdc_array_single__parameterized10__27 |          0 |          0 |       0 |    0 |    768 |      0 |      0 |    0 |          0 |
|         u_timeout_abort_diag_cdc               |                                  xpm_cdc_array_single__parameterized15__12 |          0 |          0 |       0 |    0 |     96 |      0 |      0 |    0 |          0 |
|         u_vsync_diag_cdc                       |                                  xpm_cdc_array_single__parameterized12__12 |          0 |          0 |       0 |    0 |    384 |      0 |      0 |    0 |          0 |
|       g_camera_frontend[4].u_camera_cdc        |                                                 camera_axis_cdc__xdcDup__5 |        281 |        281 |       0 |    0 |    497 |     25 |      0 |    0 |          0 |
|         (g_camera_frontend[4].u_camera_cdc)    |                                                 camera_axis_cdc__xdcDup__5 |         51 |         51 |       0 |    0 |    206 |      0 |      0 |    0 |          0 |
|         u_fifo                                 |                                                  xpm_fifo_async__xdcDup__5 |        230 |        230 |       0 |    0 |    291 |     25 |      0 |    0 |          0 |
|           gnuram_async_fifo.xpm_fifo_base_inst |                                   xpm_fifo_base__parameterized2__xdcDup__5 |        230 |        230 |       0 |    0 |    291 |     25 |      0 |    0 |          0 |
|       g_camera_frontend[4].u_camera_stream     |                                      camera_axis_to_stream__parameterized3 |        252 |        252 |       0 |    0 |    452 |      0 |      0 |    0 |          0 |
|       g_camera_frontend[5].u_camera            |                                                 ov7670_frontend__xdcDup__6 |       3539 |       3520 |       0 |   19 |  12264 |      0 |      1 |    0 |          0 |
|         (g_camera_frontend[5].u_camera)        |                                                 ov7670_frontend__xdcDup__6 |        310 |        302 |       0 |    8 |   2628 |      0 |      0 |    0 |          0 |
|         u_cdc_diag_cdc                         |                                  xpm_cdc_array_single__parameterized13__26 |          0 |          0 |       0 |    0 |    271 |      0 |      0 |    0 |          0 |
|         u_control_cdc                          |                                   xpm_cdc_array_single__parameterized1__15 |          0 |          0 |       0 |    0 |     12 |      0 |      0 |    0 |          0 |
|         u_ctrl_diag_cdc                        |                                  xpm_cdc_array_single__parameterized11__13 |          0 |          0 |       0 |    0 |   1214 |      0 |      0 |    0 |          0 |
|         u_diagnostics                          |                                                       ov7670_axil_regs_314 |       1846 |       1846 |       0 |    0 |     75 |      0 |      0 |    0 |          0 |
|         u_href_diag_cdc                        |                                   xpm_cdc_array_single__parameterized7__15 |          0 |          0 |       0 |    0 |    480 |      0 |      0 |    0 |          0 |
|         u_href_guard_diag_cdc                  |                                  xpm_cdc_array_single__parameterized13__27 |          0 |          0 |       0 |    0 |    281 |      0 |      0 |    0 |          0 |
|         u_href_line_guard                      |                                                    dvp_href_line_guard_315 |        107 |        107 |       0 |    0 |    109 |      0 |      0 |    0 |          0 |
|         u_ingress_extra_diag_cdc               |                                  xpm_cdc_array_single__parameterized14__13 |          0 |          0 |       0 |    0 |    192 |      0 |      0 |    0 |          0 |
|         u_ov7670_ctrl                          |                                                    ov7670_ztachip_ctrl_316 |        227 |        227 |       0 |    0 |    399 |      0 |      1 |    0 |          0 |
|         u_pclk_diag_cdc                        |                                  xpm_cdc_array_single__parameterized10__28 |          0 |          0 |       0 |    0 |    668 |      0 |      0 |    0 |          0 |
|         u_pclk_extended_diag_cdc               |                                  xpm_cdc_array_single__parameterized17__26 |          0 |          0 |       0 |    0 |    512 |      0 |      0 |    0 |          0 |
|         u_pclk_quality_diag_cdc                |                                  xpm_cdc_array_single__parameterized16__13 |          0 |          0 |       0 |    0 |    320 |      0 |      0 |    0 |          0 |
|         u_pclk_recovery                        |                                                      dvp_pclk_recovery_317 |       1051 |       1040 |       0 |   11 |   1291 |      0 |      0 |    0 |          0 |
|         u_pclk_snapshot_ack_cdc                |                                         xpm_cdc_single__parameterized0__13 |          0 |          0 |       0 |    0 |      4 |      0 |      0 |    0 |          0 |
|         u_pclk_snapshot_cdc_high               |                                  xpm_cdc_array_single__parameterized17__27 |          0 |          0 |       0 |    0 |    512 |      0 |      0 |    0 |          0 |
|         u_pclk_snapshot_cdc_low                |                                  xpm_cdc_array_single__parameterized18__13 |          0 |          0 |       0 |    0 |   2048 |      0 |      0 |    0 |          0 |
|         u_stream_diag_cdc                      |                                  xpm_cdc_array_single__parameterized10__29 |          0 |          0 |       0 |    0 |    768 |      0 |      0 |    0 |          0 |
|         u_timeout_abort_diag_cdc               |                                  xpm_cdc_array_single__parameterized15__13 |          0 |          0 |       0 |    0 |     96 |      0 |      0 |    0 |          0 |
|         u_vsync_diag_cdc                       |                                  xpm_cdc_array_single__parameterized12__13 |          0 |          0 |       0 |    0 |    384 |      0 |      0 |    0 |          0 |
|       g_camera_frontend[5].u_camera_cdc        |                                                 camera_axis_cdc__xdcDup__6 |        281 |        281 |       0 |    0 |    499 |     25 |      0 |    0 |          0 |
|         (g_camera_frontend[5].u_camera_cdc)    |                                                 camera_axis_cdc__xdcDup__6 |         50 |         50 |       0 |    0 |    206 |      0 |      0 |    0 |          0 |
|         u_fifo                                 |                                                  xpm_fifo_async__xdcDup__6 |        231 |        231 |       0 |    0 |    293 |     25 |      0 |    0 |          0 |
|           gnuram_async_fifo.xpm_fifo_base_inst |                                   xpm_fifo_base__parameterized2__xdcDup__6 |        231 |        231 |       0 |    0 |    293 |     25 |      0 |    0 |          0 |
|       g_camera_frontend[5].u_camera_stream     |                                      camera_axis_to_stream__parameterized4 |        256 |        256 |       0 |    0 |    452 |      0 |      0 |    0 |          0 |
|       g_camera_frontend[6].u_camera            |                                                 ov7670_frontend__xdcDup__7 |       3530 |       3511 |       0 |   19 |  12264 |      0 |      1 |    0 |          0 |
|         (g_camera_frontend[6].u_camera)        |                                                 ov7670_frontend__xdcDup__7 |        308 |        300 |       0 |    8 |   2628 |      0 |      0 |    0 |          0 |
|         u_cdc_diag_cdc                         |                                  xpm_cdc_array_single__parameterized13__28 |          0 |          0 |       0 |    0 |    271 |      0 |      0 |    0 |          0 |
|         u_control_cdc                          |                                   xpm_cdc_array_single__parameterized1__16 |          0 |          0 |       0 |    0 |     12 |      0 |      0 |    0 |          0 |
|         u_ctrl_diag_cdc                        |                                  xpm_cdc_array_single__parameterized11__14 |          0 |          0 |       0 |    0 |   1214 |      0 |      0 |    0 |          0 |
|         u_diagnostics                          |                                                       ov7670_axil_regs_299 |       1846 |       1846 |       0 |    0 |     75 |      0 |      0 |    0 |          0 |
|         u_href_diag_cdc                        |                                   xpm_cdc_array_single__parameterized7__16 |          0 |          0 |       0 |    0 |    480 |      0 |      0 |    0 |          0 |
|         u_href_guard_diag_cdc                  |                                  xpm_cdc_array_single__parameterized13__29 |          0 |          0 |       0 |    0 |    281 |      0 |      0 |    0 |          0 |
|         u_href_line_guard                      |                                                    dvp_href_line_guard_300 |        107 |        107 |       0 |    0 |    109 |      0 |      0 |    0 |          0 |
|         u_ingress_extra_diag_cdc               |                                  xpm_cdc_array_single__parameterized14__14 |          0 |          0 |       0 |    0 |    192 |      0 |      0 |    0 |          0 |
|         u_ov7670_ctrl                          |                                                    ov7670_ztachip_ctrl_301 |        225 |        225 |       0 |    0 |    399 |      0 |      1 |    0 |          0 |
|         u_pclk_diag_cdc                        |                                  xpm_cdc_array_single__parameterized10__30 |          0 |          0 |       0 |    0 |    668 |      0 |      0 |    0 |          0 |
|         u_pclk_extended_diag_cdc               |                                  xpm_cdc_array_single__parameterized17__28 |          0 |          0 |       0 |    0 |    512 |      0 |      0 |    0 |          0 |
|         u_pclk_quality_diag_cdc                |                                  xpm_cdc_array_single__parameterized16__14 |          0 |          0 |       0 |    0 |    320 |      0 |      0 |    0 |          0 |
|         u_pclk_recovery                        |                                                      dvp_pclk_recovery_302 |       1045 |       1034 |       0 |   11 |   1291 |      0 |      0 |    0 |          0 |
|         u_pclk_snapshot_ack_cdc                |                                         xpm_cdc_single__parameterized0__14 |          0 |          0 |       0 |    0 |      4 |      0 |      0 |    0 |          0 |
|         u_pclk_snapshot_cdc_high               |                                  xpm_cdc_array_single__parameterized17__29 |          0 |          0 |       0 |    0 |    512 |      0 |      0 |    0 |          0 |
|         u_pclk_snapshot_cdc_low                |                                  xpm_cdc_array_single__parameterized18__14 |          0 |          0 |       0 |    0 |   2048 |      0 |      0 |    0 |          0 |
|         u_stream_diag_cdc                      |                                  xpm_cdc_array_single__parameterized10__31 |          0 |          0 |       0 |    0 |    768 |      0 |      0 |    0 |          0 |
|         u_timeout_abort_diag_cdc               |                                  xpm_cdc_array_single__parameterized15__14 |          0 |          0 |       0 |    0 |     96 |      0 |      0 |    0 |          0 |
|         u_vsync_diag_cdc                       |                                  xpm_cdc_array_single__parameterized12__14 |          0 |          0 |       0 |    0 |    384 |      0 |      0 |    0 |          0 |
|       g_camera_frontend[6].u_camera_cdc        |                                                 camera_axis_cdc__xdcDup__7 |        281 |        281 |       0 |    0 |    499 |     25 |      0 |    0 |          0 |
|         (g_camera_frontend[6].u_camera_cdc)    |                                                 camera_axis_cdc__xdcDup__7 |         51 |         51 |       0 |    0 |    206 |      0 |      0 |    0 |          0 |
|         u_fifo                                 |                                                  xpm_fifo_async__xdcDup__7 |        230 |        230 |       0 |    0 |    293 |     25 |      0 |    0 |          0 |
|           gnuram_async_fifo.xpm_fifo_base_inst |                                   xpm_fifo_base__parameterized2__xdcDup__7 |        230 |        230 |       0 |    0 |    293 |     25 |      0 |    0 |          0 |
|       g_camera_frontend[6].u_camera_stream     |                                      camera_axis_to_stream__parameterized5 |        250 |        250 |       0 |    0 |    452 |      0 |      0 |    0 |          0 |
|       g_camera_frontend[7].u_camera            |                                                            ov7670_frontend |       3530 |       3511 |       0 |   19 |  12264 |      0 |      1 |    0 |          0 |
|         (g_camera_frontend[7].u_camera)        |                                                            ov7670_frontend |        309 |        301 |       0 |    8 |   2628 |      0 |      0 |    0 |          0 |
|         u_cdc_diag_cdc                         |                                  xpm_cdc_array_single__parameterized13__30 |          0 |          0 |       0 |    0 |    271 |      0 |      0 |    0 |          0 |
|         u_control_cdc                          |                                       xpm_cdc_array_single__parameterized1 |          0 |          0 |       0 |    0 |     12 |      0 |      0 |    0 |          0 |
|         u_ctrl_diag_cdc                        |                                      xpm_cdc_array_single__parameterized11 |          0 |          0 |       0 |    0 |   1214 |      0 |      0 |    0 |          0 |
|         u_diagnostics                          |                                                           ov7670_axil_regs |       1846 |       1846 |       0 |    0 |     75 |      0 |      0 |    0 |          0 |
|         u_href_diag_cdc                        |                                       xpm_cdc_array_single__parameterized7 |          0 |          0 |       0 |    0 |    480 |      0 |      0 |    0 |          0 |
|         u_href_guard_diag_cdc                  |                                      xpm_cdc_array_single__parameterized13 |          0 |          0 |       0 |    0 |    281 |      0 |      0 |    0 |          0 |
|         u_href_line_guard                      |                                                        dvp_href_line_guard |        105 |        105 |       0 |    0 |    109 |      0 |      0 |    0 |          0 |
|         u_ingress_extra_diag_cdc               |                                      xpm_cdc_array_single__parameterized14 |          0 |          0 |       0 |    0 |    192 |      0 |      0 |    0 |          0 |
|         u_ov7670_ctrl                          |                                                        ov7670_ztachip_ctrl |        224 |        224 |       0 |    0 |    399 |      0 |      1 |    0 |          0 |
|         u_pclk_diag_cdc                        |                                  xpm_cdc_array_single__parameterized10__32 |          0 |          0 |       0 |    0 |    668 |      0 |      0 |    0 |          0 |
|         u_pclk_extended_diag_cdc               |                                  xpm_cdc_array_single__parameterized17__30 |          0 |          0 |       0 |    0 |    512 |      0 |      0 |    0 |          0 |
|         u_pclk_quality_diag_cdc                |                                      xpm_cdc_array_single__parameterized16 |          0 |          0 |       0 |    0 |    320 |      0 |      0 |    0 |          0 |
|         u_pclk_recovery                        |                                                          dvp_pclk_recovery |       1048 |       1037 |       0 |   11 |   1291 |      0 |      0 |    0 |          0 |
|         u_pclk_snapshot_ack_cdc                |                                             xpm_cdc_single__parameterized0 |          0 |          0 |       0 |    0 |      4 |      0 |      0 |    0 |          0 |
|         u_pclk_snapshot_cdc_high               |                                      xpm_cdc_array_single__parameterized17 |          0 |          0 |       0 |    0 |    512 |      0 |      0 |    0 |          0 |
|         u_pclk_snapshot_cdc_low                |                                      xpm_cdc_array_single__parameterized18 |          0 |          0 |       0 |    0 |   2048 |      0 |      0 |    0 |          0 |
|         u_stream_diag_cdc                      |                                      xpm_cdc_array_single__parameterized10 |          0 |          0 |       0 |    0 |    768 |      0 |      0 |    0 |          0 |
|         u_timeout_abort_diag_cdc               |                                      xpm_cdc_array_single__parameterized15 |          0 |          0 |       0 |    0 |     96 |      0 |      0 |    0 |          0 |
|         u_vsync_diag_cdc                       |                                      xpm_cdc_array_single__parameterized12 |          0 |          0 |       0 |    0 |    384 |      0 |      0 |    0 |          0 |
|       g_camera_frontend[7].u_camera_cdc        |                                                            camera_axis_cdc |        298 |        298 |       0 |    0 |    499 |     25 |      0 |    0 |          0 |
|         (g_camera_frontend[7].u_camera_cdc)    |                                                            camera_axis_cdc |         66 |         66 |       0 |    0 |    206 |      0 |      0 |    0 |          0 |
|         u_fifo                                 |                                                             xpm_fifo_async |        232 |        232 |       0 |    0 |    293 |     25 |      0 |    0 |          0 |
|           gnuram_async_fifo.xpm_fifo_base_inst |                                              xpm_fifo_base__parameterized2 |        232 |        232 |       0 |    0 |    293 |     25 |      0 |    0 |          0 |
|       g_camera_frontend[7].u_camera_stream     |                                      camera_axis_to_stream__parameterized6 |        235 |        235 |       0 |    0 |    452 |      0 |      0 |    0 |          0 |
|       u_camera_clocking                        |                                                            camera_clocking |          0 |          0 |       0 |    0 |      0 |      0 |      0 |    0 |          0 |
|         u_ov7670_clk_wiz                       |                                                             clk_wiz_ov7670 |          0 |          0 |       0 |    0 |      0 |      0 |      0 |    0 |          0 |
|           inst                                 |                                                     clk_wiz_ov7670_clk_wiz |          0 |          0 |       0 |    0 |      0 |      0 |      0 |    0 |          0 |
|       u_camera_init_scheduler                  |                                                      ov7670_init_scheduler |         15 |         15 |       0 |    0 |     12 |      0 |      0 |    0 |          0 |
|     u_hdmi                                     |                                                             hdmi_subsystem |      19147 |      17409 |    1428 |  310 |  27283 |      8 |      2 |    0 |          0 |
|       u_control                                |                                                    video_control_subsystem |       1119 |       1101 |       0 |   18 |    848 |      0 |      0 |    0 |          0 |
|         (u_control)                            |                                                    video_control_subsystem |          0 |          0 |       0 |    0 |      0 |      0 |      0 |    0 |          0 |
|         u_gpio                                 |                                                                 axi_gpio_0 |        118 |        118 |       0 |    0 |    239 |      0 |      0 |    0 |          0 |
|           U0                                   |                                                         axi_gpio_0axi_gpio |        118 |        118 |       0 |    0 |    239 |      0 |      0 |    0 |          0 |
|         u_iic                                  |                                                                  axi_iic_0 |        376 |        358 |       0 |   18 |    352 |      0 |      0 |    0 |          0 |
|           (u_iic)                              |                                                                  axi_iic_0 |          0 |          0 |       0 |    0 |      0 |      0 |      0 |    0 |          0 |
|           U0                                   |                                                           axi_iic_0axi_iic |        376 |        358 |       0 |   18 |    352 |      0 |      0 |    0 |          0 |
|         u_mmio_fabric                          |                                                          video_mmio_fabric |        186 |        186 |       0 |    0 |    129 |      0 |      0 |    0 |          0 |
|         u_peripheral_fabric                    |                                                    video_peripheral_fabric |        442 |        442 |       0 |    0 |    128 |      0 |      0 |    0 |          0 |
|       u_phy                                    |                                                         hdmi_phy_subsystem |       3313 |       3313 |       0 |    0 |   7425 |      0 |      0 |    0 |          0 |
|         (u_phy)                                |                                                         hdmi_phy_subsystem |          0 |          0 |       0 |    0 |      0 |      0 |      0 |    0 |          0 |
|         u_tx_refclk_bufg                       |                                                             tx_refclk_bufg |          0 |          0 |       0 |    0 |      0 |      0 |      0 |    0 |          0 |
|           (u_tx_refclk_bufg)                   |                                                             tx_refclk_bufg |          0 |          0 |       0 |    0 |      0 |      0 |      0 |    0 |          0 |
|           U0                                   |                                                  tx_refclk_bufgutil_ds_buf |          0 |          0 |       0 |    0 |      0 |      0 |      0 |    0 |          0 |
|         u_tx_refclk_ibuf                       |                                                             tx_refclk_ibuf |          0 |          0 |       0 |    0 |      0 |      0 |      0 |    0 |          0 |
|           U0                                   |                                                  tx_refclk_ibufutil_ds_buf |          0 |          0 |       0 |    0 |      0 |      0 |      0 |    0 |          0 |
|         u_vphy                                 |                                                       vid_phy_controller_0 |       3313 |       3313 |       0 |    0 |   7425 |      0 |      0 |    0 |          0 |
|           (u_vphy)                             |                                                       vid_phy_controller_0 |          0 |          0 |       0 |    0 |      0 |      0 |      0 |    0 |          0 |
|           inst                                 |                                                   vid_phy_controller_0_top |       3313 |       3313 |       0 |    0 |   7425 |      0 |      0 |    0 |          0 |
|       u_rx                                     |                                                          hdmi_rx_subsystem |       8785 |       8029 |     660 |   96 |  10043 |      6 |      1 |    0 |          0 |
|         (u_rx)                                 |                                                          hdmi_rx_subsystem |          0 |          0 |       0 |    0 |      0 |      0 |      0 |    0 |          0 |
|         u_hdmi_rx                              |                                                             v_hdmi_rx_ss_0 |       8476 |       7720 |     660 |   96 |   8617 |      6 |      1 |    0 |          0 |
|           inst                                 |                                                     v_hdmi_rx_ss_0_bd_2422 |       8476 |       7720 |     660 |   96 |   8617 |      6 |      1 |    0 |          0 |
|         u_rx_axis_reg_slice                    |                                                          rx_axis_reg_slice |         30 |         30 |       0 |    0 |    105 |      0 |      0 |    0 |          0 |
|           inst                                 |           rx_axis_reg_sliceaxis_register_slice_v1_1_29_axis_register_slice |         30 |         30 |       0 |    0 |    105 |      0 |      0 |    0 |          0 |
|         u_spatial_demux                        |                                                      hdmi_4k_spatial_demux |        279 |        279 |       0 |    0 |   1321 |      0 |      0 |    0 |          0 |
|       u_tx                                     |                                                          hdmi_tx_subsystem |       5931 |       4967 |     768 |  196 |   8967 |      2 |      1 |    0 |          0 |
|         (u_tx)                                 |                                                          hdmi_tx_subsystem |          0 |          0 |       0 |    0 |      0 |      0 |      0 |    0 |          0 |
|         u_hdmi_tx                              |                                                             v_hdmi_tx_ss_0 |       5901 |       4937 |     768 |  196 |   8862 |      2 |      1 |    0 |          0 |
|           inst                                 |                                                     v_hdmi_tx_ss_0_bd_2444 |       5901 |       4937 |     768 |  196 |   8862 |      2 |      1 |    0 |          0 |
|         u_tx_axis_reg_slice                    |                                                          tx_axis_reg_slice |         30 |         30 |       0 |    0 |    105 |      0 |      0 |    0 |          0 |
|           inst                                 |           tx_axis_reg_sliceaxis_register_slice_v1_1_29_axis_register_slice |         30 |         30 |       0 |    0 |    105 |      0 |      0 |    0 |          0 |
|   u_control_soc                                |                                                      control_soc_subsystem |      18154 |      15190 |    2958 |    6 |   7865 |      0 |     44 |    0 |         10 |
|     (u_control_soc)                            |                                                      control_soc_subsystem |         15 |         15 |       0 |    0 |      2 |      0 |      0 |    0 |          0 |
|     u_rocket                                   |                                                     MyBoardFPGATestHarness |      17605 |      14641 |    2958 |    6 |   7583 |      0 |     42 |    0 |         10 |
|       chiptop0                                 |                                                                    ChipTop |      17605 |      14641 |    2958 |    6 |   7583 |      0 |     42 |    0 |         10 |
|         debug_reset_syncd_debug_reset_sync     |                                    AsyncResetSynchronizerShiftReg_w1_d3_i0 |          1 |          1 |       0 |    0 |      3 |      0 |      0 |    0 |          0 |
|           output_chain                         |                          AsyncResetSynchronizerPrimitiveShiftReg_d3_i0_281 |          1 |          1 |       0 |    0 |      3 |      0 |      0 |    0 |          0 |
|         inst_jtag_tunnel                       |                                                                 JTAGTUNNEL |         27 |         27 |       0 |    0 |     24 |      0 |      0 |    0 |          0 |
|         system                                 |                                                                 DigitalTop |      17576 |      14612 |    2958 |    6 |   7553 |      0 |     42 |    0 |         10 |
|           (system)                             |                                                                 DigitalTop |        264 |          8 |     256 |    0 |     10 |      0 |      0 |    0 |          0 |
|           bank                                 |                                                             ScratchpadBank |        554 |        206 |     348 |    0 |    302 |      0 |     32 |    0 |          0 |
|           cbus                                 |                                                          PeripheryBus_cbus |       2743 |       2471 |     272 |    0 |    441 |      0 |      0 |    0 |          0 |
|           chipyard_prcictrl_domain             |                                            ChipyardPRCICtrlClockSinkDomain |         83 |         83 |       0 |    0 |     59 |      0 |      0 |    0 |          0 |
|           clint_domain                         |                                                       CLINTClockSinkDomain |         35 |         35 |       0 |    0 |    131 |      0 |      0 |    0 |          0 |
|           coh_wrapper                          |                                                    CoherenceManagerWrapper |       1967 |       1295 |     672 |    0 |    281 |      0 |      0 |    0 |          0 |
|           dtm                                  |                                                   DebugTransportModuleJTAG |        107 |        107 |       0 |    0 |    168 |      0 |      0 |    0 |          0 |
|           fbus_buffer                          |                                                     TLBuffer_a33d64s1k2z4u |        180 |         60 |     120 |    0 |      6 |      0 |      0 |    0 |          0 |
|           fbus_coupler_from_debug_sb           |                                   TLInterconnectCoupler_fbus_from_debug_sb |         66 |         66 |       0 |    0 |    133 |      0 |      0 |    0 |          0 |
|           ibus_intsink                         |                                              IntSyncAsyncCrossingSink_n1x8 |         10 |          5 |       0 |    5 |      5 |      0 |      0 |    0 |          0 |
|           ibus_intsource                       |                                                 IntSyncCrossingSource_n1x8 |          0 |          0 |       0 |    0 |      5 |      0 |      0 |    0 |          0 |
|           mbus                                 |                                                                  MemoryBus |       1034 |        686 |     348 |    0 |    492 |      0 |      0 |    0 |          0 |
|           pbus                                 |                                                          PeripheryBus_pbus |        837 |        607 |     230 |    0 |    330 |      0 |      0 |    0 |          0 |
|           plic_domain                          |                                                        PLICClockSinkDomain |        134 |        134 |       0 |    0 |    113 |      0 |      0 |    0 |          0 |
|           sbus                                 |                                                                  SystemBus |       1880 |       1536 |     344 |    0 |    964 |      0 |      0 |    0 |          0 |
|           tile_prci_domain                     |                                                             TilePRCIDomain |       6400 |       6059 |     340 |    1 |   2755 |      0 |     10 |    0 |         10 |
|           tlDM                                 |                                                              TLDebugModule |       1163 |       1155 |       8 |    0 |   1230 |      0 |      0 |    0 |          0 |
|           uartClockDomainWrapper               |                                                      TLUARTClockSinkDomain |        130 |        110 |      20 |    0 |    128 |      0 |      0 |    0 |          0 |
|         system_debug_systemjtag_reset_catcher  |                                                       ResetCatchAndSync_d3 |          1 |          1 |       0 |    0 |      3 |      0 |      0 |    0 |          0 |
|           io_sync_reset_chain                  |                                AsyncResetSynchronizerShiftReg_w1_d3_i0_118 |          1 |          1 |       0 |    0 |      3 |      0 |      0 |    0 |          0 |
|     u_si5338top                                |                                                                  si5338top |        534 |        534 |       0 |    0 |    280 |      0 |      2 |    0 |          0 |
|       si5338_inst1                             |                                                                     si5338 |        267 |        267 |       0 |    0 |    140 |      0 |      1 |    0 |          0 |
|         (si5338_inst1)                         |                                                                     si5338 |         25 |         25 |       0 |    0 |     89 |      0 |      1 |    0 |          0 |
|         i2c_master_inst                        |                                                             i2c_master_117 |        243 |        243 |       0 |    0 |     51 |      0 |      0 |    0 |          0 |
|       si5338_inst2                             |                                                     si5338__parameterized0 |        267 |        267 |       0 |    0 |    140 |      0 |      1 |    0 |          0 |
|         (si5338_inst2)                         |                                                     si5338__parameterized0 |         25 |         25 |       0 |    0 |     89 |      0 |      1 |    0 |          0 |
|         i2c_master_inst                        |                                                                 i2c_master |        243 |        243 |       0 |    0 |     51 |      0 |      0 |    0 |          0 |
|   u_ddr_memory                                 |                                                       ddr_memory_subsystem |      51159 |      44608 |    5750 |  801 |  81714 |    189 |      1 |    0 |          8 |
|     (u_ddr_memory)                             |                                                       ddr_memory_subsystem |          0 |          0 |       0 |    0 |      3 |      0 |      0 |    0 |          0 |
|     u_ddr_bd                                   |                                                           design_1_wrapper |      20416 |      18097 |    1518 |  801 |  28268 |     25 |      1 |    0 |          3 |
|       (u_ddr_bd)                               |                                                           design_1_wrapper |         56 |         56 |       0 |    0 |      0 |      0 |      0 |    0 |          0 |
|       design_1_i                               |                                                                   design_1 |      20361 |      18042 |    1518 |  801 |  28268 |     25 |      1 |    0 |          3 |
|         axi_interconnect_0                     |                                              design_1_axi_interconnect_0_0 |       6298 |       5364 |     702 |  232 |   9296 |      0 |      0 |    0 |          0 |
|           s00_couplers                         |                                                    s00_couplers_imp_O7FAN0 |       2331 |       1551 |     702 |   78 |   4714 |      0 |      0 |    0 |          0 |
|           s01_couplers                         |                                                   s01_couplers_imp_1F69D31 |       1524 |       1448 |       0 |   76 |   1841 |      0 |      0 |    0 |          0 |
|           s02_couplers                         |                                                    s02_couplers_imp_N071UN |       1369 |       1293 |       0 |   76 |   1512 |      0 |      0 |    0 |          0 |
|           xbar                                 |                                                            design_1_xbar_0 |       1076 |       1074 |       0 |    2 |   1229 |      0 |      0 |    0 |          0 |
|         ddr4_0                                 |                                                          design_1_ddr4_0_0 |      14037 |      12653 |     816 |  568 |  17737 |     25 |      1 |    0 |          3 |
|           inst                                 |                                                     design_1_ddr4_0_0_ddr4 |      14037 |      12653 |     816 |  568 |  17737 |     25 |      1 |    0 |          3 |
|         m00_full_regslice                      |                                               design_1_m00_full_regslice_0 |         13 |         13 |       0 |    0 |   1189 |      0 |      0 |    0 |          0 |
|           inst                                 | design_1_m00_full_regslice_0_axi_register_slice_v2_1_29_axi_register_slice |         13 |         13 |       0 |    0 |   1189 |      0 |      0 |    0 |          0 |
|         proc_sys_reset_0                       |                                                design_1_proc_sys_reset_0_0 |         13 |         12 |       0 |    1 |     46 |      0 |      0 |    0 |          0 |
|           U0                                   |                                 design_1_proc_sys_reset_0_0_proc_sys_reset |         13 |         12 |       0 |    1 |     46 |      0 |      0 |    0 |          0 |
|     u_video_framebuffer                        |                                           multi_channel_ddr_video_pipeline |      30746 |      26514 |    4232 |    0 |  53443 |    164 |      0 |    0 |          5 |
|       (u_video_framebuffer)                    |                                           multi_channel_ddr_video_pipeline |          5 |          5 |       0 |    0 |    207 |      0 |      0 |    0 |          0 |
|       u_ai_meta_ack_cdc                        |                                                         xpm_cdc_single__19 |          0 |          0 |       0 |    0 |      3 |      0 |      0 |    0 |          0 |
|       u_ai_meta_index_cdc                      |                                    xpm_cdc_array_single__parameterized1__9 |          0 |          0 |       0 |    0 |     12 |      0 |      0 |    0 |          0 |
|       u_ai_meta_payload_cdc                    |                                       xpm_cdc_array_single__parameterized2 |          0 |          0 |       0 |    0 |    576 |      0 |      0 |    0 |          0 |
|       u_ai_meta_req_cdc                        |                                                         xpm_cdc_single__18 |          0 |          0 |       0 |    0 |      3 |      0 |      0 |    0 |          0 |
|       u_ai_release_ack_cdc                     |                                                         xpm_cdc_single__17 |          0 |          0 |       0 |    0 |      3 |      0 |      0 |    0 |          0 |
|       u_ai_release_mask_cdc                    |                                       xpm_cdc_array_single__parameterized0 |          0 |          0 |       0 |    0 |     48 |      0 |      0 |    0 |          0 |
|       u_ai_release_req_cdc                     |                                                         xpm_cdc_single__16 |          0 |          0 |       0 |    0 |      3 |      0 |      0 |    0 |          0 |
|       u_ai_snapshot_ack_cdc                    |                                                         xpm_cdc_single__15 |          0 |          0 |       0 |    0 |      3 |      0 |      0 |    0 |          0 |
|       u_ai_snapshot_req_cdc                    |                                                         xpm_cdc_single__14 |          0 |          0 |       0 |    0 |      3 |      0 |      0 |    0 |          0 |
|       u_ai_snapshot_status_cdc                 |                                       xpm_cdc_array_single__parameterized3 |          0 |          0 |       0 |    0 |    507 |      0 |      0 |    0 |          0 |
|       u_batch_preprocess                       |                                                    batch_preprocess_engine |       1423 |       1423 |       0 |    0 |   1908 |      4 |      0 |    0 |          4 |
|         (u_batch_preprocess)                   |                                                    batch_preprocess_engine |         94 |         94 |       0 |    0 |   1105 |      0 |      0 |    0 |          2 |
|         u_frame_preprocess                     |                                                     frame_preprocess_accel |       1329 |       1329 |       0 |    0 |    803 |      4 |      0 |    0 |          2 |
|       u_control                                |                                             multi_channel_framebuffer_ctrl |       4459 |       4459 |       0 |    0 |   1444 |      0 |      0 |    0 |          0 |
|       u_drop_count_cdc                         |                                    xpm_cdc_array_single__parameterized8__4 |          0 |          0 |       0 |    0 |   1536 |      0 |      0 |    0 |          0 |
|       u_hdmi_diag_cdc                          |                                       xpm_cdc_array_single__parameterized9 |          0 |          0 |       0 |    0 |    960 |      0 |      0 |    0 |          0 |
|       u_hdmi_enable_cdc                        |                                                         xpm_cdc_single__13 |          0 |          0 |       0 |    0 |      3 |      0 |      0 |    0 |          0 |
|       u_malformed_count_cdc                    |                                       xpm_cdc_array_single__parameterized8 |          0 |          0 |       0 |    0 |   1536 |      0 |      0 |    0 |          0 |
|       u_manager                                |                                                multi_channel_frame_manager |      10591 |       9951 |     640 |    0 |  18370 |      0 |      0 |    0 |          0 |
|       u_overlay_commit_ack_cdc                 |                                                             xpm_cdc_single |          0 |          0 |       0 |    0 |      3 |      0 |      0 |    0 |          0 |
|       u_overlay_commit_req_cdc                 |                                                         xpm_cdc_single__24 |          0 |          0 |       0 |    0 |      3 |      0 |      0 |    0 |          0 |
|       u_overlay_payload_cdc                    |                                       xpm_cdc_array_single__parameterized6 |          0 |          0 |       0 |    0 |   1152 |      0 |      0 |    0 |          0 |
|       u_preprocess_config_cdc                  |                                                       xpm_cdc_array_single |          0 |          0 |       0 |    0 |    387 |      0 |      0 |    0 |          0 |
|       u_preprocess_recycle_ack_cdc             |                                                         xpm_cdc_single__23 |          0 |          0 |       0 |    0 |      3 |      0 |      0 |    0 |          0 |
|       u_preprocess_recycle_mask_cdc            |                                       xpm_cdc_array_single__parameterized4 |          0 |          0 |       0 |    0 |      6 |      0 |      0 |    0 |          0 |
|       u_preprocess_recycle_req_cdc             |                                                         xpm_cdc_single__22 |          0 |          0 |       0 |    0 |      3 |      0 |      0 |    0 |          0 |
|       u_preprocess_start_ack_cdc               |                                                         xpm_cdc_single__21 |          0 |          0 |       0 |    0 |      3 |      0 |      0 |    0 |          0 |
|       u_preprocess_start_req_cdc               |                                                         xpm_cdc_single__20 |          0 |          0 |       0 |    0 |      3 |      0 |      0 |    0 |          0 |
|       u_preprocess_status_cdc                  |                                       xpm_cdc_array_single__parameterized5 |          0 |          0 |       0 |    0 |   1289 |      0 |      0 |    0 |          0 |
|       u_reader                                 |                                                   display_reader_subsystem |       9089 |       5553 |    3536 |    0 |  14495 |     32 |      0 |    0 |          1 |
|         (u_reader)                             |                                                   display_reader_subsystem |          0 |          0 |       0 |    0 |      5 |      0 |      0 |    0 |          0 |
|         u_detection_overlay                    |                                                          detection_overlay |       2705 |       2705 |       0 |    0 |  12449 |      0 |      0 |    0 |          0 |
|         u_full_reader                          |                                                           ddr_frame_reader |        669 |        661 |       8 |    0 |    696 |     28 |      0 |    0 |          0 |
|           (u_full_reader)                      |                                                           ddr_frame_reader |        567 |        559 |       8 |    0 |    617 |      0 |      0 |    0 |          0 |
|           u_read_fifo                          |                                              xpm_fifo_sync__parameterized0 |        102 |        102 |       0 |    0 |     79 |     28 |      0 |    0 |          0 |
|         u_mosaic_reader                        |                                                        mosaic_frame_reader |       5718 |       2190 |    3528 |    0 |   1345 |      4 |      0 |    0 |          1 |
|           (u_mosaic_reader)                    |                                                        mosaic_frame_reader |       5650 |       2122 |    3528 |    0 |   1284 |      0 |      0 |    0 |          1 |
|           u_axi_read_fifo                      |                                              xpm_fifo_sync__parameterized1 |         68 |         68 |       0 |    0 |     61 |      4 |      0 |    0 |          0 |
|       u_status_cdc                             |                                    xpm_cdc_array_single__parameterized7__9 |          0 |          0 |       0 |    0 |    477 |      0 |      0 |    0 |          0 |
|       u_writer                                 |                                                    multi_channel_video_dma |       5187 |       5131 |      56 |    0 |   6276 |    128 |      0 |    0 |          0 |
|         (u_writer)                             |                                                    multi_channel_video_dma |       2368 |       2312 |      56 |    0 |   2310 |      0 |      0 |    0 |          0 |
|         g_channels[0].u_fifo                   |                                              channel_write_fifo__xdcDup__1 |         95 |         95 |       0 |    0 |    246 |      8 |      0 |    0 |          0 |
|           (g_channels[0].u_fifo)               |                                              channel_write_fifo__xdcDup__1 |         20 |         20 |       0 |    0 |    180 |      0 |      0 |    0 |          0 |
|           u_fifo                               |                                                          xpm_fifo_sync__28 |         75 |         75 |       0 |    0 |     66 |      8 |      0 |    0 |          0 |
|         g_channels[10].u_fifo                  |                                             channel_write_fifo__xdcDup__11 |        102 |        102 |       0 |    0 |    245 |      8 |      0 |    0 |          0 |
|           (g_channels[10].u_fifo)              |                                             channel_write_fifo__xdcDup__11 |         27 |         27 |       0 |    0 |    180 |      0 |      0 |    0 |          0 |
|           u_fifo                               |                                                          xpm_fifo_sync__18 |         75 |         75 |       0 |    0 |     65 |      8 |      0 |    0 |          0 |
|         g_channels[11].u_fifo                  |                                             channel_write_fifo__xdcDup__12 |        426 |        426 |       0 |    0 |    268 |      8 |      0 |    0 |          0 |
|           (g_channels[11].u_fifo)              |                                             channel_write_fifo__xdcDup__12 |        350 |        350 |       0 |    0 |    202 |      0 |      0 |    0 |          0 |
|           u_fifo                               |                                                          xpm_fifo_sync__17 |         76 |         76 |       0 |    0 |     66 |      8 |      0 |    0 |          0 |
|         g_channels[12].u_fifo                  |                                             channel_write_fifo__xdcDup__13 |         98 |         98 |       0 |    0 |    246 |      8 |      0 |    0 |          0 |
|           (g_channels[12].u_fifo)              |                                             channel_write_fifo__xdcDup__13 |         24 |         24 |       0 |    0 |    180 |      0 |      0 |    0 |          0 |
|           u_fifo                               |                                                          xpm_fifo_sync__16 |         74 |         74 |       0 |    0 |     66 |      8 |      0 |    0 |          0 |
|         g_channels[13].u_fifo                  |                                             channel_write_fifo__xdcDup__14 |         98 |         98 |       0 |    0 |    246 |      8 |      0 |    0 |          0 |
|           (g_channels[13].u_fifo)              |                                             channel_write_fifo__xdcDup__14 |         23 |         23 |       0 |    0 |    180 |      0 |      0 |    0 |          0 |
|           u_fifo                               |                                                          xpm_fifo_sync__29 |         75 |         75 |       0 |    0 |     66 |      8 |      0 |    0 |          0 |
|         g_channels[14].u_fifo                  |                                             channel_write_fifo__xdcDup__15 |         96 |         96 |       0 |    0 |    244 |      8 |      0 |    0 |          0 |
|           (g_channels[14].u_fifo)              |                                             channel_write_fifo__xdcDup__15 |         21 |         21 |       0 |    0 |    180 |      0 |      0 |    0 |          0 |
|           u_fifo                               |                                                              xpm_fifo_sync |         75 |         75 |       0 |    0 |     64 |      8 |      0 |    0 |          0 |
|         g_channels[15].u_fifo                  |                                                         channel_write_fifo |        392 |        392 |       0 |    0 |    246 |      8 |      0 |    0 |          0 |
|           (g_channels[15].u_fifo)              |                                                         channel_write_fifo |        317 |        317 |       0 |    0 |    180 |      0 |      0 |    0 |          0 |
|           u_fifo                               |                                                          xpm_fifo_sync__30 |         75 |         75 |       0 |    0 |     66 |      8 |      0 |    0 |          0 |
|         g_channels[1].u_fifo                   |                                              channel_write_fifo__xdcDup__2 |        101 |        101 |       0 |    0 |    250 |      8 |      0 |    0 |          0 |
|           (g_channels[1].u_fifo)               |                                              channel_write_fifo__xdcDup__2 |         26 |         26 |       0 |    0 |    180 |      0 |      0 |    0 |          0 |
|           u_fifo                               |                                                          xpm_fifo_sync__27 |         75 |         75 |       0 |    0 |     70 |      8 |      0 |    0 |          0 |
|         g_channels[2].u_fifo                   |                                              channel_write_fifo__xdcDup__3 |         99 |         99 |       0 |    0 |    246 |      8 |      0 |    0 |          0 |
|           (g_channels[2].u_fifo)               |                                              channel_write_fifo__xdcDup__3 |         24 |         24 |       0 |    0 |    180 |      0 |      0 |    0 |          0 |
|           u_fifo                               |                                                          xpm_fifo_sync__26 |         75 |         75 |       0 |    0 |     66 |      8 |      0 |    0 |          0 |
|         g_channels[3].u_fifo                   |                                              channel_write_fifo__xdcDup__4 |        427 |        427 |       0 |    0 |    246 |      8 |      0 |    0 |          0 |
|           (g_channels[3].u_fifo)               |                                              channel_write_fifo__xdcDup__4 |        352 |        352 |       0 |    0 |    180 |      0 |      0 |    0 |          0 |
|           u_fifo                               |                                                          xpm_fifo_sync__25 |         75 |         75 |       0 |    0 |     66 |      8 |      0 |    0 |          0 |
|         g_channels[4].u_fifo                   |                                              channel_write_fifo__xdcDup__5 |        100 |        100 |       0 |    0 |    246 |      8 |      0 |    0 |          0 |
|           (g_channels[4].u_fifo)               |                                              channel_write_fifo__xdcDup__5 |         25 |         25 |       0 |    0 |    180 |      0 |      0 |    0 |          0 |
|           u_fifo                               |                                                          xpm_fifo_sync__24 |         75 |         75 |       0 |    0 |     66 |      8 |      0 |    0 |          0 |
|         g_channels[5].u_fifo                   |                                              channel_write_fifo__xdcDup__6 |         99 |         99 |       0 |    0 |    246 |      8 |      0 |    0 |          0 |
|           (g_channels[5].u_fifo)               |                                              channel_write_fifo__xdcDup__6 |         24 |         24 |       0 |    0 |    180 |      0 |      0 |    0 |          0 |
|           u_fifo                               |                                                          xpm_fifo_sync__23 |         75 |         75 |       0 |    0 |     66 |      8 |      0 |    0 |          0 |
|         g_channels[6].u_fifo                   |                                              channel_write_fifo__xdcDup__7 |         97 |         97 |       0 |    0 |    246 |      8 |      0 |    0 |          0 |
|           (g_channels[6].u_fifo)               |                                              channel_write_fifo__xdcDup__7 |         21 |         21 |       0 |    0 |    180 |      0 |      0 |    0 |          0 |
|           u_fifo                               |                                                          xpm_fifo_sync__22 |         76 |         76 |       0 |    0 |     66 |      8 |      0 |    0 |          0 |
|         g_channels[7].u_fifo                   |                                              channel_write_fifo__xdcDup__8 |        393 |        393 |       0 |    0 |    246 |      8 |      0 |    0 |          0 |
|           (g_channels[7].u_fifo)               |                                              channel_write_fifo__xdcDup__8 |        318 |        318 |       0 |    0 |    180 |      0 |      0 |    0 |          0 |
|           u_fifo                               |                                                          xpm_fifo_sync__21 |         75 |         75 |       0 |    0 |     66 |      8 |      0 |    0 |          0 |
|         g_channels[8].u_fifo                   |                                              channel_write_fifo__xdcDup__9 |        100 |        100 |       0 |    0 |    246 |      8 |      0 |    0 |          0 |
|           (g_channels[8].u_fifo)               |                                              channel_write_fifo__xdcDup__9 |         26 |         26 |       0 |    0 |    180 |      0 |      0 |    0 |          0 |
|           u_fifo                               |                                                          xpm_fifo_sync__20 |         74 |         74 |       0 |    0 |     66 |      8 |      0 |    0 |          0 |
|         g_channels[9].u_fifo                   |                                             channel_write_fifo__xdcDup__10 |        100 |        100 |       0 |    0 |    253 |      8 |      0 |    0 |          0 |
|           (g_channels[9].u_fifo)               |                                             channel_write_fifo__xdcDup__10 |         26 |         26 |       0 |    0 |    182 |      0 |      0 |    0 |          0 |
|           u_fifo                               |                                                          xpm_fifo_sync__19 |         74 |         74 |       0 |    0 |     71 |      8 |      0 |    0 |          0 |
|       u_writer_count_cdc                       |                                    xpm_cdc_array_single__parameterized8__3 |          0 |          0 |       0 |    0 |   1536 |      0 |      0 |    0 |          0 |
|       u_writer_perf_cdc                        |                                  xpm_cdc_array_single__parameterized10__17 |          0 |          0 |       0 |    0 |    682 |      0 |      0 |    0 |          0 |
+------------------------------------------------+----------------------------------------------------------------------------+------------+------------+---------+------+--------+--------+--------+------+------------+
* Note: The sum of lower-level cells may be larger than their parent cells total, due to cross-hierarchy LUT combining


